Component: ARM Compiler 5.06 update 6 (build 750) Tool: armlink [4d35ed]

==============================================================================

Section Cross References

    app.o(i.tInitApp) refers to ttask.o(i.tTaskInit) for tTaskInit
    app.o(i.tInitApp) refers to app.o(.bss) for task1Env
    app.o(i.tInitApp) refers to app.o(i.task1Entry) for task1Entry
    app.o(i.tInitApp) refers to app.o(i.task2Entry) for task2Entry
    app.o(i.tInitApp) refers to app.o(i.task3Entry) for task3Entry
    app.o(i.tInitApp) refers to app.o(i.task4Entry) for task4Entry
    app.o(i.task1Entry) refers to ttime.o(i.tTaskDelay) for tTaskDelay
    app.o(i.task1Entry) refers to app.o(.data) for task1Flag
    app.o(i.task2Entry) refers to ttime.o(i.tTaskDelay) for tTaskDelay
    app.o(i.task2Entry) refers to app.o(.data) for task2Flag
    app.o(i.task3Entry) refers to ttime.o(i.tTaskDelay) for tTaskDelay
    app.o(i.task3Entry) refers to app.o(.data) for task3Flag
    app.o(i.task4Entry) refers to ttime.o(i.tTaskDelay) for tTaskDelay
    app.o(i.task4Entry) refers to app.o(.data) for task4Flag
    main.o(i.idleTaskEntry) refers to main.o(i.tTaskSchedDisable) for tTaskSchedDisable
    main.o(i.idleTaskEntry) refers to app.o(i.tInitApp) for tInitApp
    main.o(i.idleTaskEntry) refers to tcpu.o(i.tSetSysTickPeriod) for tSetSysTickPeriod
    main.o(i.idleTaskEntry) refers to main.o(i.tTaskSchedEnable) for tTaskSchedEnable
    main.o(i.idleTaskEntry) refers to switch.o(i.tTaskEnterCritical) for tTaskEnterCritical
    main.o(i.idleTaskEntry) refers to switch.o(i.tTaskExitCritical) for tTaskExitCritical
    main.o(i.idleTaskEntry) refers to thooks.o(i.tHooksCpuIdle) for tHooksCpuIdle
    main.o(i.idleTaskEntry) refers to main.o(.data) for idleCount
    main.o(i.main) refers to main.o(i.tTaskSchedInit) for tTaskSchedInit
    main.o(i.main) refers to main.o(i.tTaskDelayedInit) for tTaskDelayedInit
    main.o(i.main) refers to main.o(i.tTimeTickInit) for tTimeTickInit
    main.o(i.main) refers to ttask.o(i.tTaskInit) for tTaskInit
    main.o(i.main) refers to main.o(i.tTaskHighestReady) for tTaskHighestReady
    main.o(i.main) refers to switch.o(i.tTaskRunFirst) for tTaskRunFirst
    main.o(i.main) refers to main.o(.bss) for idleTaskEnv
    main.o(i.main) refers to main.o(i.idleTaskEntry) for idleTaskEntry
    main.o(i.main) refers to main.o(.data) for nextTask
    main.o(i.tTaskDelayedInit) refers to tlist.o(i.tListInit) for tListInit
    main.o(i.tTaskDelayedInit) refers to main.o(.bss) for tTaskDelayedList
    main.o(i.tTaskHighestReady) refers to tbitmap.o(i.tBitmapGetFirstSet) for tBitmapGetFirstSet
    main.o(i.tTaskHighestReady) refers to tlist.o(i.tListFirst) for tListFirst
    main.o(i.tTaskHighestReady) refers to main.o(.data) for taskPrioBitmap
    main.o(i.tTaskHighestReady) refers to main.o(.bss) for taskTable
    main.o(i.tTaskSched) refers to switch.o(i.tTaskEnterCritical) for tTaskEnterCritical
    main.o(i.tTaskSched) refers to switch.o(i.tTaskExitCritical) for tTaskExitCritical
    main.o(i.tTaskSched) refers to main.o(i.tTaskHighestReady) for tTaskHighestReady
    main.o(i.tTaskSched) refers to thooks.o(i.tHooksTaskSwitch) for tHooksTaskSwitch
    main.o(i.tTaskSched) refers to switch.o(i.tTaskSwitch) for tTaskSwitch
    main.o(i.tTaskSched) refers to main.o(.data) for schedLockCount
    main.o(i.tTaskSchedDisable) refers to switch.o(i.tTaskEnterCritical) for tTaskEnterCritical
    main.o(i.tTaskSchedDisable) refers to switch.o(i.tTaskExitCritical) for tTaskExitCritical
    main.o(i.tTaskSchedDisable) refers to main.o(.data) for schedLockCount
    main.o(i.tTaskSchedEnable) refers to switch.o(i.tTaskEnterCritical) for tTaskEnterCritical
    main.o(i.tTaskSchedEnable) refers to main.o(i.tTaskSched) for tTaskSched
    main.o(i.tTaskSchedEnable) refers to switch.o(i.tTaskExitCritical) for tTaskExitCritical
    main.o(i.tTaskSchedEnable) refers to main.o(.data) for schedLockCount
    main.o(i.tTaskSchedInit) refers to tbitmap.o(i.tBitmapInit) for tBitmapInit
    main.o(i.tTaskSchedInit) refers to tlist.o(i.tListInit) for tListInit
    main.o(i.tTaskSchedInit) refers to main.o(.data) for schedLockCount
    main.o(i.tTaskSchedInit) refers to main.o(.bss) for taskTable
    main.o(i.tTaskSchedRdy) refers to tlist.o(i.tListAddLast) for tListAddLast
    main.o(i.tTaskSchedRdy) refers to tbitmap.o(i.tBitmapSet) for tBitmapSet
    main.o(i.tTaskSchedRdy) refers to main.o(.bss) for taskTable
    main.o(i.tTaskSchedRdy) refers to main.o(.data) for taskPrioBitmap
    main.o(i.tTaskSchedRemove) refers to tlist.o(i.tListRemove) for tListRemove
    main.o(i.tTaskSchedRemove) refers to tlist.o(i.tListCount) for tListCount
    main.o(i.tTaskSchedRemove) refers to tbitmap.o(i.tBitmapClear) for tBitmapClear
    main.o(i.tTaskSchedRemove) refers to main.o(.bss) for taskTable
    main.o(i.tTaskSchedRemove) refers to main.o(.data) for taskPrioBitmap
    main.o(i.tTaskSchedUnRdy) refers to tlist.o(i.tListRemove) for tListRemove
    main.o(i.tTaskSchedUnRdy) refers to tlist.o(i.tListCount) for tListCount
    main.o(i.tTaskSchedUnRdy) refers to tbitmap.o(i.tBitmapClear) for tBitmapClear
    main.o(i.tTaskSchedUnRdy) refers to main.o(.bss) for taskTable
    main.o(i.tTaskSchedUnRdy) refers to main.o(.data) for taskPrioBitmap
    main.o(i.tTaskSystemTickHandler) refers to switch.o(i.tTaskEnterCritical) for tTaskEnterCritical
    main.o(i.tTaskSystemTickHandler) refers to tevent.o(i.tEventRemoveTask) for tEventRemoveTask
    main.o(i.tTaskSystemTickHandler) refers to main.o(i.tTimeTaskWakeUp) for tTimeTaskWakeUp
    main.o(i.tTaskSystemTickHandler) refers to main.o(i.tTaskSchedRdy) for tTaskSchedRdy
    main.o(i.tTaskSystemTickHandler) refers to tlist.o(i.tListCount) for tListCount
    main.o(i.tTaskSystemTickHandler) refers to tlist.o(i.tListRemoveFirst) for tListRemoveFirst
    main.o(i.tTaskSystemTickHandler) refers to tlist.o(i.tListAddLast) for tListAddLast
    main.o(i.tTaskSystemTickHandler) refers to switch.o(i.tTaskExitCritical) for tTaskExitCritical
    main.o(i.tTaskSystemTickHandler) refers to thooks.o(i.tHooksSysTick) for tHooksSysTick
    main.o(i.tTaskSystemTickHandler) refers to main.o(i.tTaskSched) for tTaskSched
    main.o(i.tTaskSystemTickHandler) refers to main.o(.bss) for tTaskDelayedList
    main.o(i.tTaskSystemTickHandler) refers to main.o(.data) for currentTask
    main.o(i.tTimeTaskRemove) refers to tlist.o(i.tListRemove) for tListRemove
    main.o(i.tTimeTaskRemove) refers to main.o(.bss) for tTaskDelayedList
    main.o(i.tTimeTaskWait) refers to tlist.o(i.tListAddLast) for tListAddLast
    main.o(i.tTimeTaskWait) refers to main.o(.bss) for tTaskDelayedList
    main.o(i.tTimeTaskWakeUp) refers to tlist.o(i.tListRemove) for tListRemove
    main.o(i.tTimeTaskWakeUp) refers to main.o(.bss) for tTaskDelayedList
    main.o(i.tTimeTickInit) refers to main.o(.data) for tickCount
    switch.o(.emb_text) refers to switch.o(i.saveAndLoadStackAddr) for saveAndLoadStackAddr
    switch.o(i.saveAndLoadStackAddr) refers to main.o(.data) for currentTask
    switch.o(i.tTaskStackInit) refers to rt_memclr.o(.text) for __aeabi_memclr4
    tbitmap.o(i.tBitmapGetFirstSet) refers to tbitmap.o(i.tBitmapPosCount) for tBitmapPosCount
    tbitmap.o(i.tBitmapGetFirstSet) refers to tbitmap.o(.constdata) for quickFindTable
    tcpu.o(i.SysTick_Handler) refers to main.o(i.tTaskSystemTickHandler) for tTaskSystemTickHandler
    tcpu.o(i.tSetSysTickPeriod) refers to aeabi_sdiv.o(.text) for __aeabi_uidivmod
    tcpu.o(i.tSetSysTickPeriod) refers to tcpu.o(i.__NVIC_SetPriority) for __NVIC_SetPriority
    tcpu.o(i.tSetSysTickPeriod) refers to system_armcm0.o(.data) for SystemCoreClock
    tevent.o(i.tEventInit) refers to tlist.o(i.tListInit) for tListInit
    tevent.o(i.tEventRemoveAll) refers to switch.o(i.tTaskEnterCritical) for tTaskEnterCritical
    tevent.o(i.tEventRemoveAll) refers to tlist.o(i.tListCount) for tListCount
    tevent.o(i.tEventRemoveAll) refers to main.o(i.tTimeTaskWakeUp) for tTimeTaskWakeUp
    tevent.o(i.tEventRemoveAll) refers to main.o(i.tTaskSchedRdy) for tTaskSchedRdy
    tevent.o(i.tEventRemoveAll) refers to tlist.o(i.tListRemoveFirst) for tListRemoveFirst
    tevent.o(i.tEventRemoveAll) refers to switch.o(i.tTaskExitCritical) for tTaskExitCritical
    tevent.o(i.tEventRemoveTask) refers to switch.o(i.tTaskEnterCritical) for tTaskEnterCritical
    tevent.o(i.tEventRemoveTask) refers to tlist.o(i.tListRemove) for tListRemove
    tevent.o(i.tEventRemoveTask) refers to switch.o(i.tTaskExitCritical) for tTaskExitCritical
    tevent.o(i.tEventWait) refers to switch.o(i.tTaskEnterCritical) for tTaskEnterCritical
    tevent.o(i.tEventWait) refers to main.o(i.tTaskSchedUnRdy) for tTaskSchedUnRdy
    tevent.o(i.tEventWait) refers to tlist.o(i.tListAddLast) for tListAddLast
    tevent.o(i.tEventWait) refers to main.o(i.tTimeTaskWait) for tTimeTaskWait
    tevent.o(i.tEventWait) refers to switch.o(i.tTaskExitCritical) for tTaskExitCritical
    tevent.o(i.tEventWaitCount) refers to switch.o(i.tTaskEnterCritical) for tTaskEnterCritical
    tevent.o(i.tEventWaitCount) refers to tlist.o(i.tListCount) for tListCount
    tevent.o(i.tEventWaitCount) refers to switch.o(i.tTaskExitCritical) for tTaskExitCritical
    tevent.o(i.tEventWakeUp) refers to switch.o(i.tTaskEnterCritical) for tTaskEnterCritical
    tevent.o(i.tEventWakeUp) refers to tlist.o(i.tListRemoveFirst) for tListRemoveFirst
    tevent.o(i.tEventWakeUp) refers to main.o(i.tTimeTaskWakeUp) for tTimeTaskWakeUp
    tevent.o(i.tEventWakeUp) refers to main.o(i.tTaskSchedRdy) for tTaskSchedRdy
    tevent.o(i.tEventWakeUp) refers to switch.o(i.tTaskExitCritical) for tTaskExitCritical
    tevent.o(i.tEventWakeUpTask) refers to switch.o(i.tTaskEnterCritical) for tTaskEnterCritical
    tevent.o(i.tEventWakeUpTask) refers to tlist.o(i.tListRemove) for tListRemove
    tevent.o(i.tEventWakeUpTask) refers to main.o(i.tTimeTaskWakeUp) for tTimeTaskWakeUp
    tevent.o(i.tEventWakeUpTask) refers to main.o(i.tTaskSchedRdy) for tTaskSchedRdy
    tevent.o(i.tEventWakeUpTask) refers to switch.o(i.tTaskExitCritical) for tTaskExitCritical
    ttask.o(i.tTaskDeleteSelf) refers to switch.o(i.tTaskEnterCritical) for tTaskEnterCritical
    ttask.o(i.tTaskDeleteSelf) refers to main.o(i.tTaskSchedRemove) for tTaskSchedRemove
    ttask.o(i.tTaskDeleteSelf) refers to main.o(i.tTaskSched) for tTaskSched
    ttask.o(i.tTaskDeleteSelf) refers to switch.o(i.tTaskExitCritical) for tTaskExitCritical
    ttask.o(i.tTaskDeleteSelf) refers to main.o(.data) for currentTask
    ttask.o(i.tTaskForceDelete) refers to switch.o(i.tTaskEnterCritical) for tTaskEnterCritical
    ttask.o(i.tTaskForceDelete) refers to main.o(i.tTimeTaskRemove) for tTimeTaskRemove
    ttask.o(i.tTaskForceDelete) refers to main.o(i.tTaskSchedRemove) for tTaskSchedRemove
    ttask.o(i.tTaskForceDelete) refers to main.o(i.tTaskSched) for tTaskSched
    ttask.o(i.tTaskForceDelete) refers to switch.o(i.tTaskExitCritical) for tTaskExitCritical
    ttask.o(i.tTaskForceDelete) refers to main.o(.data) for currentTask
    ttask.o(i.tTaskGetInfo) refers to switch.o(i.tTaskEnterCritical) for tTaskEnterCritical
    ttask.o(i.tTaskGetInfo) refers to switch.o(i.tTaskExitCritical) for tTaskExitCritical
    ttask.o(i.tTaskInit) refers to switch.o(i.tTaskStackInit) for tTaskStackInit
    ttask.o(i.tTaskInit) refers to tlist.o(i.tNodeInit) for tNodeInit
    ttask.o(i.tTaskInit) refers to main.o(i.tTaskSchedRdy) for tTaskSchedRdy
    ttask.o(i.tTaskInit) refers to thooks.o(i.tHooksTaskInit) for tHooksTaskInit
    ttask.o(i.tTaskIsRequestedDelete) refers to switch.o(i.tTaskEnterCritical) for tTaskEnterCritical
    ttask.o(i.tTaskIsRequestedDelete) refers to switch.o(i.tTaskExitCritical) for tTaskExitCritical
    ttask.o(i.tTaskIsRequestedDelete) refers to main.o(.data) for currentTask
    ttask.o(i.tTaskRequestDelete) refers to switch.o(i.tTaskEnterCritical) for tTaskEnterCritical
    ttask.o(i.tTaskRequestDelete) refers to switch.o(i.tTaskExitCritical) for tTaskExitCritical
    ttask.o(i.tTaskSuspend) refers to switch.o(i.tTaskEnterCritical) for tTaskEnterCritical
    ttask.o(i.tTaskSuspend) refers to main.o(i.tTaskSchedUnRdy) for tTaskSchedUnRdy
    ttask.o(i.tTaskSuspend) refers to main.o(i.tTaskSched) for tTaskSched
    ttask.o(i.tTaskSuspend) refers to switch.o(i.tTaskExitCritical) for tTaskExitCritical
    ttask.o(i.tTaskSuspend) refers to main.o(.data) for currentTask
    ttask.o(i.tTaskWakeUp) refers to switch.o(i.tTaskEnterCritical) for tTaskEnterCritical
    ttask.o(i.tTaskWakeUp) refers to main.o(i.tTaskSchedRdy) for tTaskSchedRdy
    ttask.o(i.tTaskWakeUp) refers to main.o(i.tTaskSched) for tTaskSched
    ttask.o(i.tTaskWakeUp) refers to switch.o(i.tTaskExitCritical) for tTaskExitCritical
    ttime.o(i.tTaskDelay) refers to switch.o(i.tTaskEnterCritical) for tTaskEnterCritical
    ttime.o(i.tTaskDelay) refers to main.o(i.tTimeTaskWait) for tTimeTaskWait
    ttime.o(i.tTaskDelay) refers to main.o(i.tTaskSchedUnRdy) for tTaskSchedUnRdy
    ttime.o(i.tTaskDelay) refers to main.o(i.tTaskSched) for tTaskSched
    ttime.o(i.tTaskDelay) refers to switch.o(i.tTaskExitCritical) for tTaskExitCritical
    ttime.o(i.tTaskDelay) refers to main.o(.data) for currentTask
    startup_armcm0.o(STACK) refers (Special) to heapauxi.o(.text) for __use_two_region_memory
    startup_armcm0.o(HEAP) refers (Special) to heapauxi.o(.text) for __use_two_region_memory
    startup_armcm0.o(RESET) refers (Special) to heapauxi.o(.text) for __use_two_region_memory
    startup_armcm0.o(RESET) refers to startup_armcm0.o(STACK) for __initial_sp
    startup_armcm0.o(RESET) refers to startup_armcm0.o(.text) for Reset_Handler
    startup_armcm0.o(RESET) refers to switch.o(.emb_text) for PendSV_Handler
    startup_armcm0.o(RESET) refers to tcpu.o(i.SysTick_Handler) for SysTick_Handler
    startup_armcm0.o(.text) refers (Special) to heapauxi.o(.text) for __use_two_region_memory
    startup_armcm0.o(.text) refers to system_armcm0.o(i.SystemInit) for SystemInit
    startup_armcm0.o(.text) refers to __main.o(!!!main) for __main
    system_armcm0.o(i.SystemCoreClockUpdate) refers to system_armcm0.o(.data) for SystemCoreClock
    system_armcm0.o(i.SystemInit) refers to system_armcm0.o(.data) for SystemCoreClock
    __main.o(!!!main) refers to __rtentry.o(.ARM.Collect$$rtentry$$00000000) for __rt_entry
    __rtentry.o(.ARM.Collect$$rtentry$$00000000) refers (Special) to __rtentry2.o(.ARM.Collect$$rtentry$$0000000A) for __rt_entry_li
    __rtentry.o(.ARM.Collect$$rtentry$$00000000) refers (Special) to __rtentry2.o(.ARM.Collect$$rtentry$$0000000D) for __rt_entry_main
    __rtentry.o(.ARM.Collect$$rtentry$$00000000) refers (Special) to __rtentry2.o(.ARM.Collect$$rtentry$$0000000C) for __rt_entry_postli_1
    __rtentry.o(.ARM.Collect$$rtentry$$00000000) refers (Special) to __rtentry2.o(.ARM.Collect$$rtentry$$00000009) for __rt_entry_postsh_1
    __rtentry.o(.ARM.Collect$$rtentry$$00000000) refers (Special) to __rtentry2.o(.ARM.Collect$$rtentry$$00000002) for __rt_entry_presh_1
    __rtentry.o(.ARM.Collect$$rtentry$$00000000) refers (Special) to __rtentry5.o(.ARM.Collect$$rtentry$$00000005) for __rt_entry_sh
    aeabi_idiv0_sigfpe.o(.text) refers to rt_div0.o(.text) for __rt_div0
    __rtentry2.o(.ARM.Collect$$rtentry$$00000008) refers to boardinit2.o(.text) for _platform_post_stackheap_init
    __rtentry2.o(.ARM.Collect$$rtentry$$0000000A) refers to libinit.o(.ARM.Collect$$libinit$$00000000) for __rt_lib_init
    __rtentry2.o(.ARM.Collect$$rtentry$$0000000B) refers to boardinit3.o(.text) for _platform_post_lib_init
    __rtentry2.o(.ARM.Collect$$rtentry$$0000000D) refers to main.o(i.main) for main
    __rtentry2.o(.ARM.Collect$$rtentry$$0000000D) refers to exit.o(.text) for exit
    __rtentry2.o(.ARM.exidx) refers to __rtentry2.o(.ARM.Collect$$rtentry$$00000001) for .ARM.Collect$$rtentry$$00000001
    __rtentry2.o(.ARM.exidx) refers to __rtentry2.o(.ARM.Collect$$rtentry$$00000008) for .ARM.Collect$$rtentry$$00000008
    __rtentry2.o(.ARM.exidx) refers to __rtentry2.o(.ARM.Collect$$rtentry$$0000000A) for .ARM.Collect$$rtentry$$0000000A
    __rtentry2.o(.ARM.exidx) refers to __rtentry2.o(.ARM.Collect$$rtentry$$0000000B) for .ARM.Collect$$rtentry$$0000000B
    __rtentry2.o(.ARM.exidx) refers to __rtentry2.o(.ARM.Collect$$rtentry$$0000000D) for .ARM.Collect$$rtentry$$0000000D
    __rtentry4.o(.ARM.Collect$$rtentry$$00000004) refers to sys_stackheap_outer.o(.text) for __user_setup_stackheap
    __rtentry4.o(.ARM.exidx) refers to __rtentry4.o(.ARM.Collect$$rtentry$$00000004) for .ARM.Collect$$rtentry$$00000004
    __rtentry5.o(.ARM.Collect$$rtentry$$00000005) refers to __rtentry5.o(.ARM.Collect$$rtentry$$00002716) for __lit__00000000
    __rtentry5.o(.ARM.Collect$$rtentry$$00002716) refers to startup_armcm0.o(STACK) for __initial_sp
    __rtentry5.o(__vectab_stack_and_reset_sym_area) refers to startup_armcm0.o(STACK) for __initial_sp
    __rtentry5.o(__vectab_stack_and_reset_sym_area) refers to __main.o(!!!main) for __main
    __rtentry5.o(.ARM.exidx) refers to __rtentry5.o(.ARM.Collect$$rtentry$$00000005) for .ARM.Collect$$rtentry$$00000005
    __rtentry5.o(.ARM.exidx) refers to __rtentry5.o(.ARM.Collect$$rtentry$$00002716) for .ARM.Collect$$rtentry$$00002716
    rt_div0.o(.text) refers to defsig_fpe_outer.o(.text) for __rt_SIGFPE
    sys_stackheap_outer.o(.text) refers to libspace.o(.text) for __user_perproc_libspace
    sys_stackheap_outer.o(.text) refers to sys_stackheap.o(.text) for __user_initial_stackheap
    sys_stackheap_outer.o(__vectab_stack_and_reset_area) refers to tempstk.o(.text) for __temporary_stack_top
    sys_stackheap_outer.o(__vectab_stack_and_reset_area) refers to __main.o(!!!main) for __main
    exit.o(.text) refers to rtexit.o(.ARM.Collect$$rtexit$$00000000) for __rt_exit
    defsig_fpe_outer.o(.text) refers to defsig_fpe_inner.o(.text) for __rt_SIGFPE_inner
    defsig_fpe_outer.o(.text) refers to defsig_exit.o(.text) for __sig_exit
    defsig_fpe_formal.o(.text) refers to rt_raise.o(.text) for __rt_raise
    libinit.o(.ARM.Collect$$libinit$$00000000) refers (Special) to libinit2.o(.ARM.Collect$$libinit$$0000002E) for __rt_lib_init_alloca_1
    libinit.o(.ARM.Collect$$libinit$$00000000) refers (Special) to libinit2.o(.ARM.Collect$$libinit$$0000002C) for __rt_lib_init_argv_1
    libinit.o(.ARM.Collect$$libinit$$00000000) refers (Special) to libinit2.o(.ARM.Collect$$libinit$$0000001B) for __rt_lib_init_atexit_1
    libinit.o(.ARM.Collect$$libinit$$00000000) refers (Special) to libinit2.o(.ARM.Collect$$libinit$$00000021) for __rt_lib_init_clock_1
    libinit.o(.ARM.Collect$$libinit$$00000000) refers (Special) to libinit2.o(.ARM.Collect$$libinit$$00000032) for __rt_lib_init_cpp_1
    libinit.o(.ARM.Collect$$libinit$$00000000) refers (Special) to libinit2.o(.ARM.Collect$$libinit$$00000030) for __rt_lib_init_exceptions_1
    libinit.o(.ARM.Collect$$libinit$$00000000) refers (Special) to libinit2.o(.ARM.Collect$$libinit$$00000002) for __rt_lib_init_fp_1
    libinit.o(.ARM.Collect$$libinit$$00000000) refers (Special) to libinit2.o(.ARM.Collect$$libinit$$0000001F) for __rt_lib_init_fp_trap_1
    libinit.o(.ARM.Collect$$libinit$$00000000) refers (Special) to libinit2.o(.ARM.Collect$$libinit$$00000023) for __rt_lib_init_getenv_1
    libinit.o(.ARM.Collect$$libinit$$00000000) refers (Special) to libinit2.o(.ARM.Collect$$libinit$$0000000A) for __rt_lib_init_heap_1
    libinit.o(.ARM.Collect$$libinit$$00000000) refers (Special) to libinit2.o(.ARM.Collect$$libinit$$00000011) for __rt_lib_init_lc_collate_1
    libinit.o(.ARM.Collect$$libinit$$00000000) refers (Special) to libinit2.o(.ARM.Collect$$libinit$$00000013) for __rt_lib_init_lc_ctype_1
    libinit.o(.ARM.Collect$$libinit$$00000000) refers (Special) to libinit2.o(.ARM.Collect$$libinit$$00000015) for __rt_lib_init_lc_monetary_1
    libinit.o(.ARM.Collect$$libinit$$00000000) refers (Special) to libinit2.o(.ARM.Collect$$libinit$$00000017) for __rt_lib_init_lc_numeric_1
    libinit.o(.ARM.Collect$$libinit$$00000000) refers (Special) to libinit2.o(.ARM.Collect$$libinit$$00000019) for __rt_lib_init_lc_time_1
    libinit.o(.ARM.Collect$$libinit$$00000000) refers (Special) to libinit2.o(.ARM.Collect$$libinit$$00000004) for __rt_lib_init_preinit_1
    libinit.o(.ARM.Collect$$libinit$$00000000) refers (Special) to libinit2.o(.ARM.Collect$$libinit$$0000000E) for __rt_lib_init_rand_1
    libinit.o(.ARM.Collect$$libinit$$00000000) refers (Special) to libinit2.o(.ARM.Collect$$libinit$$00000033) for __rt_lib_init_return
    libinit.o(.ARM.Collect$$libinit$$00000000) refers (Special) to libinit2.o(.ARM.Collect$$libinit$$0000001D) for __rt_lib_init_signal_1
    libinit.o(.ARM.Collect$$libinit$$00000000) refers (Special) to libinit2.o(.ARM.Collect$$libinit$$00000025) for __rt_lib_init_stdio_1
    libinit.o(.ARM.Collect$$libinit$$00000000) refers (Special) to libinit2.o(.ARM.Collect$$libinit$$0000000C) for __rt_lib_init_user_alloc_1
    libspace.o(.text) refers to libspace.o(.bss) for __libspace_start
    sys_stackheap.o(.text) refers (Special) to indicate_semi.o(.text) for __semihosting_library_function
    sys_stackheap.o(.text) refers to use_no_semi.o(.text) for __I$use$semihosting
    rtexit.o(.ARM.Collect$$rtexit$$00000000) refers (Special) to rtexit2.o(.ARM.Collect$$rtexit$$00000004) for __rt_exit_exit
    rtexit.o(.ARM.Collect$$rtexit$$00000000) refers (Special) to rtexit2.o(.ARM.Collect$$rtexit$$00000003) for __rt_exit_ls
    rtexit.o(.ARM.Collect$$rtexit$$00000000) refers (Special) to rtexit2.o(.ARM.Collect$$rtexit$$00000002) for __rt_exit_prels_1
    rtexit.o(.ARM.exidx) refers (Special) to rtexit2.o(.ARM.Collect$$rtexit$$00000004) for __rt_exit_exit
    rtexit.o(.ARM.exidx) refers (Special) to rtexit2.o(.ARM.Collect$$rtexit$$00000003) for __rt_exit_ls
    rtexit.o(.ARM.exidx) refers (Special) to rtexit2.o(.ARM.Collect$$rtexit$$00000002) for __rt_exit_prels_1
    rtexit.o(.ARM.exidx) refers to rtexit.o(.ARM.Collect$$rtexit$$00000000) for .ARM.Collect$$rtexit$$00000000
    rt_raise.o(.text) refers to __raise.o(.text) for __raise
    rt_raise.o(.text) refers to sys_exit.o(.text) for _sys_exit
    defsig_exit.o(.text) refers to sys_exit.o(.text) for _sys_exit
    defsig_fpe_inner.o(.text) refers to defsig_general.o(.text) for __default_signal_display
    libinit2.o(.ARM.Collect$$libinit$$00000010) refers to libinit2.o(.ARM.Collect$$libinit$$0000000F) for .ARM.Collect$$libinit$$0000000F
    libinit2.o(.ARM.Collect$$libinit$$00000012) refers to libinit2.o(.ARM.Collect$$libinit$$0000000F) for .ARM.Collect$$libinit$$0000000F
    libinit2.o(.ARM.Collect$$libinit$$00000014) refers to libinit2.o(.ARM.Collect$$libinit$$0000000F) for .ARM.Collect$$libinit$$0000000F
    libinit2.o(.ARM.Collect$$libinit$$00000016) refers to libinit2.o(.ARM.Collect$$libinit$$0000000F) for .ARM.Collect$$libinit$$0000000F
    libinit2.o(.ARM.Collect$$libinit$$00000018) refers to libinit2.o(.ARM.Collect$$libinit$$0000000F) for .ARM.Collect$$libinit$$0000000F
    libinit2.o(.ARM.Collect$$libinit$$00000026) refers to argv_veneer.o(.text) for __ARM_argv_veneer
    libinit2.o(.ARM.Collect$$libinit$$00000027) refers to argv_veneer.o(.text) for __ARM_argv_veneer
    libinit3.o(.ARM.Collect$$libinit$$00000006) refers to libinit3.o(.ARM.Collect$$libinit$$00002717) for __lit__00000000
    libinit3.o(.ARM.Collect$$libinit$$00002717) refers to startup_armcm0.o(HEAP) for __heap_base
    libinit3.o(.ARM.Collect$$libinit$$00000028) refers to libinit3.o(.ARM.Collect$$libinit$$00002739) for __lit__00000002
    libinit3.o(.ARM.Collect$$libinit$$00000028) refers to argv_veneer.o(.text) for __ARM_argv_veneer
    libinit3.o(.ARM.Collect$$libinit$$00002739) refers to startup_armcm0.o(HEAP) for __heap_base
    sys_exit.o(.text) refers (Special) to use_no_semi.o(.text) for __I$use$semihosting
    sys_exit.o(.text) refers (Special) to indicate_semi.o(.text) for __semihosting_library_function
    rtexit2.o(.ARM.Collect$$rtexit$$00000003) refers to libshutdown.o(.ARM.Collect$$libshutdown$$00000000) for __rt_lib_shutdown
    rtexit2.o(.ARM.Collect$$rtexit$$00000004) refers to sys_exit.o(.text) for _sys_exit
    rtexit2.o(.ARM.exidx) refers to rtexit2.o(.ARM.Collect$$rtexit$$00000001) for .ARM.Collect$$rtexit$$00000001
    rtexit2.o(.ARM.exidx) refers to rtexit2.o(.ARM.Collect$$rtexit$$00000003) for .ARM.Collect$$rtexit$$00000003
    rtexit2.o(.ARM.exidx) refers to rtexit2.o(.ARM.Collect$$rtexit$$00000004) for .ARM.Collect$$rtexit$$00000004
    __raise.o(.text) refers to defsig.o(CL$$defsig) for __default_signal_handler
    defsig_general.o(.text) refers to sys_wrch.o(.text) for _ttywrch
    sys_wrch.o(.text) refers (Special) to use_no_semi.o(.text) for __I$use$semihosting
    sys_wrch.o(.text) refers (Special) to indicate_semi.o(.text) for __semihosting_library_function
    defsig.o(CL$$defsig) refers to defsig_fpe_inner.o(.text) for __rt_SIGFPE_inner
    defsig.o(CL$$defsig) refers to defsig_rtmem_inner.o(.text) for __rt_SIGRTMEM_inner
    _get_argv_nomalloc.o(.text) refers (Special) to hrguard.o(.text) for __heap_region$guard
    _get_argv_nomalloc.o(.text) refers to defsig_rtmem_outer.o(.text) for __rt_SIGRTMEM
    _get_argv_nomalloc.o(.text) refers to sys_command.o(.text) for _sys_command_string
    libshutdown.o(.ARM.Collect$$libshutdown$$00000000) refers (Special) to libshutdown2.o(.ARM.Collect$$libshutdown$$00000002) for __rt_lib_shutdown_cpp_1
    libshutdown.o(.ARM.Collect$$libshutdown$$00000000) refers (Special) to libshutdown2.o(.ARM.Collect$$libshutdown$$00000007) for __rt_lib_shutdown_fp_trap_1
    libshutdown.o(.ARM.Collect$$libshutdown$$00000000) refers (Special) to libshutdown2.o(.ARM.Collect$$libshutdown$$0000000F) for __rt_lib_shutdown_heap_1
    libshutdown.o(.ARM.Collect$$libshutdown$$00000000) refers (Special) to libshutdown2.o(.ARM.Collect$$libshutdown$$00000010) for __rt_lib_shutdown_return
    libshutdown.o(.ARM.Collect$$libshutdown$$00000000) refers (Special) to libshutdown2.o(.ARM.Collect$$libshutdown$$0000000A) for __rt_lib_shutdown_signal_1
    libshutdown.o(.ARM.Collect$$libshutdown$$00000000) refers (Special) to libshutdown2.o(.ARM.Collect$$libshutdown$$00000004) for __rt_lib_shutdown_stdio_1
    libshutdown.o(.ARM.Collect$$libshutdown$$00000000) refers (Special) to libshutdown2.o(.ARM.Collect$$libshutdown$$0000000C) for __rt_lib_shutdown_user_alloc_1
    sys_command.o(.text) refers (Special) to use_no_semi.o(.text) for __I$use$semihosting
    sys_command.o(.text) refers (Special) to indicate_semi.o(.text) for __semihosting_library_function
    defsig_abrt_inner.o(.text) refers to defsig_general.o(.text) for __default_signal_display
    defsig_rtred_inner.o(.text) refers to defsig_general.o(.text) for __default_signal_display
    defsig_rtmem_inner.o(.text) refers to defsig_general.o(.text) for __default_signal_display
    defsig_rtmem_outer.o(.text) refers to defsig_rtmem_inner.o(.text) for __rt_SIGRTMEM_inner
    defsig_rtmem_outer.o(.text) refers to defsig_exit.o(.text) for __sig_exit
    defsig_rtmem_formal.o(.text) refers to rt_raise.o(.text) for __rt_raise
    defsig_stak_inner.o(.text) refers to defsig_general.o(.text) for __default_signal_display
    defsig_pvfn_inner.o(.text) refers to defsig_general.o(.text) for __default_signal_display
    defsig_cppl_inner.o(.text) refers to defsig_general.o(.text) for __default_signal_display
    defsig_segv_inner.o(.text) refers to defsig_general.o(.text) for __default_signal_display
    defsig_other.o(.text) refers to defsig_general.o(.text) for __default_signal_display


==============================================================================

Removing Unused input sections from the image.

    Removing main.o(i.tTaskSchedRemove), (60 bytes).
    Removing main.o(i.tTimeTaskRemove), (20 bytes).
    Removing switch.o(.rev16_text), (4 bytes).
    Removing switch.o(.revsh_text), (4 bytes).
    Removing tcpu.o(.rev16_text), (4 bytes).
    Removing tcpu.o(.revsh_text), (4 bytes).
    Removing tevent.o(i.tEventInit), (16 bytes).
    Removing tevent.o(i.tEventRemoveAll), (90 bytes).
    Removing tevent.o(i.tEventWait), (68 bytes).
    Removing tevent.o(i.tEventWaitCount), (30 bytes).
    Removing tevent.o(i.tEventWakeUp), (80 bytes).
    Removing tevent.o(i.tEventWakeUpTask), (70 bytes).
    Removing tlist.o(i.tListAddFirst), (24 bytes).
    Removing tlist.o(i.tListInsertAfter), (20 bytes).
    Removing tlist.o(i.tListLast), (14 bytes).
    Removing tlist.o(i.tListNext), (16 bytes).
    Removing tlist.o(i.tListPre), (16 bytes).
    Removing tlist.o(i.tListRemoveAll), (32 bytes).
    Removing ttask.o(i.tTaskDeleteSelf), (56 bytes).
    Removing ttask.o(i.tTaskForceDelete), (80 bytes).
    Removing ttask.o(i.tTaskGetInfo), (84 bytes).
    Removing ttask.o(i.tTaskIsRequestedDelete), (32 bytes).
    Removing ttask.o(i.tTaskRequestDelete), (24 bytes).
    Removing ttask.o(i.tTaskSetCleanCallFunc), (6 bytes).
    Removing ttask.o(i.tTaskSuspend), (68 bytes).
    Removing ttask.o(i.tTaskWakeUp), (54 bytes).
    Removing startup_armcm0.o(HEAP), (3072 bytes).
    Removing system_armcm0.o(.rev16_text), (4 bytes).
    Removing system_armcm0.o(.revsh_text), (4 bytes).
    Removing system_armcm0.o(i.SystemCoreClockUpdate), (16 bytes).

30 unused section(s) (total 4072 bytes) removed from the image.

==============================================================================

Image Symbol Table

    Local Symbols

    Symbol Name                              Value     Ov Type        Size  Object(Section)

    RESET                                    0x00000000   Section      192  startup_armcm0.o(RESET)
    ../clib/angel/boardlib.s                 0x00000000   Number         0  boardinit1.o ABSOLUTE
    ../clib/angel/boardlib.s                 0x00000000   Number         0  boardinit3.o ABSOLUTE
    ../clib/angel/boardlib.s                 0x00000000   Number         0  boardinit2.o ABSOLUTE
    ../clib/angel/boardlib.s                 0x00000000   Number         0  boardshut.o ABSOLUTE
    ../clib/angel/handlers.s                 0x00000000   Number         0  __scatter_zi.o ABSOLUTE
    ../clib/angel/handlers.s                 0x00000000   Number         0  __scatter_copy.o ABSOLUTE
    ../clib/angel/kernel.s                   0x00000000   Number         0  __rtentry4.o ABSOLUTE
    ../clib/angel/kernel.s                   0x00000000   Number         0  rtexit.o ABSOLUTE
    ../clib/angel/kernel.s                   0x00000000   Number         0  __rtentry.o ABSOLUTE
    ../clib/angel/kernel.s                   0x00000000   Number         0  rtexit2.o ABSOLUTE
    ../clib/angel/kernel.s                   0x00000000   Number         0  __rtentry5.o ABSOLUTE
    ../clib/angel/kernel.s                   0x00000000   Number         0  __rtentry2.o ABSOLUTE
    ../clib/angel/rt.s                       0x00000000   Number         0  aeabi_idiv0.o ABSOLUTE
    ../clib/angel/rt.s                       0x00000000   Number         0  rt_raise.o ABSOLUTE
    ../clib/angel/rt.s                       0x00000000   Number         0  rt_div0.o ABSOLUTE
    ../clib/angel/rt.s                       0x00000000   Number         0  aeabi_idiv0_sigfpe.o ABSOLUTE
    ../clib/angel/scatterp.s                 0x00000000   Number         0  __scatter.o ABSOLUTE
    ../clib/angel/startup.s                  0x00000000   Number         0  __main.o ABSOLUTE
    ../clib/angel/sys.s                      0x00000000   Number         0  sys_stackheap_outer.o ABSOLUTE
    ../clib/angel/sys.s                      0x00000000   Number         0  indicate_semi.o ABSOLUTE
    ../clib/angel/sys.s                      0x00000000   Number         0  use_no_semi.o ABSOLUTE
    ../clib/angel/sys.s                      0x00000000   Number         0  tempstk.o ABSOLUTE
    ../clib/angel/sys.s                      0x00000000   Number         0  libspace.o ABSOLUTE
    ../clib/angel/sys.s                      0x00000000   Number         0  sys_stackheap.o ABSOLUTE
    ../clib/angel/sysapp.c                   0x00000000   Number         0  sys_wrch.o ABSOLUTE
    ../clib/angel/sysapp.c                   0x00000000   Number         0  sys_exit.o ABSOLUTE
    ../clib/angel/sysapp.c                   0x00000000   Number         0  sys_command.o ABSOLUTE
    ../clib/armsys.c                         0x00000000   Number         0  no_argv.o ABSOLUTE
    ../clib/armsys.c                         0x00000000   Number         0  _get_argv_nomalloc.o ABSOLUTE
    ../clib/armsys.c                         0x00000000   Number         0  argv_veneer.o ABSOLUTE
    ../clib/division.s                       0x00000000   Number         0  aeabi_sdiv_div0.o ABSOLUTE
    ../clib/division.s                       0x00000000   Number         0  aeabi_sdiv.o ABSOLUTE
    ../clib/heapalloc.c                      0x00000000   Number         0  hrguard.o ABSOLUTE
    ../clib/heapaux.c                        0x00000000   Number         0  heapauxi.o ABSOLUTE
    ../clib/libinit.s                        0x00000000   Number         0  libinit2.o ABSOLUTE
    ../clib/libinit.s                        0x00000000   Number         0  libinit.o ABSOLUTE
    ../clib/libinit.s                        0x00000000   Number         0  libshutdown2.o ABSOLUTE
    ../clib/libinit.s                        0x00000000   Number         0  libinit3.o ABSOLUTE
    ../clib/libinit.s                        0x00000000   Number         0  libshutdown.o ABSOLUTE
    ../clib/memcpset.c                       0x00000000   Number         0  rt_memclr.o ABSOLUTE
    ../clib/signal.c                         0x00000000   Number         0  defsig_rtred_inner.o ABSOLUTE
    ../clib/signal.c                         0x00000000   Number         0  defsig_other.o ABSOLUTE
    ../clib/signal.c                         0x00000000   Number         0  defsig_general.o ABSOLUTE
    ../clib/signal.c                         0x00000000   Number         0  __raise.o ABSOLUTE
    ../clib/signal.c                         0x00000000   Number         0  defsig_fpe_inner.o ABSOLUTE
    ../clib/signal.c                         0x00000000   Number         0  defsig_exit.o ABSOLUTE
    ../clib/signal.c                         0x00000000   Number         0  defsig_segv_inner.o ABSOLUTE
    ../clib/signal.c                         0x00000000   Number         0  defsig_cppl_inner.o ABSOLUTE
    ../clib/signal.c                         0x00000000   Number         0  defsig_pvfn_inner.o ABSOLUTE
    ../clib/signal.c                         0x00000000   Number         0  defsig_stak_inner.o ABSOLUTE
    ../clib/signal.c                         0x00000000   Number         0  defsig_abrt_inner.o ABSOLUTE
    ../clib/signal.c                         0x00000000   Number         0  defsig_rtmem_formal.o ABSOLUTE
    ../clib/signal.c                         0x00000000   Number         0  defsig_rtmem_outer.o ABSOLUTE
    ../clib/signal.c                         0x00000000   Number         0  defsig_fpe_formal.o ABSOLUTE
    ../clib/signal.c                         0x00000000   Number         0  defsig_fpe_outer.o ABSOLUTE
    ../clib/signal.c                         0x00000000   Number         0  defsig_rtmem_inner.o ABSOLUTE
    ../clib/signal.s                         0x00000000   Number         0  defsig.o ABSOLUTE
    ../clib/stdlib.c                         0x00000000   Number         0  exit.o ABSOLUTE
    ../fplib/cfplib/fpinit.c                 0x00000000   Number         0  fpinit.o ABSOLUTE
    RTE\Device\ARMCM0\startup_ARMCM0.s       0x00000000   Number         0  startup_armcm0.o ABSOLUTE
    RTE\Device\ARMCM0\system_ARMCM0.c        0x00000000   Number         0  system_armcm0.o ABSOLUTE
    RTE\\Device\\ARMCM0\\system_ARMCM0.c     0x00000000   Number         0  system_armcm0.o ABSOLUTE
    Source\\switch.c                         0x00000000   Number         0  switch.o ABSOLUTE
    Source\\tCpu.c                           0x00000000   Number         0  tcpu.o ABSOLUTE
    Source\app.c                             0x00000000   Number         0  app.o ABSOLUTE
    Source\main.c                            0x00000000   Number         0  main.o ABSOLUTE
    Source\switch.c                          0x00000000   Number         0  switch.o ABSOLUTE
    Source\tBitmap.c                         0x00000000   Number         0  tbitmap.o ABSOLUTE
    Source\tCpu.c                            0x00000000   Number         0  tcpu.o ABSOLUTE
    Source\tEvent.c                          0x00000000   Number         0  tevent.o ABSOLUTE
    Source\tFlagGroup.c                      0x00000000   Number         0  tflaggroup.o ABSOLUTE
    Source\tHooks.c                          0x00000000   Number         0  thooks.o ABSOLUTE
    Source\tList.c                           0x00000000   Number         0  tlist.o ABSOLUTE
    Source\tMBox.c                           0x00000000   Number         0  tmbox.o ABSOLUTE
    Source\tMemBlock.c                       0x00000000   Number         0  tmemblock.o ABSOLUTE
    Source\tMutex.c                          0x00000000   Number         0  tmutex.o ABSOLUTE
    Source\tSem.c                            0x00000000   Number         0  tsem.o ABSOLUTE
    Source\tTask.c                           0x00000000   Number         0  ttask.o ABSOLUTE
    Source\tTime.c                           0x00000000   Number         0  ttime.o ABSOLUTE
    Source\tTimer.c                          0x00000000   Number         0  ttimer.o ABSOLUTE
    dc.s                                     0x00000000   Number         0  dc.o ABSOLUTE
    !!!main                                  0x000000c0   Section        8  __main.o(!!!main)
    !!!scatter                               0x000000c8   Section       60  __scatter.o(!!!scatter)
    !!handler_copy                           0x00000104   Section       26  __scatter_copy.o(!!handler_copy)
    !!handler_zi                             0x00000120   Section       28  __scatter_zi.o(!!handler_zi)
    .ARM.Collect$$libinit$$00000000          0x0000013c   Section        2  libinit.o(.ARM.Collect$$libinit$$00000000)
    .ARM.Collect$$libinit$$00000002          0x0000013e   Section        0  libinit2.o(.ARM.Collect$$libinit$$00000002)
    .ARM.Collect$$libinit$$00000004          0x0000013e   Section        0  libinit2.o(.ARM.Collect$$libinit$$00000004)
    .ARM.Collect$$libinit$$0000000A          0x0000013e   Section        0  libinit2.o(.ARM.Collect$$libinit$$0000000A)
    .ARM.Collect$$libinit$$0000000C          0x0000013e   Section        0  libinit2.o(.ARM.Collect$$libinit$$0000000C)
    .ARM.Collect$$libinit$$0000000E          0x0000013e   Section        0  libinit2.o(.ARM.Collect$$libinit$$0000000E)
    .ARM.Collect$$libinit$$00000011          0x0000013e   Section        0  libinit2.o(.ARM.Collect$$libinit$$00000011)
    .ARM.Collect$$libinit$$00000013          0x0000013e   Section        0  libinit2.o(.ARM.Collect$$libinit$$00000013)
    .ARM.Collect$$libinit$$00000015          0x0000013e   Section        0  libinit2.o(.ARM.Collect$$libinit$$00000015)
    .ARM.Collect$$libinit$$00000017          0x0000013e   Section        0  libinit2.o(.ARM.Collect$$libinit$$00000017)
    .ARM.Collect$$libinit$$00000019          0x0000013e   Section        0  libinit2.o(.ARM.Collect$$libinit$$00000019)
    .ARM.Collect$$libinit$$0000001B          0x0000013e   Section        0  libinit2.o(.ARM.Collect$$libinit$$0000001B)
    .ARM.Collect$$libinit$$0000001D          0x0000013e   Section        0  libinit2.o(.ARM.Collect$$libinit$$0000001D)
    .ARM.Collect$$libinit$$0000001F          0x0000013e   Section        0  libinit2.o(.ARM.Collect$$libinit$$0000001F)
    .ARM.Collect$$libinit$$00000021          0x0000013e   Section        0  libinit2.o(.ARM.Collect$$libinit$$00000021)
    .ARM.Collect$$libinit$$00000023          0x0000013e   Section        0  libinit2.o(.ARM.Collect$$libinit$$00000023)
    .ARM.Collect$$libinit$$00000025          0x0000013e   Section        0  libinit2.o(.ARM.Collect$$libinit$$00000025)
    .ARM.Collect$$libinit$$0000002C          0x0000013e   Section        0  libinit2.o(.ARM.Collect$$libinit$$0000002C)
    .ARM.Collect$$libinit$$0000002E          0x0000013e   Section        0  libinit2.o(.ARM.Collect$$libinit$$0000002E)
    .ARM.Collect$$libinit$$00000030          0x0000013e   Section        0  libinit2.o(.ARM.Collect$$libinit$$00000030)
    .ARM.Collect$$libinit$$00000032          0x0000013e   Section        0  libinit2.o(.ARM.Collect$$libinit$$00000032)
    .ARM.Collect$$libinit$$00000033          0x0000013e   Section        2  libinit2.o(.ARM.Collect$$libinit$$00000033)
    .ARM.Collect$$libshutdown$$00000000      0x00000140   Section        2  libshutdown.o(.ARM.Collect$$libshutdown$$00000000)
    .ARM.Collect$$libshutdown$$00000002      0x00000142   Section        0  libshutdown2.o(.ARM.Collect$$libshutdown$$00000002)
    .ARM.Collect$$libshutdown$$00000004      0x00000142   Section        0  libshutdown2.o(.ARM.Collect$$libshutdown$$00000004)
    .ARM.Collect$$libshutdown$$00000007      0x00000142   Section        0  libshutdown2.o(.ARM.Collect$$libshutdown$$00000007)
    .ARM.Collect$$libshutdown$$0000000A      0x00000142   Section        0  libshutdown2.o(.ARM.Collect$$libshutdown$$0000000A)
    .ARM.Collect$$libshutdown$$0000000C      0x00000142   Section        0  libshutdown2.o(.ARM.Collect$$libshutdown$$0000000C)
    .ARM.Collect$$libshutdown$$0000000F      0x00000142   Section        0  libshutdown2.o(.ARM.Collect$$libshutdown$$0000000F)
    .ARM.Collect$$libshutdown$$00000010      0x00000142   Section        2  libshutdown2.o(.ARM.Collect$$libshutdown$$00000010)
    .ARM.Collect$$rtentry$$00000000          0x00000144   Section        0  __rtentry.o(.ARM.Collect$$rtentry$$00000000)
    .ARM.Collect$$rtentry$$00000002          0x00000144   Section        0  __rtentry2.o(.ARM.Collect$$rtentry$$00000002)
    .ARM.Collect$$rtentry$$00000005          0x00000144   Section        4  __rtentry5.o(.ARM.Collect$$rtentry$$00000005)
    .ARM.Collect$$rtentry$$00000009          0x00000148   Section        0  __rtentry2.o(.ARM.Collect$$rtentry$$00000009)
    .ARM.Collect$$rtentry$$0000000A          0x00000148   Section        4  __rtentry2.o(.ARM.Collect$$rtentry$$0000000A)
    .ARM.Collect$$rtentry$$0000000C          0x0000014c   Section        0  __rtentry2.o(.ARM.Collect$$rtentry$$0000000C)
    .ARM.Collect$$rtentry$$0000000D          0x0000014c   Section        8  __rtentry2.o(.ARM.Collect$$rtentry$$0000000D)
    .ARM.Collect$$rtentry$$00002716          0x00000154   Section        4  __rtentry5.o(.ARM.Collect$$rtentry$$00002716)
    __lit__00000000                          0x00000154   Data           4  __rtentry5.o(.ARM.Collect$$rtentry$$00002716)
    .ARM.Collect$$rtexit$$00000000           0x00000158   Section        2  rtexit.o(.ARM.Collect$$rtexit$$00000000)
    .ARM.Collect$$rtexit$$00000002           0x0000015a   Section        0  rtexit2.o(.ARM.Collect$$rtexit$$00000002)
    .ARM.Collect$$rtexit$$00000003           0x0000015a   Section        4  rtexit2.o(.ARM.Collect$$rtexit$$00000003)
    .ARM.Collect$$rtexit$$00000004           0x0000015e   Section        6  rtexit2.o(.ARM.Collect$$rtexit$$00000004)
    .emb_text                                0x00000164   Section       46  switch.o(.emb_text)
    .text                                    0x00000194   Section       48  startup_armcm0.o(.text)
    .text                                    0x000001c4   Section        0  rt_memclr.o(.text)
    .text                                    0x00000204   Section      346  aeabi_sdiv.o(.text)
    .text                                    0x0000035e   Section        0  heapauxi.o(.text)
    .text                                    0x00000364   Section        0  exit.o(.text)
    .text                                    0x00000374   Section        0  sys_exit.o(.text)
    .text                                    0x00000380   Section        2  use_no_semi.o(.text)
    .text                                    0x00000382   Section        0  indicate_semi.o(.text)
    i.SysTick_Handler                        0x00000382   Section        0  tcpu.o(i.SysTick_Handler)
    i.SystemInit                             0x0000038c   Section        0  system_armcm0.o(i.SystemInit)
    i.__NVIC_SetPriority                     0x0000039c   Section        0  tcpu.o(i.__NVIC_SetPriority)
    __NVIC_SetPriority                       0x0000039d   Thumb Code   110  tcpu.o(i.__NVIC_SetPriority)
    i.idleTaskEntry                          0x00000414   Section        0  main.o(i.idleTaskEntry)
    i.main                                   0x00000448   Section        0  main.o(i.main)
    i.saveAndLoadStackAddr                   0x0000048c   Section        0  switch.o(i.saveAndLoadStackAddr)
    i.tBitmapClear                           0x000004b4   Section        0  tbitmap.o(i.tBitmapClear)
    i.tBitmapGetFirstSet                     0x000004c0   Section        0  tbitmap.o(i.tBitmapGetFirstSet)
    i.tBitmapInit                            0x00000528   Section        0  tbitmap.o(i.tBitmapInit)
    i.tBitmapPosCount                        0x0000052e   Section        0  tbitmap.o(i.tBitmapPosCount)
    i.tBitmapSet                             0x00000532   Section        0  tbitmap.o(i.tBitmapSet)
    i.tEventRemoveTask                       0x0000053e   Section        0  tevent.o(i.tEventRemoveTask)
    i.tHooksCpuIdle                          0x00000572   Section        0  thooks.o(i.tHooksCpuIdle)
    i.tHooksSysTick                          0x00000574   Section        0  thooks.o(i.tHooksSysTick)
    i.tHooksTaskInit                         0x00000576   Section        0  thooks.o(i.tHooksTaskInit)
    i.tHooksTaskSwitch                       0x00000578   Section        0  thooks.o(i.tHooksTaskSwitch)
    i.tInitApp                               0x0000057c   Section        0  app.o(i.tInitApp)
    i.tListAddLast                           0x00000618   Section        0  tlist.o(i.tListAddLast)
    i.tListCount                             0x0000062c   Section        0  tlist.o(i.tListCount)
    i.tListFirst                             0x00000632   Section        0  tlist.o(i.tListFirst)
    i.tListInit                              0x00000640   Section        0  tlist.o(i.tListInit)
    i.tListRemove                            0x0000064a   Section        0  tlist.o(i.tListRemove)
    i.tListRemoveFirst                       0x0000065e   Section        0  tlist.o(i.tListRemoveFirst)
    i.tNodeInit                              0x0000067a   Section        0  tlist.o(i.tNodeInit)
    i.tSetSysTickPeriod                      0x00000680   Section        0  tcpu.o(i.tSetSysTickPeriod)
    i.tTaskDelay                             0x000006b8   Section        0  ttime.o(i.tTaskDelay)
    i.tTaskDelayedInit                       0x000006e4   Section        0  main.o(i.tTaskDelayedInit)
    i.tTaskEnterCritical                     0x000006f4   Section        0  switch.o(i.tTaskEnterCritical)
    i.tTaskExitCritical                      0x00000700   Section        0  switch.o(i.tTaskExitCritical)
    i.tTaskHighestReady                      0x0000070c   Section        0  main.o(i.tTaskHighestReady)
    i.tTaskInit                              0x00000734   Section        0  ttask.o(i.tTaskInit)
    i.tTaskRunFirst                          0x0000078c   Section        0  switch.o(i.tTaskRunFirst)
    i.tTaskSched                             0x000007b4   Section        0  main.o(i.tTaskSched)
    i.tTaskSchedDisable                      0x00000804   Section        0  main.o(i.tTaskSchedDisable)
    i.tTaskSchedEnable                       0x0000082c   Section        0  main.o(i.tTaskSchedEnable)
    i.tTaskSchedInit                         0x0000085c   Section        0  main.o(i.tTaskSchedInit)
    i.tTaskSchedRdy                          0x00000890   Section        0  main.o(i.tTaskSchedRdy)
    i.tTaskSchedUnRdy                        0x000008b8   Section        0  main.o(i.tTaskSchedUnRdy)
    i.tTaskStackInit                         0x000008f4   Section        0  switch.o(i.tTaskStackInit)
    i.tTaskSwitch                            0x00000998   Section        0  switch.o(i.tTaskSwitch)
    i.tTaskSystemTickHandler                 0x000009a8   Section        0  main.o(i.tTaskSystemTickHandler)
    i.tTimeTaskWait                          0x00000a6c   Section        0  main.o(i.tTimeTaskWait)
    i.tTimeTaskWakeUp                        0x00000a8c   Section        0  main.o(i.tTimeTaskWakeUp)
    i.tTimeTickInit                          0x00000aa8   Section        0  main.o(i.tTimeTickInit)
    i.task1Entry                             0x00000ab4   Section        0  app.o(i.task1Entry)
    i.task2Entry                             0x00000ad4   Section        0  app.o(i.task2Entry)
    i.task3Entry                             0x00000af4   Section        0  app.o(i.task3Entry)
    i.task4Entry                             0x00000b14   Section        0  app.o(i.task4Entry)
    .constdata                               0x00000b34   Section      256  tbitmap.o(.constdata)
    quickFindTable                           0x00000b34   Data         256  tbitmap.o(.constdata)
    .data                                    0x20000000   Section       16  app.o(.data)
    .data                                    0x20000010   Section       32  main.o(.data)
    .data                                    0x20000030   Section        4  system_armcm0.o(.data)
    .bss                                     0x20000034   Section    16704  app.o(.bss)
    .bss                                     0x20004174   Section     4572  main.o(.bss)
    STACK                                    0x20005350   Section     1024  startup_armcm0.o(STACK)

    Global Symbols

    Symbol Name                              Value     Ov Type        Size  Object(Section)

    BuildAttributes$$THM_ISAv3M$S$PE$A:L22$X:L11$S22$IEEE1$IW$USESV6$~STKCKD$USESV7$~SHL$OSPACE$ROPI$EBA8$UX$STANDARDLIB$REQ8$PRES8$EABIv2 0x00000000   Number         0  anon$$obj.o ABSOLUTE
    __ARM_use_no_argv                        0x00000000   Number         0  main.o ABSOLUTE
    __Vectors                                0x00000000   Data           4  startup_armcm0.o(RESET)
    Image$$ZI$$Limit                          - Undefined Weak Reference
    __ARM_exceptions_init                     - Undefined Weak Reference
    __alloca_initialize                       - Undefined Weak Reference
    __arm_preinit_                            - Undefined Weak Reference
    __cpp_initialize__aeabi_                  - Undefined Weak Reference
    __cxa_finalize                            - Undefined Weak Reference
    __rt_locale                               - Undefined Weak Reference
    __sigvec_lookup                           - Undefined Weak Reference
    _atexit_init                              - Undefined Weak Reference
    _call_atexit_fns                          - Undefined Weak Reference
    _clock_init                               - Undefined Weak Reference
    _fp_trap_init                             - Undefined Weak Reference
    _fp_trap_shutdown                         - Undefined Weak Reference
    _get_lc_collate                           - Undefined Weak Reference
    _get_lc_ctype                             - Undefined Weak Reference
    _get_lc_monetary                          - Undefined Weak Reference
    _get_lc_numeric                           - Undefined Weak Reference
    _get_lc_time                              - Undefined Weak Reference
    _getenv_init                              - Undefined Weak Reference
    _handle_redirection                       - Undefined Weak Reference
    _init_alloc                               - Undefined Weak Reference
    _init_user_alloc                          - Undefined Weak Reference
    _initio                                   - Undefined Weak Reference
    _rand_init                                - Undefined Weak Reference
    _signal_finish                            - Undefined Weak Reference
    _signal_init                              - Undefined Weak Reference
    _terminate_alloc                          - Undefined Weak Reference
    _terminate_user_alloc                     - Undefined Weak Reference
    _terminateio                              - Undefined Weak Reference
    __Vectors_End                            0x000000c0   Data           0  startup_armcm0.o(RESET)
    __Vectors_Size                           0x000000c0   Number         0  startup_armcm0.o ABSOLUTE
    __main                                   0x000000c1   Thumb Code     8  __main.o(!!!main)
    __scatterload                            0x000000c9   Thumb Code     0  __scatter.o(!!!scatter)
    __scatterload_rt2                        0x000000c9   Thumb Code    52  __scatter.o(!!!scatter)
    __scatterload_rt2_thumb_only             0x000000c9   Thumb Code     0  __scatter.o(!!!scatter)
    __scatterload_null                       0x000000d9   Thumb Code     0  __scatter.o(!!!scatter)
    __scatterload_copy                       0x00000105   Thumb Code    26  __scatter_copy.o(!!handler_copy)
    __scatterload_zeroinit                   0x00000121   Thumb Code    28  __scatter_zi.o(!!handler_zi)
    __rt_lib_init                            0x0000013d   Thumb Code     0  libinit.o(.ARM.Collect$$libinit$$00000000)
    __rt_lib_init_alloca_1                   0x0000013f   Thumb Code     0  libinit2.o(.ARM.Collect$$libinit$$0000002E)
    __rt_lib_init_argv_1                     0x0000013f   Thumb Code     0  libinit2.o(.ARM.Collect$$libinit$$0000002C)
    __rt_lib_init_atexit_1                   0x0000013f   Thumb Code     0  libinit2.o(.ARM.Collect$$libinit$$0000001B)
    __rt_lib_init_clock_1                    0x0000013f   Thumb Code     0  libinit2.o(.ARM.Collect$$libinit$$00000021)
    __rt_lib_init_cpp_1                      0x0000013f   Thumb Code     0  libinit2.o(.ARM.Collect$$libinit$$00000032)
    __rt_lib_init_exceptions_1               0x0000013f   Thumb Code     0  libinit2.o(.ARM.Collect$$libinit$$00000030)
    __rt_lib_init_fp_1                       0x0000013f   Thumb Code     0  libinit2.o(.ARM.Collect$$libinit$$00000002)
    __rt_lib_init_fp_trap_1                  0x0000013f   Thumb Code     0  libinit2.o(.ARM.Collect$$libinit$$0000001F)
    __rt_lib_init_getenv_1                   0x0000013f   Thumb Code     0  libinit2.o(.ARM.Collect$$libinit$$00000023)
    __rt_lib_init_heap_1                     0x0000013f   Thumb Code     0  libinit2.o(.ARM.Collect$$libinit$$0000000A)
    __rt_lib_init_lc_collate_1               0x0000013f   Thumb Code     0  libinit2.o(.ARM.Collect$$libinit$$00000011)
    __rt_lib_init_lc_ctype_1                 0x0000013f   Thumb Code     0  libinit2.o(.ARM.Collect$$libinit$$00000013)
    __rt_lib_init_lc_monetary_1              0x0000013f   Thumb Code     0  libinit2.o(.ARM.Collect$$libinit$$00000015)
    __rt_lib_init_lc_numeric_1               0x0000013f   Thumb Code     0  libinit2.o(.ARM.Collect$$libinit$$00000017)
    __rt_lib_init_lc_time_1                  0x0000013f   Thumb Code     0  libinit2.o(.ARM.Collect$$libinit$$00000019)
    __rt_lib_init_preinit_1                  0x0000013f   Thumb Code     0  libinit2.o(.ARM.Collect$$libinit$$00000004)
    __rt_lib_init_rand_1                     0x0000013f   Thumb Code     0  libinit2.o(.ARM.Collect$$libinit$$0000000E)
    __rt_lib_init_return                     0x0000013f   Thumb Code     0  libinit2.o(.ARM.Collect$$libinit$$00000033)
    __rt_lib_init_signal_1                   0x0000013f   Thumb Code     0  libinit2.o(.ARM.Collect$$libinit$$0000001D)
    __rt_lib_init_stdio_1                    0x0000013f   Thumb Code     0  libinit2.o(.ARM.Collect$$libinit$$00000025)
    __rt_lib_init_user_alloc_1               0x0000013f   Thumb Code     0  libinit2.o(.ARM.Collect$$libinit$$0000000C)
    __rt_lib_shutdown                        0x00000141   Thumb Code     0  libshutdown.o(.ARM.Collect$$libshutdown$$00000000)
    __rt_lib_shutdown_cpp_1                  0x00000143   Thumb Code     0  libshutdown2.o(.ARM.Collect$$libshutdown$$00000002)
    __rt_lib_shutdown_fp_trap_1              0x00000143   Thumb Code     0  libshutdown2.o(.ARM.Collect$$libshutdown$$00000007)
    __rt_lib_shutdown_heap_1                 0x00000143   Thumb Code     0  libshutdown2.o(.ARM.Collect$$libshutdown$$0000000F)
    __rt_lib_shutdown_return                 0x00000143   Thumb Code     0  libshutdown2.o(.ARM.Collect$$libshutdown$$00000010)
    __rt_lib_shutdown_signal_1               0x00000143   Thumb Code     0  libshutdown2.o(.ARM.Collect$$libshutdown$$0000000A)
    __rt_lib_shutdown_stdio_1                0x00000143   Thumb Code     0  libshutdown2.o(.ARM.Collect$$libshutdown$$00000004)
    __rt_lib_shutdown_user_alloc_1           0x00000143   Thumb Code     0  libshutdown2.o(.ARM.Collect$$libshutdown$$0000000C)
    __rt_entry                               0x00000145   Thumb Code     0  __rtentry.o(.ARM.Collect$$rtentry$$00000000)
    __rt_entry_presh_1                       0x00000145   Thumb Code     0  __rtentry2.o(.ARM.Collect$$rtentry$$00000002)
    __rt_entry_sh                            0x00000145   Thumb Code     0  __rtentry5.o(.ARM.Collect$$rtentry$$00000005)
    __rt_entry_li                            0x00000149   Thumb Code     0  __rtentry2.o(.ARM.Collect$$rtentry$$0000000A)
    __rt_entry_postsh_1                      0x00000149   Thumb Code     0  __rtentry2.o(.ARM.Collect$$rtentry$$00000009)
    __rt_entry_main                          0x0000014d   Thumb Code     0  __rtentry2.o(.ARM.Collect$$rtentry$$0000000D)
    __rt_entry_postli_1                      0x0000014d   Thumb Code     0  __rtentry2.o(.ARM.Collect$$rtentry$$0000000C)
    __rt_exit                                0x00000159   Thumb Code     0  rtexit.o(.ARM.Collect$$rtexit$$00000000)
    __rt_exit_ls                             0x0000015b   Thumb Code     0  rtexit2.o(.ARM.Collect$$rtexit$$00000003)
    __rt_exit_prels_1                        0x0000015b   Thumb Code     0  rtexit2.o(.ARM.Collect$$rtexit$$00000002)
    __rt_exit_exit                           0x0000015f   Thumb Code     0  rtexit2.o(.ARM.Collect$$rtexit$$00000004)
    PendSV_Handler                           0x00000165   Thumb Code    46  switch.o(.emb_text)
    Reset_Handler                            0x00000195   Thumb Code     8  startup_armcm0.o(.text)
    NMI_Handler                              0x0000019d   Thumb Code     2  startup_armcm0.o(.text)
    HardFault_Handler                        0x0000019f   Thumb Code     2  startup_armcm0.o(.text)
    SVC_Handler                              0x000001a1   Thumb Code     2  startup_armcm0.o(.text)
    Interrupt0_Handler                       0x000001a7   Thumb Code     2  startup_armcm0.o(.text)
    Interrupt1_Handler                       0x000001a9   Thumb Code     2  startup_armcm0.o(.text)
    Interrupt2_Handler                       0x000001ab   Thumb Code     2  startup_armcm0.o(.text)
    Interrupt3_Handler                       0x000001ad   Thumb Code     2  startup_armcm0.o(.text)
    Interrupt4_Handler                       0x000001af   Thumb Code     2  startup_armcm0.o(.text)
    Interrupt5_Handler                       0x000001b1   Thumb Code     2  startup_armcm0.o(.text)
    Interrupt6_Handler                       0x000001b3   Thumb Code     2  startup_armcm0.o(.text)
    Interrupt7_Handler                       0x000001b5   Thumb Code     2  startup_armcm0.o(.text)
    Interrupt8_Handler                       0x000001b7   Thumb Code     2  startup_armcm0.o(.text)
    Interrupt9_Handler                       0x000001b9   Thumb Code     2  startup_armcm0.o(.text)
    _memset_w                                0x000001c5   Thumb Code    26  rt_memclr.o(.text)
    _memset                                  0x000001df   Thumb Code    30  rt_memclr.o(.text)
    __aeabi_memclr                           0x000001fd   Thumb Code     4  rt_memclr.o(.text)
    __rt_memclr                              0x000001fd   Thumb Code     0  rt_memclr.o(.text)
    __aeabi_memclr4                          0x00000201   Thumb Code     0  rt_memclr.o(.text)
    __aeabi_memclr8                          0x00000201   Thumb Code     0  rt_memclr.o(.text)
    __rt_memclr_w                            0x00000201   Thumb Code     4  rt_memclr.o(.text)
    __aeabi_uidiv                            0x00000205   Thumb Code     0  aeabi_sdiv.o(.text)
    __aeabi_uidivmod                         0x00000205   Thumb Code    20  aeabi_sdiv.o(.text)
    __aeabi_idiv                             0x00000219   Thumb Code     0  aeabi_sdiv.o(.text)
    __aeabi_idivmod                          0x00000219   Thumb Code   326  aeabi_sdiv.o(.text)
    __use_two_region_memory                  0x0000035f   Thumb Code     2  heapauxi.o(.text)
    __rt_heap_escrow$2region                 0x00000361   Thumb Code     2  heapauxi.o(.text)
    __rt_heap_expand$2region                 0x00000363   Thumb Code     2  heapauxi.o(.text)
    exit                                     0x00000365   Thumb Code    16  exit.o(.text)
    _sys_exit                                0x00000375   Thumb Code     8  sys_exit.o(.text)
    __I$use$semihosting                      0x00000381   Thumb Code     0  use_no_semi.o(.text)
    __use_no_semihosting_swi                 0x00000381   Thumb Code     2  use_no_semi.o(.text)
    SysTick_Handler                          0x00000383   Thumb Code     8  tcpu.o(i.SysTick_Handler)
    __semihosting_library_function           0x00000383   Thumb Code     0  indicate_semi.o(.text)
    SystemInit                               0x0000038d   Thumb Code     8  system_armcm0.o(i.SystemInit)
    idleTaskEntry                            0x00000415   Thumb Code    48  main.o(i.idleTaskEntry)
    main                                     0x00000449   Thumb Code    52  main.o(i.main)
    saveAndLoadStackAddr                     0x0000048d   Thumb Code    32  switch.o(i.saveAndLoadStackAddr)
    tBitmapClear                             0x000004b5   Thumb Code    12  tbitmap.o(i.tBitmapClear)
    tBitmapGetFirstSet                       0x000004c1   Thumb Code    98  tbitmap.o(i.tBitmapGetFirstSet)
    tBitmapInit                              0x00000529   Thumb Code     6  tbitmap.o(i.tBitmapInit)
    tBitmapPosCount                          0x0000052f   Thumb Code     4  tbitmap.o(i.tBitmapPosCount)
    tBitmapSet                               0x00000533   Thumb Code    12  tbitmap.o(i.tBitmapSet)
    tEventRemoveTask                         0x0000053f   Thumb Code    52  tevent.o(i.tEventRemoveTask)
    tHooksCpuIdle                            0x00000573   Thumb Code     2  thooks.o(i.tHooksCpuIdle)
    tHooksSysTick                            0x00000575   Thumb Code     2  thooks.o(i.tHooksSysTick)
    tHooksTaskInit                           0x00000577   Thumb Code     2  thooks.o(i.tHooksTaskInit)
    tHooksTaskSwitch                         0x00000579   Thumb Code     2  thooks.o(i.tHooksTaskSwitch)
    tInitApp                                 0x0000057d   Thumb Code    92  app.o(i.tInitApp)
    tListAddLast                             0x00000619   Thumb Code    20  tlist.o(i.tListAddLast)
    tListCount                               0x0000062d   Thumb Code     6  tlist.o(i.tListCount)
    tListFirst                               0x00000633   Thumb Code    14  tlist.o(i.tListFirst)
    tListInit                                0x00000641   Thumb Code    10  tlist.o(i.tListInit)
    tListRemove                              0x0000064b   Thumb Code    20  tlist.o(i.tListRemove)
    tListRemoveFirst                         0x0000065f   Thumb Code    28  tlist.o(i.tListRemoveFirst)
    tNodeInit                                0x0000067b   Thumb Code     6  tlist.o(i.tNodeInit)
    tSetSysTickPeriod                        0x00000681   Thumb Code    46  tcpu.o(i.tSetSysTickPeriod)
    tTaskDelay                               0x000006b9   Thumb Code    40  ttime.o(i.tTaskDelay)
    tTaskDelayedInit                         0x000006e5   Thumb Code    10  main.o(i.tTaskDelayedInit)
    tTaskEnterCritical                       0x000006f5   Thumb Code    12  switch.o(i.tTaskEnterCritical)
    tTaskExitCritical                        0x00000701   Thumb Code    10  switch.o(i.tTaskExitCritical)
    tTaskHighestReady                        0x0000070d   Thumb Code    30  main.o(i.tTaskHighestReady)
    tTaskInit                                0x00000735   Thumb Code    86  ttask.o(i.tTaskInit)
    tTaskRunFirst                            0x0000078d   Thumb Code    34  switch.o(i.tTaskRunFirst)
    tTaskSched                               0x000007b5   Thumb Code    66  main.o(i.tTaskSched)
    tTaskSchedDisable                        0x00000805   Thumb Code    34  main.o(i.tTaskSchedDisable)
    tTaskSchedEnable                         0x0000082d   Thumb Code    44  main.o(i.tTaskSchedEnable)
    tTaskSchedInit                           0x0000085d   Thumb Code    40  main.o(i.tTaskSchedInit)
    tTaskSchedRdy                            0x00000891   Thumb Code    32  main.o(i.tTaskSchedRdy)
    tTaskSchedUnRdy                          0x000008b9   Thumb Code    50  main.o(i.tTaskSchedUnRdy)
    tTaskStackInit                           0x000008f5   Thumb Code   164  switch.o(i.tTaskStackInit)
    tTaskSwitch                              0x00000999   Thumb Code    10  switch.o(i.tTaskSwitch)
    tTaskSystemTickHandler                   0x000009a9   Thumb Code   180  main.o(i.tTaskSystemTickHandler)
    tTimeTaskWait                            0x00000a6d   Thumb Code    28  main.o(i.tTimeTaskWait)
    tTimeTaskWakeUp                          0x00000a8d   Thumb Code    24  main.o(i.tTimeTaskWakeUp)
    tTimeTickInit                            0x00000aa9   Thumb Code     8  main.o(i.tTimeTickInit)
    task1Entry                               0x00000ab5   Thumb Code    28  app.o(i.task1Entry)
    task2Entry                               0x00000ad5   Thumb Code    26  app.o(i.task2Entry)
    task3Entry                               0x00000af5   Thumb Code    26  app.o(i.task3Entry)
    task4Entry                               0x00000b15   Thumb Code    26  app.o(i.task4Entry)
    Region$$Table$$Base                      0x00000c34   Number         0  anon$$obj.o(Region$$Table)
    Region$$Table$$Limit                     0x00000c54   Number         0  anon$$obj.o(Region$$Table)
    task1Flag                                0x20000000   Data           4  app.o(.data)
    task2Flag                                0x20000004   Data           4  app.o(.data)
    task3Flag                                0x20000008   Data           4  app.o(.data)
    task4Flag                                0x2000000c   Data           4  app.o(.data)
    currentTask                              0x20000010   Data           4  main.o(.data)
    nextTask                                 0x20000014   Data           4  main.o(.data)
    idleTask                                 0x20000018   Data           4  main.o(.data)
    taskPrioBitmap                           0x2000001c   Data           4  main.o(.data)
    schedLockCount                           0x20000020   Data           1  main.o(.data)
    tickCount                                0x20000024   Data           4  main.o(.data)
    idleCount                                0x20000028   Data           4  main.o(.data)
    idleMaxCount                             0x2000002c   Data           4  main.o(.data)
    SystemCoreClock                          0x20000030   Data           4  system_armcm0.o(.data)
    tTask1                                   0x20000034   Data          80  app.o(.bss)
    tTask2                                   0x20000084   Data          80  app.o(.bss)
    tTask3                                   0x200000d4   Data          80  app.o(.bss)
    tTask4                                   0x20000124   Data          80  app.o(.bss)
    task1Env                                 0x20000174   Data        4096  app.o(.bss)
    task2Env                                 0x20001174   Data        4096  app.o(.bss)
    task3Env                                 0x20002174   Data        4096  app.o(.bss)
    task4Env                                 0x20003174   Data        4096  app.o(.bss)
    taskTable                                0x20004174   Data         384  main.o(.bss)
    tTaskDelayedList                         0x200042f4   Data          12  main.o(.bss)
    tTaskIdle                                0x20004300   Data          80  main.o(.bss)
    idleTaskEnv                              0x20004350   Data        4096  main.o(.bss)
    __stack_limit                            0x20005350   Data           0  startup_armcm0.o(STACK)
    __initial_sp                             0x20005750   Data           0  startup_armcm0.o(STACK)



==============================================================================

Memory Map of the image

  Image Entry point : 0x000000c1

  Load Region LR_IROM1 (Base: 0x00000000, Size: 0x00000c88, Max: 0x00040000, ABSOLUTE)

    Execution Region ER_IROM1 (Exec base: 0x00000000, Load base: 0x00000000, Size: 0x00000c54, Max: 0x00040000, ABSOLUTE)

    Exec Addr    Load Addr    Size         Type   Attr      Idx    E Section Name        Object

    0x00000000   0x00000000   0x000000c0   Data   RO          615    RESET               startup_armcm0.o
    0x000000c0   0x000000c0   0x00000008   Code   RO          662  * !!!main             c_p.l(__main.o)
    0x000000c8   0x000000c8   0x0000003c   Code   RO          842    !!!scatter          c_p.l(__scatter.o)
    0x00000104   0x00000104   0x0000001a   Code   RO          844    !!handler_copy      c_p.l(__scatter_copy.o)
    0x0000011e   0x0000011e   0x00000002   PAD
    0x00000120   0x00000120   0x0000001c   Code   RO          846    !!handler_zi        c_p.l(__scatter_zi.o)
    0x0000013c   0x0000013c   0x00000002   Code   RO          705    .ARM.Collect$$libinit$$00000000  c_p.l(libinit.o)
    0x0000013e   0x0000013e   0x00000000   Code   RO          721    .ARM.Collect$$libinit$$00000002  c_p.l(libinit2.o)
    0x0000013e   0x0000013e   0x00000000   Code   RO          723    .ARM.Collect$$libinit$$00000004  c_p.l(libinit2.o)
    0x0000013e   0x0000013e   0x00000000   Code   RO          726    .ARM.Collect$$libinit$$0000000A  c_p.l(libinit2.o)
    0x0000013e   0x0000013e   0x00000000   Code   RO          728    .ARM.Collect$$libinit$$0000000C  c_p.l(libinit2.o)
    0x0000013e   0x0000013e   0x00000000   Code   RO          730    .ARM.Collect$$libinit$$0000000E  c_p.l(libinit2.o)
    0x0000013e   0x0000013e   0x00000000   Code   RO          733    .ARM.Collect$$libinit$$00000011  c_p.l(libinit2.o)
    0x0000013e   0x0000013e   0x00000000   Code   RO          735    .ARM.Collect$$libinit$$00000013  c_p.l(libinit2.o)
    0x0000013e   0x0000013e   0x00000000   Code   RO          737    .ARM.Collect$$libinit$$00000015  c_p.l(libinit2.o)
    0x0000013e   0x0000013e   0x00000000   Code   RO          739    .ARM.Collect$$libinit$$00000017  c_p.l(libinit2.o)
    0x0000013e   0x0000013e   0x00000000   Code   RO          741    .ARM.Collect$$libinit$$00000019  c_p.l(libinit2.o)
    0x0000013e   0x0000013e   0x00000000   Code   RO          743    .ARM.Collect$$libinit$$0000001B  c_p.l(libinit2.o)
    0x0000013e   0x0000013e   0x00000000   Code   RO          745    .ARM.Collect$$libinit$$0000001D  c_p.l(libinit2.o)
    0x0000013e   0x0000013e   0x00000000   Code   RO          747    .ARM.Collect$$libinit$$0000001F  c_p.l(libinit2.o)
    0x0000013e   0x0000013e   0x00000000   Code   RO          749    .ARM.Collect$$libinit$$00000021  c_p.l(libinit2.o)
    0x0000013e   0x0000013e   0x00000000   Code   RO          751    .ARM.Collect$$libinit$$00000023  c_p.l(libinit2.o)
    0x0000013e   0x0000013e   0x00000000   Code   RO          753    .ARM.Collect$$libinit$$00000025  c_p.l(libinit2.o)
    0x0000013e   0x0000013e   0x00000000   Code   RO          757    .ARM.Collect$$libinit$$0000002C  c_p.l(libinit2.o)
    0x0000013e   0x0000013e   0x00000000   Code   RO          759    .ARM.Collect$$libinit$$0000002E  c_p.l(libinit2.o)
    0x0000013e   0x0000013e   0x00000000   Code   RO          761    .ARM.Collect$$libinit$$00000030  c_p.l(libinit2.o)
    0x0000013e   0x0000013e   0x00000000   Code   RO          763    .ARM.Collect$$libinit$$00000032  c_p.l(libinit2.o)
    0x0000013e   0x0000013e   0x00000002   Code   RO          764    .ARM.Collect$$libinit$$00000033  c_p.l(libinit2.o)
    0x00000140   0x00000140   0x00000002   Code   RO          799    .ARM.Collect$$libshutdown$$00000000  c_p.l(libshutdown.o)
    0x00000142   0x00000142   0x00000000   Code   RO          825    .ARM.Collect$$libshutdown$$00000002  c_p.l(libshutdown2.o)
    0x00000142   0x00000142   0x00000000   Code   RO          827    .ARM.Collect$$libshutdown$$00000004  c_p.l(libshutdown2.o)
    0x00000142   0x00000142   0x00000000   Code   RO          830    .ARM.Collect$$libshutdown$$00000007  c_p.l(libshutdown2.o)
    0x00000142   0x00000142   0x00000000   Code   RO          833    .ARM.Collect$$libshutdown$$0000000A  c_p.l(libshutdown2.o)
    0x00000142   0x00000142   0x00000000   Code   RO          835    .ARM.Collect$$libshutdown$$0000000C  c_p.l(libshutdown2.o)
    0x00000142   0x00000142   0x00000000   Code   RO          838    .ARM.Collect$$libshutdown$$0000000F  c_p.l(libshutdown2.o)
    0x00000142   0x00000142   0x00000002   Code   RO          839    .ARM.Collect$$libshutdown$$00000010  c_p.l(libshutdown2.o)
    0x00000144   0x00000144   0x00000000   Code   RO          664    .ARM.Collect$$rtentry$$00000000  c_p.l(__rtentry.o)
    0x00000144   0x00000144   0x00000000   Code   RO          670    .ARM.Collect$$rtentry$$00000002  c_p.l(__rtentry2.o)
    0x00000144   0x00000144   0x00000004   Code   RO          684    .ARM.Collect$$rtentry$$00000005  c_p.l(__rtentry5.o)
    0x00000148   0x00000148   0x00000000   Code   RO          672    .ARM.Collect$$rtentry$$00000009  c_p.l(__rtentry2.o)
    0x00000148   0x00000148   0x00000004   Code   RO          673    .ARM.Collect$$rtentry$$0000000A  c_p.l(__rtentry2.o)
    0x0000014c   0x0000014c   0x00000000   Code   RO          675    .ARM.Collect$$rtentry$$0000000C  c_p.l(__rtentry2.o)
    0x0000014c   0x0000014c   0x00000008   Code   RO          676    .ARM.Collect$$rtentry$$0000000D  c_p.l(__rtentry2.o)
    0x00000154   0x00000154   0x00000004   Code   RO          685    .ARM.Collect$$rtentry$$00002716  c_p.l(__rtentry5.o)
    0x00000158   0x00000158   0x00000002   Code   RO          712    .ARM.Collect$$rtexit$$00000000  c_p.l(rtexit.o)
    0x0000015a   0x0000015a   0x00000000   Code   RO          775    .ARM.Collect$$rtexit$$00000002  c_p.l(rtexit2.o)
    0x0000015a   0x0000015a   0x00000004   Code   RO          776    .ARM.Collect$$rtexit$$00000003  c_p.l(rtexit2.o)
    0x0000015e   0x0000015e   0x00000006   Code   RO          777    .ARM.Collect$$rtexit$$00000004  c_p.l(rtexit2.o)
    0x00000164   0x00000164   0x0000002e   Code   RO          194    .emb_text           switch.o
    0x00000192   0x00000192   0x00000002   PAD
    0x00000194   0x00000194   0x00000030   Code   RO          616    .text               startup_armcm0.o
    0x000001c4   0x000001c4   0x00000040   Code   RO          654    .text               c_p.l(rt_memclr.o)
    0x00000204   0x00000204   0x0000015a   Code   RO          656    .text               c_p.l(aeabi_sdiv.o)
    0x0000035e   0x0000035e   0x00000006   Code   RO          660    .text               c_p.l(heapauxi.o)
    0x00000364   0x00000364   0x00000010   Code   RO          694    .text               c_p.l(exit.o)
    0x00000374   0x00000374   0x0000000c   Code   RO          769    .text               c_p.l(sys_exit.o)
    0x00000380   0x00000380   0x00000002   Code   RO          771    .text               c_p.l(use_no_semi.o)
    0x00000382   0x00000382   0x00000000   Code   RO          773    .text               c_p.l(indicate_semi.o)
    0x00000382   0x00000382   0x00000008   Code   RO          308    i.SysTick_Handler   tcpu.o
    0x0000038a   0x0000038a   0x00000002   PAD
    0x0000038c   0x0000038c   0x00000010   Code   RO          623    i.SystemInit        system_armcm0.o
    0x0000039c   0x0000039c   0x00000078   Code   RO          309    i.__NVIC_SetPriority  tcpu.o
    0x00000414   0x00000414   0x00000034   Code   RO           83    i.idleTaskEntry     main.o
    0x00000448   0x00000448   0x00000044   Code   RO           84    i.main              main.o
    0x0000048c   0x0000048c   0x00000028   Code   RO          195    i.saveAndLoadStackAddr  switch.o
    0x000004b4   0x000004b4   0x0000000c   Code   RO          269    i.tBitmapClear      tbitmap.o
    0x000004c0   0x000004c0   0x00000068   Code   RO          270    i.tBitmapGetFirstSet  tbitmap.o
    0x00000528   0x00000528   0x00000006   Code   RO          271    i.tBitmapInit       tbitmap.o
    0x0000052e   0x0000052e   0x00000004   Code   RO          272    i.tBitmapPosCount   tbitmap.o
    0x00000532   0x00000532   0x0000000c   Code   RO          273    i.tBitmapSet        tbitmap.o
    0x0000053e   0x0000053e   0x00000034   Code   RO          345    i.tEventRemoveTask  tevent.o
    0x00000572   0x00000572   0x00000002   Code   RO          397    i.tHooksCpuIdle     thooks.o
    0x00000574   0x00000574   0x00000002   Code   RO          398    i.tHooksSysTick     thooks.o
    0x00000576   0x00000576   0x00000002   Code   RO          399    i.tHooksTaskInit    thooks.o
    0x00000578   0x00000578   0x00000002   Code   RO          400    i.tHooksTaskSwitch  thooks.o
    0x0000057a   0x0000057a   0x00000002   PAD
    0x0000057c   0x0000057c   0x0000009c   Code   RO            1    i.tInitApp          app.o
    0x00000618   0x00000618   0x00000014   Code   RO          428    i.tListAddLast      tlist.o
    0x0000062c   0x0000062c   0x00000006   Code   RO          429    i.tListCount        tlist.o
    0x00000632   0x00000632   0x0000000e   Code   RO          430    i.tListFirst        tlist.o
    0x00000640   0x00000640   0x0000000a   Code   RO          431    i.tListInit         tlist.o
    0x0000064a   0x0000064a   0x00000014   Code   RO          436    i.tListRemove       tlist.o
    0x0000065e   0x0000065e   0x0000001c   Code   RO          438    i.tListRemoveFirst  tlist.o
    0x0000067a   0x0000067a   0x00000006   Code   RO          439    i.tNodeInit         tlist.o
    0x00000680   0x00000680   0x00000038   Code   RO          310    i.tSetSysTickPeriod  tcpu.o
    0x000006b8   0x000006b8   0x0000002c   Code   RO          595    i.tTaskDelay        ttime.o
    0x000006e4   0x000006e4   0x00000010   Code   RO           85    i.tTaskDelayedInit  main.o
    0x000006f4   0x000006f4   0x0000000c   Code   RO          196    i.tTaskEnterCritical  switch.o
    0x00000700   0x00000700   0x0000000a   Code   RO          197    i.tTaskExitCritical  switch.o
    0x0000070a   0x0000070a   0x00000002   PAD
    0x0000070c   0x0000070c   0x00000028   Code   RO           86    i.tTaskHighestReady  main.o
    0x00000734   0x00000734   0x00000056   Code   RO          538    i.tTaskInit         ttask.o
    0x0000078a   0x0000078a   0x00000002   PAD
    0x0000078c   0x0000078c   0x00000028   Code   RO          198    i.tTaskRunFirst     switch.o
    0x000007b4   0x000007b4   0x00000050   Code   RO           87    i.tTaskSched        main.o
    0x00000804   0x00000804   0x00000028   Code   RO           88    i.tTaskSchedDisable  main.o
    0x0000082c   0x0000082c   0x00000030   Code   RO           89    i.tTaskSchedEnable  main.o
    0x0000085c   0x0000085c   0x00000034   Code   RO           90    i.tTaskSchedInit    main.o
    0x00000890   0x00000890   0x00000028   Code   RO           91    i.tTaskSchedRdy     main.o
    0x000008b8   0x000008b8   0x0000003c   Code   RO           93    i.tTaskSchedUnRdy   main.o
    0x000008f4   0x000008f4   0x000000a4   Code   RO          199    i.tTaskStackInit    switch.o
    0x00000998   0x00000998   0x00000010   Code   RO          200    i.tTaskSwitch       switch.o
    0x000009a8   0x000009a8   0x000000c4   Code   RO           94    i.tTaskSystemTickHandler  main.o
    0x00000a6c   0x00000a6c   0x00000020   Code   RO           96    i.tTimeTaskWait     main.o
    0x00000a8c   0x00000a8c   0x0000001c   Code   RO           97    i.tTimeTaskWakeUp   main.o
    0x00000aa8   0x00000aa8   0x0000000c   Code   RO           98    i.tTimeTickInit     main.o
    0x00000ab4   0x00000ab4   0x00000020   Code   RO            2    i.task1Entry        app.o
    0x00000ad4   0x00000ad4   0x00000020   Code   RO            3    i.task2Entry        app.o
    0x00000af4   0x00000af4   0x00000020   Code   RO            4    i.task3Entry        app.o
    0x00000b14   0x00000b14   0x00000020   Code   RO            5    i.task4Entry        app.o
    0x00000b34   0x00000b34   0x00000100   Data   RO          274    .constdata          tbitmap.o
    0x00000c34   0x00000c34   0x00000020   Data   RO          840    Region$$Table       anon$$obj.o


    Execution Region RW_IRAM1 (Exec base: 0x20000000, Load base: 0x00000c54, Size: 0x00005750, Max: 0x00020000, ABSOLUTE)

    Exec Addr    Load Addr    Size         Type   Attr      Idx    E Section Name        Object

    0x20000000   0x00000c54   0x00000010   Data   RW            7    .data               app.o
    0x20000010   0x00000c64   0x00000020   Data   RW          100    .data               main.o
    0x20000030   0x00000c84   0x00000004   Data   RW          624    .data               system_armcm0.o
    0x20000034        -       0x00004140   Zero   RW            6    .bss                app.o
    0x20004174        -       0x000011dc   Zero   RW           99    .bss                main.o
    0x20005350        -       0x00000400   Zero   RW          613    STACK               startup_armcm0.o


==============================================================================

Image component sizes


      Code (inc. data)   RO Data    RW Data    ZI Data      Debug   Object Name

       284         86          0         16      16704      10321   app.o
       764        118          0         32       4572       8992   main.o
        48         10        192          0       1024       1068   startup_armcm0.o
       328         20          0          0          0       8655   switch.o
        16          8          0          4          0        827   system_armcm0.o
       138          6        256          0          0       3137   tbitmap.o
       184         20          0          0          0       9494   tcpu.o
        52          0          0          0          0       1059   tevent.o
         8          0          0          0          0       2336   thooks.o
       104          0          0          0          0       4174   tlist.o
        86          0          0          0          0       1164   ttask.o
        44          4          0          0          0        577   ttime.o

    ----------------------------------------------------------------------
      2066        272        480         52      22300      51804   Object Totals
         0          0         32          0          0          0   (incl. Generated)
        10          0          0          0          0          0   (incl. Padding)

    ----------------------------------------------------------------------

      Code (inc. data)   RO Data    RW Data    ZI Data      Debug   Library Member Name

         8          0          0          0          0         68   __main.o
         0          0          0          0          0          0   __rtentry.o
        12          0          0          0          0          0   __rtentry2.o
         8          4          0          0          0          0   __rtentry5.o
        60          8          0          0          0          0   __scatter.o
        26          0          0          0          0          0   __scatter_copy.o
        28          0          0          0          0          0   __scatter_zi.o
       346          0          0          0          0         92   aeabi_sdiv.o
        16          0          0          0          0         68   exit.o
         6          0          0          0          0        136   heapauxi.o
         0          0          0          0          0          0   indicate_semi.o
         2          0          0          0          0          0   libinit.o
         2          0          0          0          0          0   libinit2.o
         2          0          0          0          0          0   libshutdown.o
         2          0          0          0          0          0   libshutdown2.o
        64          0          0          0          0        108   rt_memclr.o
         2          0          0          0          0          0   rtexit.o
        10          0          0          0          0          0   rtexit2.o
        12          4          0          0          0         60   sys_exit.o
         2          0          0          0          0         68   use_no_semi.o

    ----------------------------------------------------------------------
       610         16          0          0          0        600   Library Totals
         2          0          0          0          0          0   (incl. Padding)

    ----------------------------------------------------------------------

      Code (inc. data)   RO Data    RW Data    ZI Data      Debug   Library Name

       608         16          0          0          0        600   c_p.l

    ----------------------------------------------------------------------
       610         16          0          0          0        600   Library Totals

    ----------------------------------------------------------------------

==============================================================================


      Code (inc. data)   RO Data    RW Data    ZI Data      Debug   

      2676        288        480         52      22300      50332   Grand Totals
      2676        288        480         52      22300      50332   ELF Image Totals
      2676        288        480         52          0          0   ROM Totals

==============================================================================

    Total RO  Size (Code + RO Data)                 3156 (   3.08kB)
    Total RW  Size (RW Data + ZI Data)             22352 (  21.83kB)
    Total ROM Size (Code + RO Data + RW Data)       3208 (   3.13kB)

==============================================================================

