Component: ARM Compiler 5.06 update 6 (build 750) Tool: armlink [4d35ed]

==============================================================================

Section Cross References

    app.o(i.tInitApp) refers to ttask.o(i.tTaskInit) for tTaskInit
    app.o(i.tInitApp) refers to app.o(.bss) for task1Env
    app.o(i.tInitApp) refers to app.o(i.task1Entry) for task1Entry
    app.o(i.tInitApp) refers to app.o(i.task2Entry) for task2Entry
    app.o(i.tInitApp) refers to app.o(i.task3Entry) for task3Entry
    app.o(i.tInitApp) refers to app.o(i.task4Entry) for task4Entry
    app.o(i.task1Entry) refers to _printf_percent.o(.ARM.Collect$$_printf_percent$$00000000) for _printf_percent
    app.o(i.task1Entry) refers to _printf_f.o(.ARM.Collect$$_printf_percent$$00000003) for _printf_f
    app.o(i.task1Entry) refers to printf1.o(x$fpl$printf1) for _printf_fp_dec
    app.o(i.task1Entry) refers to ttime.o(i.tTaskDelay) for tTaskDelay
    app.o(i.task1Entry) refers to f2d.o(x$fpl$f2d) for __aeabi_f2d
    app.o(i.task1Entry) refers to noretval__2sprintf.o(.text) for __2sprintf
    app.o(i.task1Entry) refers to app.o(.data) for task1Flag
    app.o(i.task2Entry) refers to ttime.o(i.tTaskDelay) for tTaskDelay
    app.o(i.task2Entry) refers to app.o(.data) for task2Flag
    app.o(i.task3Entry) refers to ttime.o(i.tTaskDelay) for tTaskDelay
    app.o(i.task3Entry) refers to app.o(.data) for task3Flag
    app.o(i.task4Entry) refers to ttime.o(i.tTaskDelay) for tTaskDelay
    app.o(i.task4Entry) refers to app.o(.data) for task4Flag
    main.o(i.idleTaskEntry) refers to main.o(i.tTaskSchedDisable) for tTaskSchedDisable
    main.o(i.idleTaskEntry) refers to app.o(i.tInitApp) for tInitApp
    main.o(i.idleTaskEntry) refers to tcpu.o(i.tSetSysTickPeriod) for tSetSysTickPeriod
    main.o(i.idleTaskEntry) refers to main.o(i.tTaskSchedEnable) for tTaskSchedEnable
    main.o(i.idleTaskEntry) refers to switch.o(i.tTaskEnterCritical) for tTaskEnterCritical
    main.o(i.idleTaskEntry) refers to switch.o(i.tTaskExitCritical) for tTaskExitCritical
    main.o(i.idleTaskEntry) refers to thooks.o(i.tHooksCpuIdle) for tHooksCpuIdle
    main.o(i.idleTaskEntry) refers to main.o(.data) for idleCount
    main.o(i.main) refers to main.o(i.tTaskSchedInit) for tTaskSchedInit
    main.o(i.main) refers to main.o(i.tTaskDelayedInit) for tTaskDelayedInit
    main.o(i.main) refers to main.o(i.tTimeTickInit) for tTimeTickInit
    main.o(i.main) refers to ttask.o(i.tTaskInit) for tTaskInit
    main.o(i.main) refers to main.o(i.tTaskHighestReady) for tTaskHighestReady
    main.o(i.main) refers to switch.o(i.tTaskRunFirst) for tTaskRunFirst
    main.o(i.main) refers to main.o(.bss) for idleTaskEnv
    main.o(i.main) refers to main.o(i.idleTaskEntry) for idleTaskEntry
    main.o(i.main) refers to main.o(.data) for nextTask
    main.o(i.tTaskDelayedInit) refers to tlist.o(i.tListInit) for tListInit
    main.o(i.tTaskDelayedInit) refers to main.o(.bss) for tTaskDelayedList
    main.o(i.tTaskHighestReady) refers to tbitmap.o(i.tBitmapGetFirstSet) for tBitmapGetFirstSet
    main.o(i.tTaskHighestReady) refers to tlist.o(i.tListFirst) for tListFirst
    main.o(i.tTaskHighestReady) refers to main.o(.data) for taskPrioBitmap
    main.o(i.tTaskHighestReady) refers to main.o(.bss) for taskTable
    main.o(i.tTaskSched) refers to switch.o(i.tTaskEnterCritical) for tTaskEnterCritical
    main.o(i.tTaskSched) refers to switch.o(i.tTaskExitCritical) for tTaskExitCritical
    main.o(i.tTaskSched) refers to main.o(i.tTaskHighestReady) for tTaskHighestReady
    main.o(i.tTaskSched) refers to thooks.o(i.tHooksTaskSwitch) for tHooksTaskSwitch
    main.o(i.tTaskSched) refers to switch.o(i.tTaskSwitch) for tTaskSwitch
    main.o(i.tTaskSched) refers to main.o(.data) for schedLockCount
    main.o(i.tTaskSchedDisable) refers to switch.o(i.tTaskEnterCritical) for tTaskEnterCritical
    main.o(i.tTaskSchedDisable) refers to switch.o(i.tTaskExitCritical) for tTaskExitCritical
    main.o(i.tTaskSchedDisable) refers to main.o(.data) for schedLockCount
    main.o(i.tTaskSchedEnable) refers to switch.o(i.tTaskEnterCritical) for tTaskEnterCritical
    main.o(i.tTaskSchedEnable) refers to main.o(i.tTaskSched) for tTaskSched
    main.o(i.tTaskSchedEnable) refers to switch.o(i.tTaskExitCritical) for tTaskExitCritical
    main.o(i.tTaskSchedEnable) refers to main.o(.data) for schedLockCount
    main.o(i.tTaskSchedInit) refers to tbitmap.o(i.tBitmapInit) for tBitmapInit
    main.o(i.tTaskSchedInit) refers to tlist.o(i.tListInit) for tListInit
    main.o(i.tTaskSchedInit) refers to main.o(.data) for schedLockCount
    main.o(i.tTaskSchedInit) refers to main.o(.bss) for taskTable
    main.o(i.tTaskSchedRdy) refers to tlist.o(i.tListAddLast) for tListAddLast
    main.o(i.tTaskSchedRdy) refers to tbitmap.o(i.tBitmapSet) for tBitmapSet
    main.o(i.tTaskSchedRdy) refers to main.o(.bss) for taskTable
    main.o(i.tTaskSchedRdy) refers to main.o(.data) for taskPrioBitmap
[...]
    __printf_flags_wp.o(.text) refers to __printf_wp.o(i._is_digit) for _is_digit
    __printf_flags_wp.o(.text) refers to _printf_percent.o(.ARM.Collect$$_printf_percent$$00000000) for _printf_percent
    __printf_flags_wp.o(.text) refers to __printf_flags_wp.o(.constdata) for .constdata
    __printf_ss_wp.o(.text) refers to __printf_wp.o(i._is_digit) for _is_digit
    __printf_ss_wp.o(.text) refers to _printf_percent.o(.ARM.Collect$$_printf_percent$$00000000) for _printf_percent
    __printf_flags_ss_wp.o(.text) refers to __printf_wp.o(i._is_digit) for _is_digit
    __printf_flags_ss_wp.o(.text) refers to _printf_percent.o(.ARM.Collect$$_printf_percent$$00000000) for _printf_percent
    __printf_flags_ss_wp.o(.text) refers to __printf_flags_ss_wp.o(.constdata) for .constdata
    _printf_f.o(.ARM.Collect$$_printf_percent$$00000003) refers (Weak) to printf1.o(x$fpl$printf1) for _printf_fp_dec
    _printf_percent.o(.ARM.Collect$$_printf_percent$$00000000) refers (Special) to _printf_percent_end.o(.ARM.Collect$$_printf_percent$$00000017) for _printf_percent_end
    __main.o(!!!main) refers to __rtentry.o(.ARM.Collect$$rtentry$$00000000) for __rt_entry
    f2d.o(x$fpl$f2d) refers (Special) to usenofp.o(x$fpl$usenofp) for __I$use$fp
    f2d.o(x$fpl$f2d) refers to fnaninf.o(x$fpl$fnaninf) for __fpl_fnaninf
    f2d.o(x$fpl$f2d) refers to dretinf.o(x$fpl$dretinf) for __fpl_dretinf
    printf1.o(x$fpl$printf1) refers to _printf_fp_dec.o(.text) for _printf_fp_dec_real
    __rtentry.o(.ARM.Collect$$rtentry$$00000000) refers (Special) to __rtentry2.o(.ARM.Collect$$rtentry$$0000000A) for __rt_entry_li
    __rtentry.o(.ARM.Collect$$rtentry$$00000000) refers (Special) to __rtentry2.o(.ARM.Collect$$rtentry$$0000000D) for __rt_entry_main
    __rtentry.o(.ARM.Collect$$rtentry$$00000000) refers (Special) to __rtentry2.o(.ARM.Collect$$rtentry$$0000000C) for __rt_entry_postli_1
    __rtentry.o(.ARM.Collect$$rtentry$$00000000) refers (Special) to __rtentry2.o(.ARM.Collect$$rtentry$$00000009) for __rt_entry_postsh_1
    __rtentry.o(.ARM.Collect$$rtentry$$00000000) refers (Special) to __rtentry2.o(.ARM.Collect$$rtentry$$00000002) for __rt_entry_presh_1
    __rtentry.o(.ARM.Collect$$rtentry$$00000000) refers (Special) to __rtentry5.o(.ARM.Collect$$rtentry$$00000005) for __rt_entry_sh
    _printf_fp_dec.o(.text) refers (Special) to usenofp.o(x$fpl$usenofp) for __I$use$fp
    _printf_fp_dec.o(.text) refers (Special) to lc_numeric_c.o(locale$$code) for _get_lc_numeric
    _printf_fp_dec.o(.text) refers to bigflt0.o(.text) for _btod_etento
    _printf_fp_dec.o(.text) refers to btod.o(CL$$btod_d2e) for _btod_d2e
    _printf_fp_dec.o(.text) refers to btod.o(CL$$btod_ediv) for _btod_ediv
    _printf_fp_dec.o(.text) refers to btod.o(CL$$btod_emul) for _btod_emul
    _printf_fp_dec.o(.text) refers to lludiv10.o(.text) for _ll_udiv10
    _printf_fp_dec.o(.text) refers to fpclassify.o(i.__ARM_fpclassify) for __ARM_fpclassify
    _printf_fp_dec.o(.text) refers to _printf_fp_infnan.o(.text) for _printf_fp_infnan
    _printf_fp_dec.o(.text) refers to rt_locale_intlibspace.o(.text) for __rt_locale
    _printf_char_common.o(.text) refers to __printf.o(.text) for __printf
    dretinf.o(x$fpl$dretinf) refers (Special) to usenofp.o(x$fpl$usenofp) for __I$use$fp
    fnaninf.o(x$fpl$fnaninf) refers (Special) to usenofp.o(x$fpl$usenofp) for __I$use$fp
    __rtentry2.o(.ARM.Collect$$rtentry$$00000008) refers to boardinit2.o(.text) for _platform_post_stackheap_init
    __rtentry2.o(.ARM.Collect$$rtentry$$0000000A) refers to libinit.o(.ARM.Collect$$libinit$$00000000) for __rt_lib_init
    __rtentry2.o(.ARM.Collect$$rtentry$$0000000B) refers to boardinit3.o(.text) for _platform_post_lib_init
    __rtentry2.o(.ARM.Collect$$rtentry$$0000000D) refers to main.o(i.main) for main
    __rtentry2.o(.ARM.Collect$$rtentry$$0000000D) refers to exit.o(.text) for exit
    __rtentry2.o(.ARM.exidx) refers to __rtentry2.o(.ARM.Collect$$rtentry$$00000001) for .ARM.Collect$$rtentry$$00000001
    __rtentry2.o(.ARM.exidx) refers to __rtentry2.o(.ARM.Collect$$rtentry$$00000008) for .ARM.Collect$$rtentry$$00000008
    __rtentry2.o(.ARM.exidx) refers to __rtentry2.o(.ARM.Collect$$rtentry$$0000000A) for .ARM.Collect$$rtentry$$0000000A
    __rtentry2.o(.ARM.exidx) refers to __rtentry2.o(.ARM.Collect$$rtentry$$0000000B) for .ARM.Collect$$rtentry$$0000000B
    __rtentry2.o(.ARM.exidx) refers to __rtentry2.o(.ARM.Collect$$rtentry$$0000000D) for .ARM.Collect$$rtentry$$0000000D
    __rtentry4.o(.ARM.Collect$$rtentry$$00000004) refers to sys_stackheap_outer.o(.text) for __user_setup_stackheap
    __rtentry4.o(.ARM.exidx) refers to __rtentry4.o(.ARM.Collect$$rtentry$$00000004) for .ARM.Collect$$rtentry$$00000004
    __rtentry5.o(.ARM.Collect$$rtentry$$00000005) refers to __rtentry5.o(.ARM.Collect$$rtentry$$00002716) for __lit__00000000
    __rtentry5.o(.ARM.Collect$$rtentry$$00002716) refers to startup_armcm4_1.o(STACK) for __initial_sp
    __rtentry5.o(__vectab_stack_and_reset_sym_area) refers to startup_armcm4_1.o(STACK) for __initial_sp
    __rtentry5.o(__vectab_stack_and_reset_sym_area) refers to __main.o(!!!main) for __main
    __rtentry5.o(.ARM.exidx) refers to __rtentry5.o(.ARM.Collect$$rtentry$$00000005) for .ARM.Collect$$rtentry$$00000005
    __rtentry5.o(.ARM.exidx) refers to __rtentry5.o(.ARM.Collect$$rtentry$$00002716) for .ARM.Collect$$rtentry$$00002716
    rt_locale.o(.text) refers to rt_locale.o(.bss) for __rt_locale_data
    rt_locale_intlibspace.o(.text) refers to libspace.o(.bss) for __libspace_start
    bigflt0.o(.text) refers (Special) to usenofp.o(x$fpl$usenofp) for __I$use$fp
    bigflt0.o(.text) refers to btod.o(CL$$btod_emul) for _btod_emul
    bigflt0.o(.text) refers to btod.o(CL$$btod_ediv) for _btod_ediv
    bigflt0.o(.text) refers to bigflt0.o(.constdata) for .constdata
    bigflt0.o(.constdata) refers (Special) to usenofp.o(x$fpl$usenofp) for __I$use$fp
    btod.o(CL$$btod_d2e) refers (Special) to usenofp.o(x$fpl$usenofp) for __I$use$fp
    btod.o(CL$$btod_d2e) refers to btod.o(CL$$btod_d2e_norm_op1) for _d2e_norm_op1
    btod.o(CL$$btod_d2e_norm_op1) refers (Special) to usenofp.o(x$fpl$usenofp) for __I$use$fp
    btod.o(CL$$btod_d2e_norm_op1) refers to btod.o(CL$$btod_d2e_denorm_low) for _d2e_denorm_low
    btod.o(CL$$btod_d2e_denorm_low) refers (Special) to usenofp.o(x$fpl$usenofp) for __I$use$fp
    btod.o(CL$$btod_emul) refers (Special) to usenofp.o(x$fpl$usenofp) for __I$use$fp
    btod.o(CL$$btod_emul) refers to btod.o(CL$$btod_mult_common) for __btod_mult_common
    btod.o(CL$$btod_emul) refers to btod.o(CL$$btod_e2e) for _e2e
    btod.o(CL$$btod_ediv) refers (Special) to usenofp.o(x$fpl$usenofp) for __I$use$fp
    btod.o(CL$$btod_ediv) refers to btod.o(CL$$btod_div_common) for __btod_div_common
    btod.o(CL$$btod_ediv) refers to btod.o(CL$$btod_e2e) for _e2e
    btod.o(CL$$btod_emuld) refers (Special) to usenofp.o(x$fpl$usenofp) for __I$use$fp
    btod.o(CL$$btod_emuld) refers to btod.o(CL$$btod_mult_common) for __btod_mult_common
    btod.o(CL$$btod_emuld) refers to btod.o(CL$$btod_e2d) for _e2d
    btod.o(CL$$btod_edivd) refers (Special) to usenofp.o(x$fpl$usenofp) for __I$use$fp
    btod.o(CL$$btod_edivd) refers to btod.o(CL$$btod_div_common) for __btod_div_common
    btod.o(CL$$btod_edivd) refers to btod.o(CL$$btod_e2d) for _e2d
    btod.o(CL$$btod_e2e) refers (Special) to usenofp.o(x$fpl$usenofp) for __I$use$fp
    btod.o(CL$$btod_e2d) refers (Special) to usenofp.o(x$fpl$usenofp) for __I$use$fp
    btod.o(CL$$btod_e2d) refers to btod.o(CL$$btod_e2e) for _e2e
    btod.o(CL$$btod_mult_common) refers (Special) to usenofp.o(x$fpl$usenofp) for __I$use$fp
    btod.o(CL$$btod_div_common) refers (Special) to usenofp.o(x$fpl$usenofp) for __I$use$fp
    lc_numeric_c.o(locale$$data) refers (Special) to libinit2.o(.ARM.Collect$$libinit$$00000016) for __rt_lib_init_lc_numeric_2
    lc_numeric_c.o(locale$$code) refers (Special) to libinit2.o(.ARM.Collect$$libinit$$00000016) for __rt_lib_init_lc_numeric_2
    lc_numeric_c.o(locale$$code) refers to strcmpv7m.o(.text) for strcmp
    lc_numeric_c.o(locale$$code) refers to lc_numeric_c.o(locale$$data) for __lcnum_c_name
    istatus.o(x$fpl$ieeestatus) refers (Special) to usenofp.o(x$fpl$usenofp) for __I$use$fp
    fpclassify.o(i.__ARM_fpclassify) refers (Special) to usenofp.o(x$fpl$usenofp) for __I$use$fp
    libspace.o(.text) refers to libspace.o(.bss) for __libspace_start
    sys_stackheap_outer.o(.text) refers to libspace.o(.text) for __user_perproc_libspace
    sys_stackheap_outer.o(.text) refers to sys_stackheap.o(.text) for __user_initial_stackheap
    exit.o(.text) refers to rtexit.o(.ARM.Collect$$rtexit$$00000000) for __rt_exit
    libinit.o(.ARM.Collect$$libinit$$00000000) refers (Special) to libinit2.o(.ARM.Collect$$libinit$$0000002E) for __rt_lib_init_alloca_1
    libinit.o(.ARM.Collect$$libinit$$00000000) refers (Special) to libinit2.o(.ARM.Collect$$libinit$$0000002C) for __rt_lib_init_argv_1
    libinit.o(.ARM.Collect$$libinit$$00000000) refers (Special) to libinit2.o(.ARM.Collect$$libinit$$0000001B) for __rt_lib_init_atexit_1
    libinit.o(.ARM.Collect$$libinit$$00000000) refers (Special) to libinit2.o(.ARM.Collect$$libinit$$00000021) for __rt_lib_init_clock_1
    libinit.o(.ARM.Collect$$libinit$$00000000) refers (Special) to libinit2.o(.ARM.Collect$$libinit$$00000032) for __rt_lib_init_cpp_1
    libinit.o(.ARM.Collect$$libinit$$00000000) refers (Special) to libinit2.o(.ARM.Collect$$libinit$$00000030) for __rt_lib_init_exceptions_1
    libinit.o(.ARM.Collect$$libinit$$00000000) refers (Special) to libinit2.o(.ARM.Collect$$libinit$$00000001) for __rt_lib_init_fp_1
    libinit.o(.ARM.Collect$$libinit$$00000000) refers (Special) to libinit2.o(.ARM.Collect$$libinit$$0000001F) for __rt_lib_init_fp_trap_1
    libinit.o(.ARM.Collect$$libinit$$00000000) refers (Special) to libinit2.o(.ARM.Collect$$libinit$$00000023) for __rt_lib_init_getenv_1
    libinit.o(.ARM.Collect$$libinit$$00000000) refers (Special) to libinit2.o(.ARM.Collect$$libinit$$0000000A) for __rt_lib_init_heap_1
    libinit.o(.ARM.Collect$$libinit$$00000000) refers (Special) to libinit2.o(.ARM.Collect$$libinit$$00000011) for __rt_lib_init_lc_collate_1
    libinit.o(.ARM.Collect$$libinit$$00000000) refers (Special) to libinit2.o(.ARM.Collect$$libinit$$00000013) for __rt_lib_init_lc_ctype_1
    libinit.o(.ARM.Collect$$libinit$$00000000) refers (Special) to libinit2.o(.ARM.Collect$$libinit$$00000015) for __rt_lib_init_lc_monetary_1
    libinit.o(.ARM.Collect$$libinit$$00000000) refers (Special) to libinit2.o(.ARM.Collect$$libinit$$00000017) for __rt_lib_init_lc_numeric_1
    libinit.o(.ARM.Collect$$libinit$$00000000) refers (Special) to libinit2.o(.ARM.Collect$$libinit$$00000019) for __rt_lib_init_lc_time_1
    libinit.o(.ARM.Collect$$libinit$$00000000) refers (Special) to libinit2.o(.ARM.Collect$$libinit$$00000004) for __rt_lib_init_preinit_1
    libinit.o(.ARM.Collect$$libinit$$00000000) refers (Special) to libinit2.o(.ARM.Collect$$libinit$$0000000E) for __rt_lib_init_rand_1
    libinit.o(.ARM.Collect$$libinit$$00000000) refers (Special) to libinit2.o(.ARM.Collect$$libinit$$00000033) for __rt_lib_init_return
    libinit.o(.ARM.Collect$$libinit$$00000000) refers (Special) to libinit2.o(.ARM.Collect$$libinit$$0000001D) for __rt_lib_init_signal_1
    libinit.o(.ARM.Collect$$libinit$$00000000) refers (Special) to libinit2.o(.ARM.Collect$$libinit$$00000025) for __rt_lib_init_stdio_1
    libinit.o(.ARM.Collect$$libinit$$00000000) refers (Special) to libinit2.o(.ARM.Collect$$libinit$$0000000C) for __rt_lib_init_user_alloc_1
    libinit2.o(.ARM.Collect$$libinit$$00000001) refers to fpinit.o(x$fpl$fpinit) for _fp_init
    libinit2.o(.ARM.Collect$$libinit$$0000000F) refers (Weak) to rt_locale_intlibspace.o(.text) for __rt_locale
    libinit2.o(.ARM.Collect$$libinit$$00000010) refers to libinit2.o(.ARM.Collect$$libinit$$0000000F) for .ARM.Collect$$libinit$$0000000F
    libinit2.o(.ARM.Collect$$libinit$$00000012) refers to libinit2.o(.ARM.Collect$$libinit$$0000000F) for .ARM.Collect$$libinit$$0000000F
    libinit2.o(.ARM.Collect$$libinit$$00000014) refers to libinit2.o(.ARM.Collect$$libinit$$0000000F) for .ARM.Collect$$libinit$$0000000F
    libinit2.o(.ARM.Collect$$libinit$$00000016) refers to libinit2.o(.ARM.Collect$$libinit$$0000000F) for .ARM.Collect$$libinit$$0000000F
    libinit2.o(.ARM.Collect$$libinit$$00000016) refers (Weak) to lc_numeric_c.o(locale$$code) for _get_lc_numeric
    libinit2.o(.ARM.Collect$$libinit$$00000018) refers to libinit2.o(.ARM.Collect$$libinit$$0000000F) for .ARM.Collect$$libinit$$0000000F
    libinit2.o(.ARM.Collect$$libinit$$00000026) refers to argv_veneer.o(.emb_text) for __ARM_argv_veneer
    libinit2.o(.ARM.Collect$$libinit$$00000027) refers to argv_veneer.o(.emb_text) for __ARM_argv_veneer
    sys_stackheap.o(.text) refers (Special) to indicate_semi.o(.text) for __semihosting_library_function
    sys_stackheap.o(.text) refers to use_no_semi.o(.text) for __I$use$semihosting
    rtexit.o(.ARM.Collect$$rtexit$$00000000) refers (Special) to rtexit2.o(.ARM.Collect$$rtexit$$00000004) for __rt_exit_exit
    rtexit.o(.ARM.Collect$$rtexit$$00000000) refers (Special) to rtexit2.o(.ARM.Collect$$rtexit$$00000003) for __rt_exit_ls
    rtexit.o(.ARM.Collect$$rtexit$$00000000) refers (Special) to rtexit2.o(.ARM.Collect$$rtexit$$00000002) for __rt_exit_prels_1
    rtexit.o(.ARM.exidx) refers (Special) to rtexit2.o(.ARM.Collect$$rtexit$$00000004) for __rt_exit_exit
    rtexit.o(.ARM.exidx) refers (Special) to rtexit2.o(.ARM.Collect$$rtexit$$00000003) for __rt_exit_ls
    rtexit.o(.ARM.exidx) refers (Special) to rtexit2.o(.ARM.Collect$$rtexit$$00000002) for __rt_exit_prels_1
    rtexit.o(.ARM.exidx) refers to rtexit.o(.ARM.Collect$$rtexit$$00000000) for .ARM.Collect$$rtexit$$00000000
    argv_veneer.o(.emb_text) refers to no_argv.o(.text) for __ARM_get_argv
    libinit3.o(.ARM.Collect$$libinit$$00000006) refers to libinit3.o(.ARM.Collect$$libinit$$00002717) for __lit__00000000
    libinit3.o(.ARM.Collect$$libinit$$00002717) refers to startup_armcm4_1.o(HEAP) for __heap_base
    libinit3.o(.ARM.Collect$$libinit$$00000028) refers to libinit3.o(.ARM.Collect$$libinit$$00002739) for __lit__00000002
    libinit3.o(.ARM.Collect$$libinit$$00000028) refers to argv_veneer.o(.emb_text) for __ARM_argv_veneer
    libinit3.o(.ARM.Collect$$libinit$$00002739) refers to startup_armcm4_1.o(HEAP) for __heap_base
    rtexit2.o(.ARM.Collect$$rtexit$$00000003) refers to libshutdown.o(.ARM.Collect$$libshutdown$$00000000) for __rt_lib_shutdown
    rtexit2.o(.ARM.Collect$$rtexit$$00000004) refers to sys_exit.o(.text) for _sys_exit
    rtexit2.o(.ARM.exidx) refers to rtexit2.o(.ARM.Collect$$rtexit$$00000001) for .ARM.Collect$$rtexit$$00000001
    rtexit2.o(.ARM.exidx) refers to rtexit2.o(.ARM.Collect$$rtexit$$00000003) for .ARM.Collect$$rtexit$$00000003
    rtexit2.o(.ARM.exidx) refers to rtexit2.o(.ARM.Collect$$rtexit$$00000004) for .ARM.Collect$$rtexit$$00000004
    _get_argv_nomalloc.o(.text) refers (Special) to hrguard.o(.text) for __heap_region$guard
    _get_argv_nomalloc.o(.text) refers to defsig_rtmem_outer.o(.text) for __rt_SIGRTMEM
    _get_argv_nomalloc.o(.text) refers to sys_command.o(.text) for _sys_command_string
    sys_command.o(.text) refers (Special) to use_no_semi.o(.text) for __I$use$semihosting
    sys_command.o(.text) refers (Special) to indicate_semi.o(.text) for __semihosting_library_function
    sys_exit.o(.text) refers (Special) to use_no_semi.o(.text) for __I$use$semihosting
    sys_exit.o(.text) refers (Special) to indicate_semi.o(.text) for __semihosting_library_function
    defsig_rtmem_outer.o(.text) refers to defsig_rtmem_inner.o(.text) for __rt_SIGRTMEM_inner
    defsig_rtmem_outer.o(.text) refers to defsig_exit.o(.text) for __sig_exit
    defsig_rtmem_formal.o(.text) refers to rt_raise.o(.text) for __rt_raise
    libshutdown.o(.ARM.Collect$$libshutdown$$00000000) refers (Special) to libshutdown2.o(.ARM.Collect$$libshutdown$$00000002) for __rt_lib_shutdown_cpp_1
    libshutdown.o(.ARM.Collect$$libshutdown$$00000000) refers (Special) to libshutdown2.o(.ARM.Collect$$libshutdown$$00000007) for __rt_lib_shutdown_fp_trap_1
    libshutdown.o(.ARM.Collect$$libshutdown$$00000000) refers (Special) to libshutdown2.o(.ARM.Collect$$libshutdown$$0000000F) for __rt_lib_shutdown_heap_1
    libshutdown.o(.ARM.Collect$$libshutdown$$00000000) refers (Special) to libshutdown2.o(.ARM.Collect$$libshutdown$$00000010) for __rt_lib_shutdown_return
    libshutdown.o(.ARM.Collect$$libshutdown$$00000000) refers (Special) to libshutdown2.o(.ARM.Collect$$libshutdown$$0000000A) for __rt_lib_shutdown_signal_1
    libshutdown.o(.ARM.Collect$$libshutdown$$00000000) refers (Special) to libshutdown2.o(.ARM.Collect$$libshutdown$$00000004) for __rt_lib_shutdown_stdio_1
    libshutdown.o(.ARM.Collect$$libshutdown$$00000000) refers (Special) to libshutdown2.o(.ARM.Collect$$libshutdown$$0000000C) for __rt_lib_shutdown_user_alloc_1
    rt_raise.o(.text) refers to __raise.o(.text) for __raise
    rt_raise.o(.text) refers to sys_exit.o(.text) for _sys_exit
    defsig_exit.o(.text) refers to sys_exit.o(.text) for _sys_exit
    defsig_rtmem_inner.o(.text) refers to defsig_general.o(.text) for __default_signal_display
    __raise.o(.text) refers to defsig.o(CL$$defsig) for __default_signal_handler
    defsig_general.o(.text) refers to sys_wrch.o(.text) for _ttywrch
    sys_wrch.o(.text) refers (Special) to use_no_semi.o(.text) for __I$use$semihosting
    sys_wrch.o(.text) refers (Special) to indicate_semi.o(.text) for __semihosting_library_function
    defsig.o(CL$$defsig) refers to defsig_rtmem_inner.o(.text) for __rt_SIGRTMEM_inner
    defsig_abrt_inner.o(.text) refers to defsig_general.o(.text) for __default_signal_display
    defsig_fpe_inner.o(.text) refers to defsig_general.o(.text) for __default_signal_display
    defsig_rtred_inner.o(.text) refers to defsig_general.o(.text) for __default_signal_display
    defsig_stak_inner.o(.text) refers to defsig_general.o(.text) for __default_signal_display
    defsig_pvfn_inner.o(.text) refers to defsig_general.o(.text) for __default_signal_display
    defsig_cppl_inner.o(.text) refers to defsig_general.o(.text) for __default_signal_display
    defsig_segv_inner.o(.text) refers to defsig_general.o(.text) for __default_signal_display
    defsig_other.o(.text) refers to defsig_general.o(.text) for __default_signal_display


==============================================================================

Removing Unused input sections from the image.

    Removing app.o(.rev16_text), (4 bytes).
    Removing app.o(.revsh_text), (4 bytes).
    Removing app.o(.rrx_text), (6 bytes).
    Removing main.o(i.tTaskSchedRemove), (60 bytes).
    Removing main.o(i.tTimeTaskRemove), (20 bytes).
    Removing switch.o(.rev16_text), (4 bytes).
    Removing switch.o(.revsh_text), (4 bytes).
    Removing switch.o(.rrx_text), (6 bytes).
    Removing tcpu.o(.rev16_text), (4 bytes).
    Removing tcpu.o(.revsh_text), (4 bytes).
    Removing tcpu.o(.rrx_text), (6 bytes).
    Removing tevent.o(i.tEventInit), (16 bytes).
    Removing tevent.o(i.tEventRemoveAll), (88 bytes).
    Removing tevent.o(i.tEventWait), (76 bytes).
    Removing tevent.o(i.tEventWaitCount), (30 bytes).
    Removing tevent.o(i.tEventWakeUp), (78 bytes).
    Removing tevent.o(i.tEventWakeUpTask), (70 bytes).
    Removing tlist.o(i.tListAddFirst), (24 bytes).
    Removing tlist.o(i.tListInsertAfter), (20 bytes).
    Removing tlist.o(i.tListLast), (12 bytes).
    Removing tlist.o(i.tListNext), (16 bytes).
    Removing tlist.o(i.tListPre), (16 bytes).
    Removing tlist.o(i.tListRemoveAll), (32 bytes).
    Removing ttask.o(i.tTaskDeleteSelf), (56 bytes).
    Removing ttask.o(i.tTaskForceDelete), (80 bytes).
    Removing ttask.o(i.tTaskGetInfo), (86 bytes).
    Removing ttask.o(i.tTaskIsRequestedDelete), (32 bytes).
    Removing ttask.o(i.tTaskRequestDelete), (24 bytes).
    Removing ttask.o(i.tTaskSetCleanCallFunc), (6 bytes).
    Removing ttask.o(i.tTaskSuspend), (68 bytes).
    Removing ttask.o(i.tTaskWakeUp), (54 bytes).
    Removing startup_armcm4_1.o(HEAP), (3072 bytes).
    Removing system_armcm4_1.o(.rev16_text), (4 bytes).
    Removing system_armcm4_1.o(.revsh_text), (4 bytes).
    Removing system_armcm4_1.o(.rrx_text), (6 bytes).
    Removing system_armcm4_1.o(i.SystemCoreClockUpdate), (16 bytes).

36 unused section(s) (total 4108 bytes) removed from the image.

==============================================================================

Image Symbol Table

    Local Symbols

    Symbol Name                              Value     Ov Type        Size  Object(Section)

    RESET                                    0x00000000   Section      960  startup_armcm4_1.o(RESET)
    ../clib/angel/boardlib.s                 0x00000000   Number         0  boardinit1.o ABSOLUTE
    ../clib/angel/boardlib.s                 0x00000000   Number         0  boardshut.o ABSOLUTE
    ../clib/angel/boardlib.s                 0x00000000   Number         0  boardinit2.o ABSOLUTE
    ../clib/angel/boardlib.s                 0x00000000   Number         0  boardinit3.o ABSOLUTE
    ../clib/angel/handlers.s                 0x00000000   Number         0  __scatter_zi.o ABSOLUTE
    ../clib/angel/handlers.s                 0x00000000   Number         0  __scatter_copy.o ABSOLUTE
    ../clib/angel/kernel.s                   0x00000000   Number         0  __rtentry.o ABSOLUTE
    ../clib/angel/kernel.s                   0x00000000   Number         0  rtexit2.o ABSOLUTE
    ../clib/angel/kernel.s                   0x00000000   Number         0  __rtentry4.o ABSOLUTE
    ../clib/angel/kernel.s                   0x00000000   Number         0  __rtentry2.o ABSOLUTE
    ../clib/angel/kernel.s                   0x00000000   Number         0  rtexit.o ABSOLUTE
    ../clib/angel/kernel.s                   0x00000000   Number         0  __rtentry5.o ABSOLUTE
    ../clib/angel/rt.s                       0x00000000   Number         0  rt_raise.o ABSOLUTE
    ../clib/angel/rt.s                       0x00000000   Number         0  rt_locale_intlibspace.o ABSOLUTE
    ../clib/angel/rt.s                       0x00000000   Number         0  rt_locale.o ABSOLUTE
    ../clib/angel/scatter.s                  0x00000000   Number         0  __scatter.o ABSOLUTE
    ../clib/angel/startup.s                  0x00000000   Number         0  __main.o ABSOLUTE
    ../clib/angel/sys.s                      0x00000000   Number         0  sys_stackheap.o ABSOLUTE
    ../clib/angel/sys.s                      0x00000000   Number         0  sys_stackheap_outer.o ABSOLUTE
    ../clib/angel/sys.s                      0x00000000   Number         0  libspace.o ABSOLUTE
    ../clib/angel/sys.s                      0x00000000   Number         0  indicate_semi.o ABSOLUTE
    ../clib/angel/sys.s                      0x00000000   Number         0  use_no_semi.o ABSOLUTE
    ../clib/angel/sysapp.c                   0x00000000   Number         0  sys_wrch.o ABSOLUTE
    ../clib/angel/sysapp.c                   0x00000000   Number         0  sys_command.o ABSOLUTE
    ../clib/angel/sysapp.c                   0x00000000   Number         0  sys_exit.o ABSOLUTE
    ../clib/armsys.c                         0x00000000   Number         0  argv_veneer.o ABSOLUTE
    ../clib/armsys.c                         0x00000000   Number         0  argv_veneer.o ABSOLUTE
    ../clib/armsys.c                         0x00000000   Number         0  no_argv.o ABSOLUTE
    ../clib/armsys.c                         0x00000000   Number         0  _get_argv_nomalloc.o ABSOLUTE
    ../clib/bigflt.c                         0x00000000   Number         0  bigflt0.o ABSOLUTE
    ../clib/btod.s                           0x00000000   Number         0  btod.o ABSOLUTE
    ../clib/heapalloc.c                      0x00000000   Number         0  hrguard.o ABSOLUTE
    ../clib/heapaux.c                        0x00000000   Number         0  heapauxi.o ABSOLUTE
    ../clib/libinit.s                        0x00000000   Number         0  libshutdown.o ABSOLUTE
    ../clib/libinit.s                        0x00000000   Number         0  libinit3.o ABSOLUTE
    ../clib/libinit.s                        0x00000000   Number         0  libshutdown2.o ABSOLUTE
    ../clib/libinit.s                        0x00000000   Number         0  libinit2.o ABSOLUTE
    ../clib/libinit.s                        0x00000000   Number         0  libinit.o ABSOLUTE
    ../clib/locale.s                         0x00000000   Number         0  lc_numeric_c.o ABSOLUTE
    ../clib/longlong.s                       0x00000000   Number         0  lludiv10.o ABSOLUTE
    ../clib/memcpset.s                       0x00000000   Number         0  rt_memclr_w.o ABSOLUTE
    ../clib/memcpset.s                       0x00000000   Number         0  strcmpv7m.o ABSOLUTE
    ../clib/printf.c                         0x00000000   Number         0  __printf_flags.o ABSOLUTE
    ../clib/printf.c                         0x00000000   Number         0  __printf_ss.o ABSOLUTE
    ../clib/printf.c                         0x00000000   Number         0  __printf_wp.o ABSOLUTE
    ../clib/printf.c                         0x00000000   Number         0  __printf_flags_wp.o ABSOLUTE
    ../clib/printf.c                         0x00000000   Number         0  __printf_ss_wp.o ABSOLUTE
    ../clib/printf.c                         0x00000000   Number         0  __printf_flags_ss_wp.o ABSOLUTE
    ../clib/printf.c                         0x00000000   Number         0  _sputc.o ABSOLUTE
    ../clib/printf.c                         0x00000000   Number         0  _printf_char_common.o ABSOLUTE
    ../clib/printf.c                         0x00000000   Number         0  noretval__2sprintf.o ABSOLUTE
    ../clib/printf.c                         0x00000000   Number         0  __printf.o ABSOLUTE
    ../clib/printf.c                         0x00000000   Number         0  _printf_fp_dec.o ABSOLUTE
    ../clib/printf.c                         0x00000000   Number         0  _printf_fp_infnan.o ABSOLUTE
    ../clib/printf.c                         0x00000000   Number         0  __printf_nopercent.o ABSOLUTE
    ../clib/printf.c                         0x00000000   Number         0  __2sprintf.o ABSOLUTE
    ../clib/printf.c                         0x00000000   Number         0  __printf_flags_ss.o ABSOLUTE
    ../clib/printf_percent.s                 0x00000000   Number         0  _printf_percent_end.o ABSOLUTE
    ../clib/printf_percent.s                 0x00000000   Number         0  _printf_percent.o ABSOLUTE
    ../clib/printf_percent.s                 0x00000000   Number         0  _printf_f.o ABSOLUTE
    ../clib/signal.c                         0x00000000   Number         0  defsig_stak_inner.o ABSOLUTE
    ../clib/signal.c                         0x00000000   Number         0  defsig_rtred_inner.o ABSOLUTE
    ../clib/signal.c                         0x00000000   Number         0  defsig_fpe_inner.o ABSOLUTE
    ../clib/signal.c                         0x00000000   Number         0  defsig_general.o ABSOLUTE
    ../clib/signal.c                         0x00000000   Number         0  defsig_rtmem_outer.o ABSOLUTE
    ../clib/signal.c                         0x00000000   Number         0  __raise.o ABSOLUTE
    ../clib/signal.c                         0x00000000   Number         0  defsig_rtmem_inner.o ABSOLUTE
    ../clib/signal.c                         0x00000000   Number         0  defsig_exit.o ABSOLUTE
    ../clib/signal.c                         0x00000000   Number         0  defsig_abrt_inner.o ABSOLUTE
    ../clib/signal.c                         0x00000000   Number         0  defsig_rtmem_formal.o ABSOLUTE
    ../clib/signal.c                         0x00000000   Number         0  defsig_other.o ABSOLUTE
    ../clib/signal.c                         0x00000000   Number         0  defsig_segv_inner.o ABSOLUTE
    ../clib/signal.c                         0x00000000   Number         0  defsig_cppl_inner.o ABSOLUTE
    ../clib/signal.c                         0x00000000   Number         0  defsig_pvfn_inner.o ABSOLUTE
    ../clib/signal.s                         0x00000000   Number         0  defsig.o ABSOLUTE
    ../clib/stdlib.c                         0x00000000   Number         0  exit.o ABSOLUTE
    ../fplib/dretinf.s                       0x00000000   Number         0  dretinf.o ABSOLUTE
    ../fplib/f2d.s                           0x00000000   Number         0  f2d.o ABSOLUTE
    ../fplib/fnaninf.s                       0x00000000   Number         0  fnaninf.o ABSOLUTE
    ../fplib/fpinit.s                        0x00000000   Number         0  fpinit.o ABSOLUTE
    ../fplib/istatus.s                       0x00000000   Number         0  istatus.o ABSOLUTE
    ../fplib/printf1.s                       0x00000000   Number         0  printf1.o ABSOLUTE
    ../fplib/usenofp.s                       0x00000000   Number         0  usenofp.o ABSOLUTE
    ../mathlib/fpclassify.c                  0x00000000   Number         0  fpclassify.o ABSOLUTE
    RTE\Device\ARMCM4_FP\startup_ARMCM4.s    0x00000000   Number         0  startup_armcm4_1.o ABSOLUTE
    RTE\Device\ARMCM4_FP\system_ARMCM4.c     0x00000000   Number         0  system_armcm4_1.o ABSOLUTE
    RTE\\Device\\ARMCM4_FP\\system_ARMCM4.c  0x00000000   Number         0  system_armcm4_1.o ABSOLUTE
    Source\\app.c                            0x00000000   Number         0  app.o ABSOLUTE
    Source\\switch.c                         0x00000000   Number         0  switch.o ABSOLUTE
    Source\\tCpu.c                           0x00000000   Number         0  tcpu.o ABSOLUTE
    Source\app.c                             0x00000000   Number         0  app.o ABSOLUTE
    Source\main.c                            0x00000000   Number         0  main.o ABSOLUTE
    Source\switch.c                          0x00000000   Number         0  switch.o ABSOLUTE
    Source\tBitmap.c                         0x00000000   Number         0  tbitmap.o ABSOLUTE
    Source\tCpu.c                            0x00000000   Number         0  tcpu.o ABSOLUTE
    Source\tEvent.c                          0x00000000   Number         0  tevent.o ABSOLUTE
    Source\tFlagGroup.c                      0x00000000   Number         0  tflaggroup.o ABSOLUTE
    Source\tHooks.c                          0x00000000   Number         0  thooks.o ABSOLUTE
    Source\tList.c                           0x00000000   Number         0  tlist.o ABSOLUTE
    Source\tMBox.c                           0x00000000   Number         0  tmbox.o ABSOLUTE
    Source\tMemBlock.c                       0x00000000   Number         0  tmemblock.o ABSOLUTE
    Source\tMutex.c                          0x00000000   Number         0  tmutex.o ABSOLUTE
    Source\tSem.c                            0x00000000   Number         0  tsem.o ABSOLUTE
    Source\tTask.c                           0x00000000   Number         0  ttask.o ABSOLUTE
    Source\tTime.c                           0x00000000   Number         0  ttime.o ABSOLUTE
    Source\tTimer.c                          0x00000000   Number         0  ttimer.o ABSOLUTE
    dc.s                                     0x00000000   Number         0  dc.o ABSOLUTE
    !!!main                                  0x000003c0   Section        8  __main.o(!!!main)
    !!!scatter                               0x000003c8   Section       52  __scatter.o(!!!scatter)
    !!handler_copy                           0x000003fc   Section       26  __scatter_copy.o(!!handler_copy)
    !!handler_zi                             0x00000418   Section       28  __scatter_zi.o(!!handler_zi)
    .ARM.Collect$$_printf_percent$$00000000  0x00000434   Section        0  _printf_percent.o(.ARM.Collect$$_printf_percent$$00000000)
    .ARM.Collect$$_printf_percent$$00000003  0x00000434   Section        6  _printf_f.o(.ARM.Collect$$_printf_percent$$00000003)
    .ARM.Collect$$_printf_percent$$00000017  0x0000043a   Section        4  _printf_percent_end.o(.ARM.Collect$$_printf_percent$$00000017)
    .ARM.Collect$$libinit$$00000000          0x0000043e   Section        2  libinit.o(.ARM.Collect$$libinit$$00000000)
    .ARM.Collect$$libinit$$00000001          0x00000440   Section        4  libinit2.o(.ARM.Collect$$libinit$$00000001)
    .ARM.Collect$$libinit$$00000004          0x00000444   Section        0  libinit2.o(.ARM.Collect$$libinit$$00000004)
    .ARM.Collect$$libinit$$0000000A          0x00000444   Section        0  libinit2.o(.ARM.Collect$$libinit$$0000000A)
    .ARM.Collect$$libinit$$0000000C          0x00000444   Section        0  libinit2.o(.ARM.Collect$$libinit$$0000000C)
    .ARM.Collect$$libinit$$0000000E          0x00000444   Section        0  libinit2.o(.ARM.Collect$$libinit$$0000000E)
    .ARM.Collect$$libinit$$0000000F          0x00000444   Section        6  libinit2.o(.ARM.Collect$$libinit$$0000000F)
    .ARM.Collect$$libinit$$00000011          0x0000044a   Section        0  libinit2.o(.ARM.Collect$$libinit$$00000011)
    .ARM.Collect$$libinit$$00000013          0x0000044a   Section        0  libinit2.o(.ARM.Collect$$libinit$$00000013)
    .ARM.Collect$$libinit$$00000015          0x0000044a   Section        0  libinit2.o(.ARM.Collect$$libinit$$00000015)
    .ARM.Collect$$libinit$$00000016          0x0000044a   Section       10  libinit2.o(.ARM.Collect$$libinit$$00000016)
    .ARM.Collect$$libinit$$00000017          0x00000454   Section        0  libinit2.o(.ARM.Collect$$libinit$$00000017)
    .ARM.Collect$$libinit$$00000019          0x00000454   Section        0  libinit2.o(.ARM.Collect$$libinit$$00000019)
    .ARM.Collect$$libinit$$0000001B          0x00000454   Section        0  libinit2.o(.ARM.Collect$$libinit$$0000001B)
    .ARM.Collect$$libinit$$0000001D          0x00000454   Section        0  libinit2.o(.ARM.Collect$$libinit$$0000001D)
    .ARM.Collect$$libinit$$0000001F          0x00000454   Section        0  libinit2.o(.ARM.Collect$$libinit$$0000001F)
    .ARM.Collect$$libinit$$00000021          0x00000454   Section        0  libinit2.o(.ARM.Collect$$libinit$$00000021)
    .ARM.Collect$$libinit$$00000023          0x00000454   Section        0  libinit2.o(.ARM.Collect$$libinit$$00000023)
    .ARM.Collect$$libinit$$00000025          0x00000454   Section        0  libinit2.o(.ARM.Collect$$libinit$$00000025)
    .ARM.Collect$$libinit$$0000002C          0x00000454   Section        0  libinit2.o(.ARM.Collect$$libinit$$0000002C)
    .ARM.Collect$$libinit$$0000002E          0x00000454   Section        0  libinit2.o(.ARM.Collect$$libinit$$0000002E)
    .ARM.Collect$$libinit$$00000030          0x00000454   Section        0  libinit2.o(.ARM.Collect$$libinit$$00000030)
    .ARM.Collect$$libinit$$00000032          0x00000454   Section        0  libinit2.o(.ARM.Collect$$libinit$$00000032)
    .ARM.Collect$$libinit$$00000033          0x00000454   Section        2  libinit2.o(.ARM.Collect$$libinit$$00000033)
    .ARM.Collect$$libshutdown$$00000000      0x00000456   Section        2  libshutdown.o(.ARM.Collect$$libshutdown$$00000000)
    .ARM.Collect$$libshutdown$$00000002      0x00000458   Section        0  libshutdown2.o(.ARM.Collect$$libshutdown$$00000002)
    .ARM.Collect$$libshutdown$$00000004      0x00000458   Section        0  libshutdown2.o(.ARM.Collect$$libshutdown$$00000004)
    .ARM.Collect$$libshutdown$$00000007      0x00000458   Section        0  libshutdown2.o(.ARM.Collect$$libshutdown$$00000007)
    .ARM.Collect$$libshutdown$$0000000A      0x00000458   Section        0  libshutdown2.o(.ARM.Collect$$libshutdown$$0000000A)
    .ARM.Collect$$libshutdown$$0000000C      0x00000458   Section        0  libshutdown2.o(.ARM.Collect$$libshutdown$$0000000C)
    .ARM.Collect$$libshutdown$$0000000F      0x00000458   Section        0  libshutdown2.o(.ARM.Collect$$libshutdown$$0000000F)
    .ARM.Collect$$libshutdown$$00000010      0x00000458   Section        2  libshutdown2.o(.ARM.Collect$$libshutdown$$00000010)
    .ARM.Collect$$rtentry$$00000000          0x0000045a   Section        0  __rtentry.o(.ARM.Collect$$rtentry$$00000000)
    .ARM.Collect$$rtentry$$00000002          0x0000045a   Section        0  __rtentry2.o(.ARM.Collect$$rtentry$$00000002)
    .ARM.Collect$$rtentry$$00000005          0x0000045a   Section        4  __rtentry5.o(.ARM.Collect$$rtentry$$00000005)
    .ARM.Collect$$rtentry$$00000009          0x0000045e   Section        0  __rtentry2.o(.ARM.Collect$$rtentry$$00000009)
    .ARM.Collect$$rtentry$$0000000A          0x0000045e   Section        4  __rtentry2.o(.ARM.Collect$$rtentry$$0000000A)
    .ARM.Collect$$rtentry$$0000000C          0x00000462   Section        0  __rtentry2.o(.ARM.Collect$$rtentry$$0000000C)
    .ARM.Collect$$rtentry$$0000000D          0x00000462   Section        8  __rtentry2.o(.ARM.Collect$$rtentry$$0000000D)
    .ARM.Collect$$rtentry$$00002716          0x0000046c   Section        4  __rtentry5.o(.ARM.Collect$$rtentry$$00002716)
    __lit__00000000                          0x0000046c   Data           4  __rtentry5.o(.ARM.Collect$$rtentry$$00002716)
    .ARM.Collect$$rtexit$$00000000           0x00000470   Section        2  rtexit.o(.ARM.Collect$$rtexit$$00000000)
    .ARM.Collect$$rtexit$$00000002           0x00000472   Section        0  rtexit2.o(.ARM.Collect$$rtexit$$00000002)
    .ARM.Collect$$rtexit$$00000003           0x00000472   Section        4  rtexit2.o(.ARM.Collect$$rtexit$$00000003)
    .ARM.Collect$$rtexit$$00000004           0x00000476   Section        6  rtexit2.o(.ARM.Collect$$rtexit$$00000004)
    .emb_text                                0x0000047c   Section       34  switch.o(.emb_text)
    $v0                                      0x0000047c   Number         0  switch.o(.emb_text)
    .text                                    0x000004a0   Section       56  startup_armcm4_1.o(.text)
    $v0                                      0x000004a0   Number         0  startup_armcm4_1.o(.text)
    .text                                    0x000004d8   Section        0  noretval__2sprintf.o(.text)
    .text                                    0x00000500   Section        0  __printf.o(.text)
    .text                                    0x00000568   Section       78  rt_memclr_w.o(.text)
    .text                                    0x000005b6   Section        0  heapauxi.o(.text)
    .text                                    0x000005bc   Section        0  _printf_fp_dec.o(.text)
    _fp_digits                               0x000005bf   Thumb Code   432  _printf_fp_dec.o(.text)
    .text                                    0x000009dc   Section        0  _printf_char_common.o(.text)
    _printf_input_char                       0x000009dd   Thumb Code    10  _printf_char_common.o(.text)
    .text                                    0x00000a0c   Section        0  _sputc.o(.text)
    .text                                    0x00000a18   Section        8  rt_locale_intlibspace.o(.text)
    .text                                    0x00000a20   Section      138  lludiv10.o(.text)
    .text                                    0x00000aac   Section        0  _printf_fp_infnan.o(.text)
    .text                                    0x00000b2c   Section        0  bigflt0.o(.text)
    .text                                    0x00000c10   Section        0  exit.o(.text)
    .text                                    0x00000c24   Section      128  strcmpv7m.o(.text)
    .text                                    0x00000ca4   Section        2  use_no_semi.o(.text)
    .text                                    0x00000ca6   Section        0  indicate_semi.o(.text)
    .text                                    0x00000ca8   Section        0  sys_exit.o(.text)
    CL$$btod_d2e                             0x00000cb4   Section       62  btod.o(CL$$btod_d2e)
    CL$$btod_d2e_denorm_low                  0x00000cf2   Section       70  btod.o(CL$$btod_d2e_denorm_low)
    CL$$btod_d2e_norm_op1                    0x00000d38   Section       96  btod.o(CL$$btod_d2e_norm_op1)
    CL$$btod_div_common                      0x00000d98   Section      824  btod.o(CL$$btod_div_common)
    CL$$btod_e2e                             0x000010d0   Section      220  btod.o(CL$$btod_e2e)
    CL$$btod_ediv                            0x000011ac   Section       42  btod.o(CL$$btod_ediv)
    CL$$btod_emul                            0x000011d6   Section       42  btod.o(CL$$btod_emul)
    CL$$btod_mult_common                     0x00001200   Section      580  btod.o(CL$$btod_mult_common)
    i.SysTick_Handler                        0x00001444   Section        0  tcpu.o(i.SysTick_Handler)
    i.SystemInit                             0x0000144c   Section        0  system_armcm4_1.o(i.SystemInit)
    i.__ARM_fpclassify                       0x0000147c   Section        0  fpclassify.o(i.__ARM_fpclassify)
    i.idleTaskEntry                          0x000014ac   Section        0  main.o(i.idleTaskEntry)
    i.main                                   0x000014e0   Section        0  main.o(i.main)
    i.saveAndLoadStackAddr                   0x00001524   Section        0  switch.o(i.saveAndLoadStackAddr)
    i.tBitmapClear                           0x0000154c   Section        0  tbitmap.o(i.tBitmapClear)
    i.tBitmapGetFirstSet                     0x00001558   Section        0  tbitmap.o(i.tBitmapGetFirstSet)
    i.tBitmapInit                            0x000015b4   Section        0  tbitmap.o(i.tBitmapInit)
    i.tBitmapPosCount                        0x000015ba   Section        0  tbitmap.o(i.tBitmapPosCount)
    i.tBitmapSet                             0x000015be   Section        0  tbitmap.o(i.tBitmapSet)
    i.tEventRemoveTask                       0x000015ca   Section        0  tevent.o(i.tEventRemoveTask)
    i.tHooksCpuIdle                          0x00001600   Section        0  thooks.o(i.tHooksCpuIdle)
    i.tHooksSysTick                          0x00001602   Section        0  thooks.o(i.tHooksSysTick)
    i.tHooksTaskInit                         0x00001604   Section        0  thooks.o(i.tHooksTaskInit)
    i.tHooksTaskSwitch                       0x00001606   Section        0  thooks.o(i.tHooksTaskSwitch)
    i.tInitApp                               0x00001608   Section        0  app.o(i.tInitApp)
    i.tListAddLast                           0x0000169c   Section        0  tlist.o(i.tListAddLast)
    i.tListCount                             0x000016b0   Section        0  tlist.o(i.tListCount)
    i.tListFirst                             0x000016b6   Section        0  tlist.o(i.tListFirst)
    i.tListInit                              0x000016c2   Section        0  tlist.o(i.tListInit)
    i.tListRemove                            0x000016cc   Section        0  tlist.o(i.tListRemove)
    i.tListRemoveFirst                       0x000016e0   Section        0  tlist.o(i.tListRemoveFirst)
    i.tNodeInit                              0x000016fa   Section        0  tlist.o(i.tNodeInit)
    i.tSetSysTickPeriod                      0x00001700   Section        0  tcpu.o(i.tSetSysTickPeriod)
    i.tTaskDelay                             0x00001758   Section        0  ttime.o(i.tTaskDelay)
    i.tTaskDelayedInit                       0x00001784   Section        0  main.o(i.tTaskDelayedInit)
    i.tTaskEnterCritical                     0x00001794   Section        0  switch.o(i.tTaskEnterCritical)
    i.tTaskExitCritical                      0x000017a0   Section        0  switch.o(i.tTaskExitCritical)
    i.tTaskHighestReady                      0x000017ac   Section        0  main.o(i.tTaskHighestReady)
    i.tTaskInit                              0x000017d4   Section        0  ttask.o(i.tTaskInit)
    i.tTaskRunFirst                          0x00001830   Section        0  switch.o(i.tTaskRunFirst)
    i.tTaskSched                             0x00001854   Section        0  main.o(i.tTaskSched)
    i.tTaskSchedDisable                      0x000018a4   Section        0  main.o(i.tTaskSchedDisable)
    i.tTaskSchedEnable                       0x000018cc   Section        0  main.o(i.tTaskSchedEnable)
    i.tTaskSchedInit                         0x000018fc   Section        0  main.o(i.tTaskSchedInit)
    i.tTaskSchedRdy                          0x00001934   Section        0  main.o(i.tTaskSchedRdy)
    i.tTaskSchedUnRdy                        0x00001960   Section        0  main.o(i.tTaskSchedUnRdy)
    i.tTaskStackInit                         0x0000199c   Section        0  switch.o(i.tTaskStackInit)
    i.tTaskSwitch                            0x00001b54   Section        0  switch.o(i.tTaskSwitch)
    i.tTaskSystemTickHandler                 0x00001b64   Section        0  main.o(i.tTaskSystemTickHandler)
    i.tTimeTaskWait                          0x00001c28   Section        0  main.o(i.tTimeTaskWait)
    i.tTimeTaskWakeUp                        0x00001c48   Section        0  main.o(i.tTimeTaskWakeUp)
    i.tTimeTickInit                          0x00001c64   Section        0  main.o(i.tTimeTickInit)
    i.task1Entry                             0x00001c70   Section        0  app.o(i.task1Entry)
    i.task2Entry                             0x00001cbc   Section        0  app.o(i.task2Entry)
    i.task3Entry                             0x00001ce8   Section        0  app.o(i.task3Entry)
    i.task4Entry                             0x00001d14   Section        0  app.o(i.task4Entry)
    locale$$code                             0x00001d3c   Section       44  lc_numeric_c.o(locale$$code)
    x$fpl$dretinf                            0x00001d68   Section       12  dretinf.o(x$fpl$dretinf)
    $v0                                      0x00001d68   Number         0  dretinf.o(x$fpl$dretinf)
    x$fpl$f2d                                0x00001d74   Section       86  f2d.o(x$fpl$f2d)
    $v0                                      0x00001d74   Number         0  f2d.o(x$fpl$f2d)
    x$fpl$fnaninf                            0x00001dca   Section      140  fnaninf.o(x$fpl$fnaninf)
    $v0                                      0x00001dca   Number         0  fnaninf.o(x$fpl$fnaninf)
    x$fpl$fpinit                             0x00001e56   Section       10  fpinit.o(x$fpl$fpinit)
    $v0                                      0x00001e56   Number         0  fpinit.o(x$fpl$fpinit)
    x$fpl$printf1                            0x00001e60   Section        4  printf1.o(x$fpl$printf1)
    $v0                                      0x00001e60   Number         0  printf1.o(x$fpl$printf1)
    .constdata                               0x00001e64   Section      256  tbitmap.o(.constdata)
    x$fpl$usenofp                            0x00001e64   Section        0  usenofp.o(x$fpl$usenofp)
    quickFindTable                           0x00001e64   Data         256  tbitmap.o(.constdata)
    .constdata                               0x00001f64   Section      148  bigflt0.o(.constdata)
    tenpwrs_x                                0x00001f64   Data          60  bigflt0.o(.constdata)
    tenpwrs_i                                0x00001fa0   Data          64  bigflt0.o(.constdata)
    locale$$data                             0x00002018   Section       28  lc_numeric_c.o(locale$$data)
    __lcnum_c_name                           0x0000201c   Data           2  lc_numeric_c.o(locale$$data)
    __lcnum_c_start                          0x00002024   Data           0  lc_numeric_c.o(locale$$data)
    __lcnum_c_point                          0x00002030   Data           0  lc_numeric_c.o(locale$$data)
    __lcnum_c_thousands                      0x00002032   Data           0  lc_numeric_c.o(locale$$data)
    __lcnum_c_grouping                       0x00002033   Data           0  lc_numeric_c.o(locale$$data)
    __lcnum_c_end                            0x00002034   Data           0  lc_numeric_c.o(locale$$data)
    .data                                    0x20000000   Section       16  app.o(.data)
    .data                                    0x20000010   Section       32  main.o(.data)
    .data                                    0x20000030   Section        4  system_armcm4_1.o(.data)
    .bss                                     0x20000034   Section    16704  app.o(.bss)
    .bss                                     0x20004174   Section     4572  main.o(.bss)
    .bss                                     0x20005350   Section       96  libspace.o(.bss)
    STACK                                    0x200053b0   Section     1024  startup_armcm4_1.o(STACK)

    Global Symbols

    Symbol Name                              Value     Ov Type        Size  Object(Section)

    BuildAttributes$$THM_ISAv4$E$P$D$K$B$S$7EM$VFPi3$EXTD16$VFPS$VFMA$PE$A:L22UL41UL21$X:L11$S22US41US21$IEEE1$IW$USESV6$~STKCKD$USESV7$~SHL$OTIME$ROPI$IEEEJ$EBA8$UX$STANDARDLIB$REQ8$PRES8$EABIv2 0x00000000   Number         0  anon$$obj.o ABSOLUTE
    __ARM_use_no_argv                        0x00000000   Number         0  main.o ABSOLUTE
    __Vectors                                0x00000000   Data           4  startup_armcm4_1.o(RESET)
    Image$$ZI$$Limit                          - Undefined Weak Reference
    __ARM_exceptions_init                     - Undefined Weak Reference
    __alloca_initialize                       - Undefined Weak Reference
    __arm_preinit_                            - Undefined Weak Reference
    __cpp_initialize__aeabi_                  - Undefined Weak Reference
    __cxa_finalize                            - Undefined Weak Reference
    __sigvec_lookup                           - Undefined Weak Reference
    _atexit_init                              - Undefined Weak Reference
    _call_atexit_fns                          - Undefined Weak Reference
    _clock_init                               - Undefined Weak Reference
    _fp_trap_init                             - Undefined Weak Reference
    _fp_trap_shutdown                         - Undefined Weak Reference
    _get_lc_collate                           - Undefined Weak Reference
    _get_lc_ctype                             - Undefined Weak Reference
    _get_lc_monetary                          - Undefined Weak Reference
    _get_lc_time                              - Undefined Weak Reference
    _getenv_init                              - Undefined Weak Reference
    _handle_redirection                       - Undefined Weak Reference
    _init_alloc                               - Undefined Weak Reference
    _init_user_alloc                          - Undefined Weak Reference
    _initio                                   - Undefined Weak Reference
    _printf_post_padding                      - Undefined Weak Reference
    _printf_pre_padding                       - Undefined Weak Reference
    _rand_init                                - Undefined Weak Reference
    _signal_finish                            - Undefined Weak Reference
    _signal_init                              - Undefined Weak Reference
    _terminate_alloc                          - Undefined Weak Reference
    _terminate_user_alloc                     - Undefined Weak Reference
    _terminateio                              - Undefined Weak Reference
    __Vectors_End                            0x000003c0   Data           0  startup_armcm4_1.o(RESET)
    __Vectors_Size                           0x000003c0   Number         0  startup_armcm4_1.o ABSOLUTE
    __main                                   0x000003c1   Thumb Code     8  __main.o(!!!main)
    __scatterload                            0x000003c9   Thumb Code     0  __scatter.o(!!!scatter)
    __scatterload_rt2                        0x000003c9   Thumb Code    44  __scatter.o(!!!scatter)
    __scatterload_rt2_thumb_only             0x000003c9   Thumb Code     0  __scatter.o(!!!scatter)
    __scatterload_null                       0x000003d7   Thumb Code     0  __scatter.o(!!!scatter)
    __scatterload_copy                       0x000003fd   Thumb Code    26  __scatter_copy.o(!!handler_copy)
    __scatterload_zeroinit                   0x00000419   Thumb Code    28  __scatter_zi.o(!!handler_zi)
    _printf_f                                0x00000435   Thumb Code     0  _printf_f.o(.ARM.Collect$$_printf_percent$$00000003)
    _printf_percent                          0x00000435   Thumb Code     0  _printf_percent.o(.ARM.Collect$$_printf_percent$$00000000)
    _printf_percent_end                      0x0000043b   Thumb Code     0  _printf_percent_end.o(.ARM.Collect$$_printf_percent$$00000017)
    __rt_lib_init                            0x0000043f   Thumb Code     0  libinit.o(.ARM.Collect$$libinit$$00000000)
    __rt_lib_init_fp_1                       0x00000441   Thumb Code     0  libinit2.o(.ARM.Collect$$libinit$$00000001)
    __rt_lib_init_heap_1                     0x00000445   Thumb Code     0  libinit2.o(.ARM.Collect$$libinit$$0000000A)
    __rt_lib_init_lc_common                  0x00000445   Thumb Code     0  libinit2.o(.ARM.Collect$$libinit$$0000000F)
    __rt_lib_init_preinit_1                  0x00000445   Thumb Code     0  libinit2.o(.ARM.Collect$$libinit$$00000004)
    __rt_lib_init_rand_1                     0x00000445   Thumb Code     0  libinit2.o(.ARM.Collect$$libinit$$0000000E)
    __rt_lib_init_user_alloc_1               0x00000445   Thumb Code     0  libinit2.o(.ARM.Collect$$libinit$$0000000C)
    __rt_lib_init_lc_collate_1               0x0000044b   Thumb Code     0  libinit2.o(.ARM.Collect$$libinit$$00000011)
    __rt_lib_init_lc_ctype_1                 0x0000044b   Thumb Code     0  libinit2.o(.ARM.Collect$$libinit$$00000013)
    __rt_lib_init_lc_monetary_1              0x0000044b   Thumb Code     0  libinit2.o(.ARM.Collect$$libinit$$00000015)
    __rt_lib_init_lc_numeric_2               0x0000044b   Thumb Code     0  libinit2.o(.ARM.Collect$$libinit$$00000016)
    __rt_lib_init_alloca_1                   0x00000455   Thumb Code     0  libinit2.o(.ARM.Collect$$libinit$$0000002E)
    __rt_lib_init_argv_1                     0x00000455   Thumb Code     0  libinit2.o(.ARM.Collect$$libinit$$0000002C)
    __rt_lib_init_atexit_1                   0x00000455   Thumb Code     0  libinit2.o(.ARM.Collect$$libinit$$0000001B)
    __rt_lib_init_clock_1                    0x00000455   Thumb Code     0  libinit2.o(.ARM.Collect$$libinit$$00000021)
    __rt_lib_init_cpp_1                      0x00000455   Thumb Code     0  libinit2.o(.ARM.Collect$$libinit$$00000032)
    __rt_lib_init_exceptions_1               0x00000455   Thumb Code     0  libinit2.o(.ARM.Collect$$libinit$$00000030)
    __rt_lib_init_fp_trap_1                  0x00000455   Thumb Code     0  libinit2.o(.ARM.Collect$$libinit$$0000001F)
    __rt_lib_init_getenv_1                   0x00000455   Thumb Code     0  libinit2.o(.ARM.Collect$$libinit$$00000023)
    __rt_lib_init_lc_numeric_1               0x00000455   Thumb Code     0  libinit2.o(.ARM.Collect$$libinit$$00000017)
    __rt_lib_init_lc_time_1                  0x00000455   Thumb Code     0  libinit2.o(.ARM.Collect$$libinit$$00000019)
    __rt_lib_init_return                     0x00000455   Thumb Code     0  libinit2.o(.ARM.Collect$$libinit$$00000033)
    __rt_lib_init_signal_1                   0x00000455   Thumb Code     0  libinit2.o(.ARM.Collect$$libinit$$0000001D)
    __rt_lib_init_stdio_1                    0x00000455   Thumb Code     0  libinit2.o(.ARM.Collect$$libinit$$00000025)
    __rt_lib_shutdown                        0x00000457   Thumb Code     0  libshutdown.o(.ARM.Collect$$libshutdown$$00000000)
    __rt_lib_shutdown_cpp_1                  0x00000459   Thumb Code     0  libshutdown2.o(.ARM.Collect$$libshutdown$$00000002)
    __rt_lib_shutdown_fp_trap_1              0x00000459   Thumb Code     0  libshutdown2.o(.ARM.Collect$$libshutdown$$00000007)
    __rt_lib_shutdown_heap_1                 0x00000459   Thumb Code     0  libshutdown2.o(.ARM.Collect$$libshutdown$$0000000F)
    __rt_lib_shutdown_return                 0x00000459   Thumb Code     0  libshutdown2.o(.ARM.Collect$$libshutdown$$00000010)
    __rt_lib_shutdown_signal_1               0x00000459   Thumb Code     0  libshutdown2.o(.ARM.Collect$$libshutdown$$0000000A)
    __rt_lib_shutdown_stdio_1                0x00000459   Thumb Code     0  libshutdown2.o(.ARM.Collect$$libshutdown$$00000004)
    __rt_lib_shutdown_user_alloc_1           0x00000459   Thumb Code     0  libshutdown2.o(.ARM.Collect$$libshutdown$$0000000C)
    __rt_entry                               0x0000045b   Thumb Code     0  __rtentry.o(.ARM.Collect$$rtentry$$00000000)
    __rt_entry_presh_1                       0x0000045b   Thumb Code     0  __rtentry2.o(.ARM.Collect$$rtentry$$00000002)
    __rt_entry_sh                            0x0000045b   Thumb Code     0  __rtentry5.o(.ARM.Collect$$rtentry$$00000005)
    __rt_entry_li                            0x0000045f   Thumb Code     0  __rtentry2.o(.ARM.Collect$$rtentry$$0000000A)
    __rt_entry_postsh_1                      0x0000045f   Thumb Code     0  __rtentry2.o(.ARM.Collect$$rtentry$$00000009)
    __rt_entry_main                          0x00000463   Thumb Code     0  __rtentry2.o(.ARM.Collect$$rtentry$$0000000D)
    __rt_entry_postli_1                      0x00000463   Thumb Code     0  __rtentry2.o(.ARM.Collect$$rtentry$$0000000C)
    __rt_exit                                0x00000471   Thumb Code     0  rtexit.o(.ARM.Collect$$rtexit$$00000000)
    __rt_exit_ls                             0x00000473   Thumb Code     0  rtexit2.o(.ARM.Collect$$rtexit$$00000003)
    __rt_exit_prels_1                        0x00000473   Thumb Code     0  rtexit2.o(.ARM.Collect$$rtexit$$00000002)
    __rt_exit_exit                           0x00000477   Thumb Code     0  rtexit2.o(.ARM.Collect$$rtexit$$00000004)
    PendSV_Handler                           0x0000047d   Thumb Code    34  switch.o(.emb_text)
    Reset_Handler                            0x000004a1   Thumb Code     8  startup_armcm4_1.o(.text)
    NMI_Handler                              0x000004a9   Thumb Code     2  startup_armcm4_1.o(.text)
    HardFault_Handler                        0x000004ab   Thumb Code     2  startup_armcm4_1.o(.text)
    MemManage_Handler                        0x000004ad   Thumb Code     2  startup_armcm4_1.o(.text)
    BusFault_Handler                         0x000004af   Thumb Code     2  startup_armcm4_1.o(.text)
    UsageFault_Handler                       0x000004b1   Thumb Code     2  startup_armcm4_1.o(.text)
    SVC_Handler                              0x000004b3   Thumb Code     2  startup_armcm4_1.o(.text)
    DebugMon_Handler                         0x000004b5   Thumb Code     2  startup_armcm4_1.o(.text)
    Interrupt0_Handler                       0x000004bb   Thumb Code     2  startup_armcm4_1.o(.text)
    Interrupt1_Handler                       0x000004bd   Thumb Code     2  startup_armcm4_1.o(.text)
    Interrupt2_Handler                       0x000004bf   Thumb Code     2  startup_armcm4_1.o(.text)
    Interrupt3_Handler                       0x000004c1   Thumb Code     2  startup_armcm4_1.o(.text)
    Interrupt4_Handler                       0x000004c3   Thumb Code     2  startup_armcm4_1.o(.text)
    Interrupt5_Handler                       0x000004c5   Thumb Code     2  startup_armcm4_1.o(.text)
    Interrupt6_Handler                       0x000004c7   Thumb Code     2  startup_armcm4_1.o(.text)
    Interrupt7_Handler                       0x000004c9   Thumb Code     2  startup_armcm4_1.o(.text)
    Interrupt8_Handler                       0x000004cb   Thumb Code     2  startup_armcm4_1.o(.text)
    Interrupt9_Handler                       0x000004cd   Thumb Code     2  startup_armcm4_1.o(.text)
    __2sprintf                               0x000004d9   Thumb Code    34  noretval__2sprintf.o(.text)
    __printf                                 0x00000501   Thumb Code   104  __printf.o(.text)
    __aeabi_memclr4                          0x00000569   Thumb Code     0  rt_memclr_w.o(.text)
    __aeabi_memclr8                          0x00000569   Thumb Code     0  rt_memclr_w.o(.text)
    __rt_memclr_w                            0x00000569   Thumb Code    78  rt_memclr_w.o(.text)
    _memset_w                                0x0000056d   Thumb Code     0  rt_memclr_w.o(.text)
    __use_two_region_memory                  0x000005b7   Thumb Code     2  heapauxi.o(.text)
    __rt_heap_escrow$2region                 0x000005b9   Thumb Code     2  heapauxi.o(.text)
    __rt_heap_expand$2region                 0x000005bb   Thumb Code     2  heapauxi.o(.text)
    __lib_sel_fp_printf                      0x000005bd   Thumb Code     2  _printf_fp_dec.o(.text)
    _printf_fp_dec_real                      0x0000076f   Thumb Code   620  _printf_fp_dec.o(.text)
    _printf_char_common                      0x000009e7   Thumb Code    32  _printf_char_common.o(.text)
    _sputc                                   0x00000a0d   Thumb Code    10  _sputc.o(.text)
    __rt_locale                              0x00000a19   Thumb Code     8  rt_locale_intlibspace.o(.text)
    _ll_udiv10                               0x00000a21   Thumb Code   138  lludiv10.o(.text)
    _printf_fp_infnan                        0x00000aad   Thumb Code   112  _printf_fp_infnan.o(.text)
    _btod_etento                             0x00000b2d   Thumb Code   224  bigflt0.o(.text)
    exit                                     0x00000c11   Thumb Code    18  exit.o(.text)
    strcmp                                   0x00000c25   Thumb Code   128  strcmpv7m.o(.text)
    __I$use$semihosting                      0x00000ca5   Thumb Code     0  use_no_semi.o(.text)
    __use_no_semihosting_swi                 0x00000ca5   Thumb Code     2  use_no_semi.o(.text)
    __semihosting_library_function           0x00000ca7   Thumb Code     0  indicate_semi.o(.text)
    _sys_exit                                0x00000ca9   Thumb Code     8  sys_exit.o(.text)
    _btod_d2e                                0x00000cb5   Thumb Code    62  btod.o(CL$$btod_d2e)
    _d2e_denorm_low                          0x00000cf3   Thumb Code    70  btod.o(CL$$btod_d2e_denorm_low)
    _d2e_norm_op1                            0x00000d39   Thumb Code    96  btod.o(CL$$btod_d2e_norm_op1)
    __btod_div_common                        0x00000d99   Thumb Code   696  btod.o(CL$$btod_div_common)
    _e2e                                     0x000010d1   Thumb Code   220  btod.o(CL$$btod_e2e)
    _btod_ediv                               0x000011ad   Thumb Code    42  btod.o(CL$$btod_ediv)
    _btod_emul                               0x000011d7   Thumb Code    42  btod.o(CL$$btod_emul)
    __btod_mult_common                       0x00001201   Thumb Code   580  btod.o(CL$$btod_mult_common)
    SysTick_Handler                          0x00001445   Thumb Code     8  tcpu.o(i.SysTick_Handler)
    SystemInit                               0x0000144d   Thumb Code    30  system_armcm4_1.o(i.SystemInit)
    __ARM_fpclassify                         0x0000147d   Thumb Code    48  fpclassify.o(i.__ARM_fpclassify)
    idleTaskEntry                            0x000014ad   Thumb Code    48  main.o(i.idleTaskEntry)
    main                                     0x000014e1   Thumb Code    52  main.o(i.main)
    saveAndLoadStackAddr                     0x00001525   Thumb Code    30  switch.o(i.saveAndLoadStackAddr)
    tBitmapClear                             0x0000154d   Thumb Code    12  tbitmap.o(i.tBitmapClear)
    tBitmapGetFirstSet                       0x00001559   Thumb Code    86  tbitmap.o(i.tBitmapGetFirstSet)
    tBitmapInit                              0x000015b5   Thumb Code     6  tbitmap.o(i.tBitmapInit)
    tBitmapPosCount                          0x000015bb   Thumb Code     4  tbitmap.o(i.tBitmapPosCount)
    tBitmapSet                               0x000015bf   Thumb Code    12  tbitmap.o(i.tBitmapSet)
    tEventRemoveTask                         0x000015cb   Thumb Code    54  tevent.o(i.tEventRemoveTask)
    tHooksCpuIdle                            0x00001601   Thumb Code     2  thooks.o(i.tHooksCpuIdle)
    tHooksSysTick                            0x00001603   Thumb Code     2  thooks.o(i.tHooksSysTick)
    tHooksTaskInit                           0x00001605   Thumb Code     2  thooks.o(i.tHooksTaskInit)
    tHooksTaskSwitch                         0x00001607   Thumb Code     2  thooks.o(i.tHooksTaskSwitch)
    tInitApp                                 0x00001609   Thumb Code   100  app.o(i.tInitApp)
    tListAddLast                             0x0000169d   Thumb Code    20  tlist.o(i.tListAddLast)
    tListCount                               0x000016b1   Thumb Code     6  tlist.o(i.tListCount)
    tListFirst                               0x000016b7   Thumb Code    12  tlist.o(i.tListFirst)
    tListInit                                0x000016c3   Thumb Code    10  tlist.o(i.tListInit)
    tListRemove                              0x000016cd   Thumb Code    20  tlist.o(i.tListRemove)
    tListRemoveFirst                         0x000016e1   Thumb Code    26  tlist.o(i.tListRemoveFirst)
    tNodeInit                                0x000016fb   Thumb Code     6  tlist.o(i.tNodeInit)
    tSetSysTickPeriod                        0x00001701   Thumb Code    74  tcpu.o(i.tSetSysTickPeriod)
    tTaskDelay                               0x00001759   Thumb Code    40  ttime.o(i.tTaskDelay)
    tTaskDelayedInit                         0x00001785   Thumb Code    10  main.o(i.tTaskDelayedInit)
    tTaskEnterCritical                       0x00001795   Thumb Code    12  switch.o(i.tTaskEnterCritical)
    tTaskExitCritical                        0x000017a1   Thumb Code    10  switch.o(i.tTaskExitCritical)
    tTaskHighestReady                        0x000017ad   Thumb Code    32  main.o(i.tTaskHighestReady)
    tTaskInit                                0x000017d5   Thumb Code    90  ttask.o(i.tTaskInit)
    tTaskRunFirst                            0x00001831   Thumb Code    32  switch.o(i.tTaskRunFirst)
    tTaskSched                               0x00001855   Thumb Code    66  main.o(i.tTaskSched)
    tTaskSchedDisable                        0x000018a5   Thumb Code    34  main.o(i.tTaskSchedDisable)
    tTaskSchedEnable                         0x000018cd   Thumb Code    42  main.o(i.tTaskSchedEnable)
    tTaskSchedInit                           0x000018fd   Thumb Code    42  main.o(i.tTaskSchedInit)
    tTaskSchedRdy                            0x00001935   Thumb Code    34  main.o(i.tTaskSchedRdy)
    tTaskSchedUnRdy                          0x00001961   Thumb Code    52  main.o(i.tTaskSchedUnRdy)
    tTaskStackInit                           0x0000199d   Thumb Code   438  switch.o(i.tTaskStackInit)
    tTaskSwitch                              0x00001b55   Thumb Code    10  switch.o(i.tTaskSwitch)
    tTaskSystemTickHandler                   0x00001b65   Thumb Code   178  main.o(i.tTaskSystemTickHandler)
    tTimeTaskWait                            0x00001c29   Thumb Code    28  main.o(i.tTimeTaskWait)
    tTimeTaskWakeUp                          0x00001c49   Thumb Code    24  main.o(i.tTimeTaskWakeUp)
    tTimeTickInit                            0x00001c65   Thumb Code     8  main.o(i.tTimeTickInit)
    task1Entry                               0x00001c71   Thumb Code    64  app.o(i.task1Entry)
    task2Entry                               0x00001cbd   Thumb Code    36  app.o(i.task2Entry)
    task3Entry                               0x00001ce9   Thumb Code    36  app.o(i.task3Entry)
    task4Entry                               0x00001d15   Thumb Code    36  app.o(i.task4Entry)
    _get_lc_numeric                          0x00001d3d   Thumb Code    44  lc_numeric_c.o(locale$$code)
    __fpl_dretinf                            0x00001d69   Thumb Code    12  dretinf.o(x$fpl$dretinf)
    __aeabi_f2d                              0x00001d75   Thumb Code     0  f2d.o(x$fpl$f2d)
    _f2d                                     0x00001d75   Thumb Code    86  f2d.o(x$fpl$f2d)
    __fpl_fnaninf                            0x00001dcb   Thumb Code   140  fnaninf.o(x$fpl$fnaninf)
    _fp_init                                 0x00001e57   Thumb Code    10  fpinit.o(x$fpl$fpinit)
    __fplib_config_fpu_vfp                   0x00001e5f   Thumb Code     0  fpinit.o(x$fpl$fpinit)
    __fplib_config_pureend_doubles           0x00001e5f   Thumb Code     0  fpinit.o(x$fpl$fpinit)
    _printf_fp_dec                           0x00001e61   Thumb Code     4  printf1.o(x$fpl$printf1)
    __I$use$fp                               0x00001e64   Number         0  usenofp.o(x$fpl$usenofp)
    Region$$Table$$Base                      0x00001ff8   Number         0  anon$$obj.o(Region$$Table)
    Region$$Table$$Limit                     0x00002018   Number         0  anon$$obj.o(Region$$Table)
    task1Flag                                0x20000000   Data           4  app.o(.data)
    task2Flag                                0x20000004   Data           4  app.o(.data)
    task3Flag                                0x20000008   Data           4  app.o(.data)
    task4Flag                                0x2000000c   Data           4  app.o(.data)
    currentTask                              0x20000010   Data           4  main.o(.data)
    nextTask                                 0x20000014   Data           4  main.o(.data)
    idleTask                                 0x20000018   Data           4  main.o(.data)
    taskPrioBitmap                           0x2000001c   Data           4  main.o(.data)
    schedLockCount                           0x20000020   Data           1  main.o(.data)
    tickCount                                0x20000024   Data           4  main.o(.data)
    idleCount                                0x20000028   Data           4  main.o(.data)
    idleMaxCount                             0x2000002c   Data           4  main.o(.data)
    SystemCoreClock                          0x20000030   Data           4  system_armcm4_1.o(.data)
    tTask1                                   0x20000034   Data          80  app.o(.bss)
    tTask2                                   0x20000084   Data          80  app.o(.bss)
    tTask3                                   0x200000d4   Data          80  app.o(.bss)
    tTask4                                   0x20000124   Data          80  app.o(.bss)
    task1Env                                 0x20000174   Data        4096  app.o(.bss)
    task2Env                                 0x20001174   Data        4096  app.o(.bss)
    task3Env                                 0x20002174   Data        4096  app.o(.bss)
    task4Env                                 0x20003174   Data        4096  app.o(.bss)
    taskTable                                0x20004174   Data         384  main.o(.bss)
    tTaskDelayedList                         0x200042f4   Data          12  main.o(.bss)
    tTaskIdle                                0x20004300   Data          80  main.o(.bss)
    idleTaskEnv                              0x20004350   Data        4096  main.o(.bss)
    __libspace_start                         0x20005350   Data          96  libspace.o(.bss)
    __stack_limit                            0x200053b0   Data           0  startup_armcm4_1.o(STACK)
    __temporary_stack_top$libspace           0x200053b0   Data           0  libspace.o(.bss)
    __initial_sp                             0x200057b0   Data           0  startup_armcm4_1.o(STACK)



==============================================================================

Memory Map of the image

  Image Entry point : 0x000003c1

  Load Region LR_IROM1 (Base: 0x00000000, Size: 0x00002068, Max: 0x00040000, ABSOLUTE)

    Execution Region ER_IROM1 (Exec base: 0x00000000, Load base: 0x00000000, Size: 0x00002034, Max: 0x00040000, ABSOLUTE)

    Exec Addr    Load Addr    Size         Type   Attr      Idx    E Section Name        Object

    0x00000000   0x00000000   0x000003c0   Data   RO          675    RESET               startup_armcm4_1.o
    0x000003c0   0x000003c0   0x00000008   Code   RO          751  * !!!main             c_w.l(__main.o)
    0x000003c8   0x000003c8   0x00000034   Code   RO          980    !!!scatter          c_w.l(__scatter.o)
    0x000003fc   0x000003fc   0x0000001a   Code   RO          982    !!handler_copy      c_w.l(__scatter_copy.o)
    0x00000416   0x00000416   0x00000002   PAD
    0x00000418   0x00000418   0x0000001c   Code   RO          984    !!handler_zi        c_w.l(__scatter_zi.o)
    0x00000434   0x00000434   0x00000000   Code   RO          746    .ARM.Collect$$_printf_percent$$00000000  c_w.l(_printf_percent.o)
    0x00000434   0x00000434   0x00000006   Code   RO          745    .ARM.Collect$$_printf_percent$$00000003  c_w.l(_printf_f.o)
    0x0000043a   0x0000043a   0x00000004   Code   RO          764    .ARM.Collect$$_printf_percent$$00000017  c_w.l(_printf_percent_end.o)
    0x0000043e   0x0000043e   0x00000002   Code   RO          847    .ARM.Collect$$libinit$$00000000  c_w.l(libinit.o)
    0x00000440   0x00000440   0x00000004   Code   RO          848    .ARM.Collect$$libinit$$00000001  c_w.l(libinit2.o)
    0x00000444   0x00000444   0x00000000   Code   RO          851    .ARM.Collect$$libinit$$00000004  c_w.l(libinit2.o)
    0x00000444   0x00000444   0x00000000   Code   RO          854    .ARM.Collect$$libinit$$0000000A  c_w.l(libinit2.o)
    0x00000444   0x00000444   0x00000000   Code   RO          856    .ARM.Collect$$libinit$$0000000C  c_w.l(libinit2.o)
    0x00000444   0x00000444   0x00000000   Code   RO          858    .ARM.Collect$$libinit$$0000000E  c_w.l(libinit2.o)
    0x00000444   0x00000444   0x00000006   Code   RO          859    .ARM.Collect$$libinit$$0000000F  c_w.l(libinit2.o)
    0x0000044a   0x0000044a   0x00000000   Code   RO          861    .ARM.Collect$$libinit$$00000011  c_w.l(libinit2.o)
    0x0000044a   0x0000044a   0x00000000   Code   RO          863    .ARM.Collect$$libinit$$00000013  c_w.l(libinit2.o)
    0x0000044a   0x0000044a   0x00000000   Code   RO          865    .ARM.Collect$$libinit$$00000015  c_w.l(libinit2.o)
    0x0000044a   0x0000044a   0x0000000a   Code   RO          866    .ARM.Collect$$libinit$$00000016  c_w.l(libinit2.o)
    0x00000454   0x00000454   0x00000000   Code   RO          867    .ARM.Collect$$libinit$$00000017  c_w.l(libinit2.o)
    0x00000454   0x00000454   0x00000000   Code   RO          869    .ARM.Collect$$libinit$$00000019  c_w.l(libinit2.o)
    0x00000454   0x00000454   0x00000000   Code   RO          871    .ARM.Collect$$libinit$$0000001B  c_w.l(libinit2.o)
    0x00000454   0x00000454   0x00000000   Code   RO          873    .ARM.Collect$$libinit$$0000001D  c_w.l(libinit2.o)
    0x00000454   0x00000454   0x00000000   Code   RO          875    .ARM.Collect$$libinit$$0000001F  c_w.l(libinit2.o)
    0x00000454   0x00000454   0x00000000   Code   RO          877    .ARM.Collect$$libinit$$00000021  c_w.l(libinit2.o)
    0x00000454   0x00000454   0x00000000   Code   RO          879    .ARM.Collect$$libinit$$00000023  c_w.l(libinit2.o)
    0x00000454   0x00000454   0x00000000   Code   RO          881    .ARM.Collect$$libinit$$00000025  c_w.l(libinit2.o)
    0x00000454   0x00000454   0x00000000   Code   RO          885    .ARM.Collect$$libinit$$0000002C  c_w.l(libinit2.o)
    0x00000454   0x00000454   0x00000000   Code   RO          887    .ARM.Collect$$libinit$$0000002E  c_w.l(libinit2.o)
    0x00000454   0x00000454   0x00000000   Code   RO          889    .ARM.Collect$$libinit$$00000030  c_w.l(libinit2.o)
    0x00000454   0x00000454   0x00000000   Code   RO          891    .ARM.Collect$$libinit$$00000032  c_w.l(libinit2.o)
    0x00000454   0x00000454   0x00000002   Code   RO          892    .ARM.Collect$$libinit$$00000033  c_w.l(libinit2.o)
    0x00000456   0x00000456   0x00000002   Code   RO          931    .ARM.Collect$$libshutdown$$00000000  c_w.l(libshutdown.o)
    0x00000458   0x00000458   0x00000000   Code   RO          939    .ARM.Collect$$libshutdown$$00000002  c_w.l(libshutdown2.o)
    0x00000458   0x00000458   0x00000000   Code   RO          941    .ARM.Collect$$libshutdown$$00000004  c_w.l(libshutdown2.o)
    0x00000458   0x00000458   0x00000000   Code   RO          944    .ARM.Collect$$libshutdown$$00000007  c_w.l(libshutdown2.o)
    0x00000458   0x00000458   0x00000000   Code   RO          947    .ARM.Collect$$libshutdown$$0000000A  c_w.l(libshutdown2.o)
    0x00000458   0x00000458   0x00000000   Code   RO          949    .ARM.Collect$$libshutdown$$0000000C  c_w.l(libshutdown2.o)
    0x00000458   0x00000458   0x00000000   Code   RO          952    .ARM.Collect$$libshutdown$$0000000F  c_w.l(libshutdown2.o)
    0x00000458   0x00000458   0x00000002   Code   RO          953    .ARM.Collect$$libshutdown$$00000010  c_w.l(libshutdown2.o)
    0x0000045a   0x0000045a   0x00000000   Code   RO          757    .ARM.Collect$$rtentry$$00000000  c_w.l(__rtentry.o)
    0x0000045a   0x0000045a   0x00000000   Code   RO          771    .ARM.Collect$$rtentry$$00000002  c_w.l(__rtentry2.o)
    0x0000045a   0x0000045a   0x00000004   Code   RO          785    .ARM.Collect$$rtentry$$00000005  c_w.l(__rtentry5.o)
    0x0000045e   0x0000045e   0x00000000   Code   RO          773    .ARM.Collect$$rtentry$$00000009  c_w.l(__rtentry2.o)
    0x0000045e   0x0000045e   0x00000004   Code   RO          774    .ARM.Collect$$rtentry$$0000000A  c_w.l(__rtentry2.o)
    0x00000462   0x00000462   0x00000000   Code   RO          776    .ARM.Collect$$rtentry$$0000000C  c_w.l(__rtentry2.o)
    0x00000462   0x00000462   0x00000008   Code   RO          777    .ARM.Collect$$rtentry$$0000000D  c_w.l(__rtentry2.o)
    0x0000046a   0x0000046a   0x00000002   PAD
    0x0000046c   0x0000046c   0x00000004   Code   RO          786    .ARM.Collect$$rtentry$$00002716  c_w.l(__rtentry5.o)
    0x00000470   0x00000470   0x00000002   Code   RO          895    .ARM.Collect$$rtexit$$00000000  c_w.l(rtexit.o)
    0x00000472   0x00000472   0x00000000   Code   RO          909    .ARM.Collect$$rtexit$$00000002  c_w.l(rtexit2.o)
    0x00000472   0x00000472   0x00000004   Code   RO          910    .ARM.Collect$$rtexit$$00000003  c_w.l(rtexit2.o)
    0x00000476   0x00000476   0x00000006   Code   RO          911    .ARM.Collect$$rtexit$$00000004  c_w.l(rtexit2.o)
    0x0000047c   0x0000047c   0x00000022   Code   RO          264    .emb_text           switch.o
    0x0000049e   0x0000049e   0x00000002   PAD
    0x000004a0   0x000004a0   0x00000038   Code   RO          676    .text               startup_armcm4_1.o
    0x000004d8   0x000004d8   0x00000028   Code   RO          721    .text               c_w.l(noretval__2sprintf.o)
    0x00000500   0x00000500   0x00000068   Code   RO          723    .text               c_w.l(__printf.o)
    0x00000568   0x00000568   0x0000004e   Code   RO          747    .text               c_w.l(rt_memclr_w.o)
    0x000005b6   0x000005b6   0x00000006   Code   RO          749    .text               c_w.l(heapauxi.o)
    0x000005bc   0x000005bc   0x0000041e   Code   RO          758    .text               c_w.l(_printf_fp_dec.o)
    0x000009da   0x000009da   0x00000002   PAD
    0x000009dc   0x000009dc   0x00000030   Code   RO          760    .text               c_w.l(_printf_char_common.o)
    0x00000a0c   0x00000a0c   0x0000000a   Code   RO          762    .text               c_w.l(_sputc.o)
    0x00000a16   0x00000a16   0x00000002   PAD
    0x00000a18   0x00000a18   0x00000008   Code   RO          793    .text               c_w.l(rt_locale_intlibspace.o)
    0x00000a20   0x00000a20   0x0000008a   Code   RO          795    .text               c_w.l(lludiv10.o)
    0x00000aaa   0x00000aaa   0x00000002   PAD
    0x00000aac   0x00000aac   0x00000080   Code   RO          797    .text               c_w.l(_printf_fp_infnan.o)
    0x00000b2c   0x00000b2c   0x000000e4   Code   RO          801    .text               c_w.l(bigflt0.o)
    0x00000c10   0x00000c10   0x00000012   Code   RO          838    .text               c_w.l(exit.o)
    0x00000c22   0x00000c22   0x00000002   PAD
    0x00000c24   0x00000c24   0x00000080   Code   RO          840    .text               c_w.l(strcmpv7m.o)
    0x00000ca4   0x00000ca4   0x00000002   Code   RO          905    .text               c_w.l(use_no_semi.o)
    0x00000ca6   0x00000ca6   0x00000000   Code   RO          907    .text               c_w.l(indicate_semi.o)
    0x00000ca6   0x00000ca6   0x00000002   PAD
    0x00000ca8   0x00000ca8   0x0000000c   Code   RO          921    .text               c_w.l(sys_exit.o)
    0x00000cb4   0x00000cb4   0x0000003e   Code   RO          804    CL$$btod_d2e        c_w.l(btod.o)
    0x00000cf2   0x00000cf2   0x00000046   Code   RO          806    CL$$btod_d2e_denorm_low  c_w.l(btod.o)
    0x00000d38   0x00000d38   0x00000060   Code   RO          805    CL$$btod_d2e_norm_op1  c_w.l(btod.o)
    0x00000d98   0x00000d98   0x00000338   Code   RO          814    CL$$btod_div_common  c_w.l(btod.o)
    0x000010d0   0x000010d0   0x000000dc   Code   RO          811    CL$$btod_e2e        c_w.l(btod.o)
    0x000011ac   0x000011ac   0x0000002a   Code   RO          808    CL$$btod_ediv       c_w.l(btod.o)
    0x000011d6   0x000011d6   0x0000002a   Code   RO          807    CL$$btod_emul       c_w.l(btod.o)
    0x00001200   0x00001200   0x00000244   Code   RO          813    CL$$btod_mult_common  c_w.l(btod.o)
    0x00001444   0x00001444   0x00000008   Code   RO          365    i.SysTick_Handler   tcpu.o
    0x0000144c   0x0000144c   0x00000030   Code   RO          684    i.SystemInit        system_armcm4_1.o
    0x0000147c   0x0000147c   0x00000030   Code   RO          831    i.__ARM_fpclassify  m_wm.l(fpclassify.o)
    0x000014ac   0x000014ac   0x00000034   Code   RO          119    i.idleTaskEntry     main.o
    0x000014e0   0x000014e0   0x00000044   Code   RO          120    i.main              main.o
    0x00001524   0x00001524   0x00000028   Code   RO          265    i.saveAndLoadStackAddr  switch.o
    0x0000154c   0x0000154c   0x0000000c   Code   RO          325    i.tBitmapClear      tbitmap.o
    0x00001558   0x00001558   0x0000005c   Code   RO          326    i.tBitmapGetFirstSet  tbitmap.o
    0x000015b4   0x000015b4   0x00000006   Code   RO          327    i.tBitmapInit       tbitmap.o
    0x000015ba   0x000015ba   0x00000004   Code   RO          328    i.tBitmapPosCount   tbitmap.o
    0x000015be   0x000015be   0x0000000c   Code   RO          329    i.tBitmapSet        tbitmap.o
    0x000015ca   0x000015ca   0x00000036   Code   RO          405    i.tEventRemoveTask  tevent.o
    0x00001600   0x00001600   0x00000002   Code   RO          457    i.tHooksCpuIdle     thooks.o
    0x00001602   0x00001602   0x00000002   Code   RO          458    i.tHooksSysTick     thooks.o
    0x00001604   0x00001604   0x00000002   Code   RO          459    i.tHooksTaskInit    thooks.o
    0x00001606   0x00001606   0x00000002   Code   RO          460    i.tHooksTaskSwitch  thooks.o
    0x00001608   0x00001608   0x00000094   Code   RO            4    i.tInitApp          app.o
    0x0000169c   0x0000169c   0x00000014   Code   RO          488    i.tListAddLast      tlist.o
    0x000016b0   0x000016b0   0x00000006   Code   RO          489    i.tListCount        tlist.o
    0x000016b6   0x000016b6   0x0000000c   Code   RO          490    i.tListFirst        tlist.o
    0x000016c2   0x000016c2   0x0000000a   Code   RO          491    i.tListInit         tlist.o
    0x000016cc   0x000016cc   0x00000014   Code   RO          496    i.tListRemove       tlist.o
    0x000016e0   0x000016e0   0x0000001a   Code   RO          498    i.tListRemoveFirst  tlist.o
    0x000016fa   0x000016fa   0x00000006   Code   RO          499    i.tNodeInit         tlist.o
    0x00001700   0x00001700   0x00000058   Code   RO          366    i.tSetSysTickPeriod  tcpu.o
    0x00001758   0x00001758   0x0000002c   Code   RO          655    i.tTaskDelay        ttime.o
    0x00001784   0x00001784   0x00000010   Code   RO          121    i.tTaskDelayedInit  main.o
    0x00001794   0x00001794   0x0000000c   Code   RO          266    i.tTaskEnterCritical  switch.o
    0x000017a0   0x000017a0   0x0000000a   Code   RO          267    i.tTaskExitCritical  switch.o
    0x000017aa   0x000017aa   0x00000002   PAD
    0x000017ac   0x000017ac   0x00000028   Code   RO          122    i.tTaskHighestReady  main.o
    0x000017d4   0x000017d4   0x0000005a   Code   RO          598    i.tTaskInit         ttask.o
    0x0000182e   0x0000182e   0x00000002   PAD
    0x00001830   0x00001830   0x00000024   Code   RO          268    i.tTaskRunFirst     switch.o
    0x00001854   0x00001854   0x00000050   Code   RO          123    i.tTaskSched        main.o
    0x000018a4   0x000018a4   0x00000028   Code   RO          124    i.tTaskSchedDisable  main.o
    0x000018cc   0x000018cc   0x00000030   Code   RO          125    i.tTaskSchedEnable  main.o
    0x000018fc   0x000018fc   0x00000038   Code   RO          126    i.tTaskSchedInit    main.o
    0x00001934   0x00001934   0x0000002c   Code   RO          127    i.tTaskSchedRdy     main.o
    0x00001960   0x00001960   0x0000003c   Code   RO          129    i.tTaskSchedUnRdy   main.o
    0x0000199c   0x0000199c   0x000001b6   Code   RO          269    i.tTaskStackInit    switch.o
    0x00001b52   0x00001b52   0x00000002   PAD
    0x00001b54   0x00001b54   0x00000010   Code   RO          270    i.tTaskSwitch       switch.o
    0x00001b64   0x00001b64   0x000000c4   Code   RO          130    i.tTaskSystemTickHandler  main.o
    0x00001c28   0x00001c28   0x00000020   Code   RO          132    i.tTimeTaskWait     main.o
    0x00001c48   0x00001c48   0x0000001c   Code   RO          133    i.tTimeTaskWakeUp   main.o
    0x00001c64   0x00001c64   0x0000000c   Code   RO          134    i.tTimeTickInit     main.o
    0x00001c70   0x00001c70   0x0000004c   Code   RO            5    i.task1Entry        app.o
    0x00001cbc   0x00001cbc   0x0000002c   Code   RO            6    i.task2Entry        app.o
    0x00001ce8   0x00001ce8   0x0000002c   Code   RO            7    i.task3Entry        app.o
    0x00001d14   0x00001d14   0x00000028   Code   RO            8    i.task4Entry        app.o
    0x00001d3c   0x00001d3c   0x0000002c   Code   RO          827    locale$$code        c_w.l(lc_numeric_c.o)
    0x00001d68   0x00001d68   0x0000000c   Code   RO          765    x$fpl$dretinf       fz_wm.l(dretinf.o)
    0x00001d74   0x00001d74   0x00000056   Code   RO          753    x$fpl$f2d           fz_wm.l(f2d.o)
    0x00001dca   0x00001dca   0x0000008c   Code   RO          767    x$fpl$fnaninf       fz_wm.l(fnaninf.o)
    0x00001e56   0x00001e56   0x0000000a   Code   RO          903    x$fpl$fpinit        fz_wm.l(fpinit.o)
    0x00001e60   0x00001e60   0x00000004   Code   RO          755    x$fpl$printf1       fz_wm.l(printf1.o)
    0x00001e64   0x00001e64   0x00000000   Code   RO          769    x$fpl$usenofp       fz_wm.l(usenofp.o)
    0x00001e64   0x00001e64   0x00000100   Data   RO          330    .constdata          tbitmap.o
    0x00001f64   0x00001f64   0x00000094   Data   RO          802    .constdata          c_w.l(bigflt0.o)
    0x00001ff8   0x00001ff8   0x00000020   Data   RO          978    Region$$Table       anon$$obj.o
    0x00002018   0x00002018   0x0000001c   Data   RO          826    locale$$data        c_w.l(lc_numeric_c.o)


    Execution Region RW_IRAM1 (Exec base: 0x20000000, Load base: 0x00002034, Size: 0x000057b0, Max: 0x00020000, ABSOLUTE)

    Exec Addr    Load Addr    Size         Type   Attr      Idx    E Section Name        Object

    0x20000000   0x00002034   0x00000010   Data   RW           10    .data               app.o
    0x20000010   0x00002044   0x00000020   Data   RW          136    .data               main.o
    0x20000030   0x00002064   0x00000004   Data   RW          685    .data               system_armcm4_1.o
    0x20000034        -       0x00004140   Zero   RW            9    .bss                app.o
    0x20004174        -       0x000011dc   Zero   RW          135    .bss                main.o
    0x20005350        -       0x00000060   Zero   RW          834    .bss                c_w.l(libspace.o)
    0x200053b0        -       0x00000400   Zero   RW          673    STACK               startup_armcm4_1.o


==============================================================================

Image component sizes


      Code (inc. data)   RO Data    RW Data    ZI Data      Debug   Object Name

       352         80          0         16      16704      11993   app.o
       772        122          0         32       4572      12156   main.o
        56         10        960          0       1024       1300   startup_armcm4_1.o
       586         20          0          0          0      10871   switch.o
        48         18          0          4          0        915   system_armcm4_1.o
       126          6        256          0          0       3453   tbitmap.o
        96         14          0          0          0      31477   tcpu.o
        54          0          0          0          0       1123   tevent.o
         8          0          0          0          0       2596   thooks.o
       100          0          0          0          0       4618   tlist.o
        90          0          0          0          0       1236   ttask.o
        44          4          0          0          0        641   ttime.o

    ----------------------------------------------------------------------
      2340        274       1248         52      22300      82379   Object Totals
         0          0         32          0          0          0   (incl. Generated)
         8          0          0          0          0          0   (incl. Padding)

    ----------------------------------------------------------------------

      Code (inc. data)   RO Data    RW Data    ZI Data      Debug   Library Member Name

         8          0          0          0          0         68   __main.o
       104          0          0          0          0         84   __printf.o
         0          0          0          0          0          0   __rtentry.o
        12          0          0          0          0          0   __rtentry2.o
         8          4          0          0          0          0   __rtentry5.o
        52          8          0          0          0          0   __scatter.o
        26          0          0          0          0          0   __scatter_copy.o
        28          0          0          0          0          0   __scatter_zi.o
        48          6          0          0          0         96   _printf_char_common.o
         6          0          0          0          0          0   _printf_f.o
      1054          0          0          0          0        216   _printf_fp_dec.o
       128         16          0          0          0         84   _printf_fp_infnan.o
         0          0          0          0          0          0   _printf_percent.o
         4          0          0          0          0          0   _printf_percent_end.o
        10          0          0          0          0         68   _sputc.o
       228          4        148          0          0         96   bigflt0.o
      1936        128          0          0          0        672   btod.o
        18          0          0          0          0         80   exit.o
         6          0          0          0          0        152   heapauxi.o
         0          0          0          0          0          0   indicate_semi.o
        44         10         28          0          0         76   lc_numeric_c.o
         2          0          0          0          0          0   libinit.o
        22          0          0          0          0          0   libinit2.o
         2          0          0          0          0          0   libshutdown.o
         2          0          0          0          0          0   libshutdown2.o
         0          0          0          0         96          0   libspace.o
       138          0          0          0          0         80   lludiv10.o
        40          6          0          0          0         84   noretval__2sprintf.o
         8          4          0          0          0         68   rt_locale_intlibspace.o
        78          0          0          0          0         80   rt_memclr_w.o
         2          0          0          0          0          0   rtexit.o
        10          0          0          0          0          0   rtexit2.o
       128          0          0          0          0         68   strcmpv7m.o
        12          4          0          0          0         68   sys_exit.o
         2          0          0          0          0         68   use_no_semi.o
        12          0          0          0          0        116   dretinf.o
        86          4          0          0          0        132   f2d.o
       140          4          0          0          0        132   fnaninf.o
        10          0          0          0          0        116   fpinit.o
         4          0          0          0          0        116   printf1.o
         0          0          0          0          0          0   usenofp.o
        48          0          0          0          0        124   fpclassify.o

    ----------------------------------------------------------------------
      4480        198        176          0         96       2944   Library Totals
        14          0          0          0          0          0   (incl. Padding)

    ----------------------------------------------------------------------

      Code (inc. data)   RO Data    RW Data    ZI Data      Debug   Library Name

      4166        190        176          0         96       2208   c_w.l
       252          8          0          0          0        612   fz_wm.l
        48          0          0          0          0        124   m_wm.l

    ----------------------------------------------------------------------
      4480        198        176          0         96       2944   Library Totals

    ----------------------------------------------------------------------

==============================================================================


      Code (inc. data)   RO Data    RW Data    ZI Data      Debug   

      6820        472       1424         52      22396      79479   Grand Totals
      6820        472       1424         52      22396      79479   ELF Image Totals
      6820        472       1424         52          0          0   ROM Totals

==============================================================================

    Total RO  Size (Code + RO Data)                 8244 (   8.05kB)
    Total RW  Size (RW Data + ZI Data)             22448 (  21.92kB)
    Total ROM Size (Code + RO Data + RW Data)       8296 (   8.10kB)

==============================================================================

